193.232.113.69 - - [27/Feb/2018:09:55:48 +0300] "GET /favicon.ico HTTP/1.1" 200 51 "-" "Mozilla/5.0 (Windows NT 6.1) AppleWebKit/537.36 (KHTML, like Gecko) Chrome/63.0.3239.132 YaBrowser/18.1.1.839 Yowser/2.5 Safari/537.36"
193.232.113.70 - - [27/Feb/2018:09:55:52 +0300] "POST /pay.php?system=robokassa HTTP/1.1" 200 4877 "http://stat.villanet.ru/main.php?action=payment" "Mozilla/5.0 (iPhone; CPU iPhone OS 11_2_5 like Mac OS X) AppleWebKit/604.1.34 (KHTML, like Gecko) Version/11.0 YaBrowser/18.1.1.1047.10 Mobile/15D60 Safari/604.1"
193.232.113.70 - - [27/Feb/2018:09:55:52 +0300] "GET /favicon.ico HTTP/1.1" 200 51 "-" "Mozilla/5.0 (iPhone; CPU iPhone OS 11_2_5 like Mac OS X) AppleWebKit/604.1.34 (KHTML, like Gecko) Version/11.0 YaBrowser/18.1.1.1047.10 Mobile/15D60 Safari/604.1"
193.232.113.10 - - [27/Feb/2018:09:55:52 +0300] "GET /res/config.xml HTTP/1.1" 200 2494 "https://mikbill.ru" "Mozilla/4.0 (Windows; U; Windows NT 5.0; En; rv:1.8.0.2) Gecko/20070306 Firefox/1.0.0.4"
193.232.113.10 - - [27/Feb/2018:09:55:52 +0300] "GET /ajax/index/getconfightml HTTP/1.1" 200 774 "https://mikbill.ru" "Mozilla/4.0 (Windows; U; Windows NT 5.0; En; rv:1.8.0.2) Gecko/20070306 Firefox/1.0.0.4"
193.232.113.10 - - [27/Feb/2018:09:55:52 +0300] "GET /ajax/users/checkloggedin HTTP/1.1" 302 5 "https://mikbill.ru" "Mozilla/4.0 (Windows; U; Windows NT 5.0; En; rv:1.8.0.2) Gecko/20070306 Firefox/1.0.0.4"
193.232.113.10 - - [27/Feb/2018:09:55:52 +0300] "POST /ajax/index/authip HTTP/1.1" 200 83 "https://mikbill.ru" "Mozilla/4.0 (Windows; U; Windows NT 5.0; En; rv:1.8.0.2) Gecko/20070306 Firefox/1.0.0.4"
193.232.113.10 - - [27/Feb/2018:09:55:53 +0300] "GET /ajax/index/logoutfl HTTP/1.1" 200 20 "https://mikbill.ru" "Mozilla/4.0 (Windows; U; Windows NT 5.0; En; rv:1.8.0.2) Gecko/20070306 Firefox/1.0.0.4"
193.232.113.70 - - [27/Feb/2018:09:55:53 +0300] "GET / HTTP/1.1" 200 7856 "-" "Mozilla/5.0 (iPhone; CPU iPhone OS 11_2_5 like Mac OS X) AppleWebKit/604.1.34 (KHTML, like Gecko) Version/11.0 YaBrowser/18.1.1.1047.10 Mobile/15D60 Safari/604.1"
10.10.14.251 - - [27/Feb/2018:09:56:08 +0300] "GET /favicon.ico HTTP/1.1" 200 51 "-" "Mozilla/5.0 (Windows NT 10.0; WOW64) AppleWebKit/537.36 (KHTML, like Gecko) Chrome/63.0.3239.132 YaBrowser/18.1.1.839 Yowser/2.5 Safari/537.36"
193.232.113.73 - - [27/Feb/2018:09:56:25 +0300] "GET /favicon.ico HTTP/1.1" 200 51 "-" "Mozilla/5.0 (Windows NT 6.3; WOW64) AppleWebKit/537.36 (KHTML, like Gecko) Chrome/63.0.3239.132 YaBrowser/18.1.1.839 Yowser/2.5 Safari/537.36"
193.232.113.69 - - [27/Feb/2018:09:56:45 +0300] "GET /favicon.ico HTTP/1.1" 200 51 "-" "Mozilla/5.0 (Windows NT 6.1) AppleWebKit/537.36 (KHTML, like Gecko) Chrome/63.0.3239.132 YaBrowser/18.1.1.839 Yowser/2.5 Safari/537.36"
193.232.113.10 - - [27/Feb/2018:09:56:53 +0300] "GET /res/config.xml HTTP/1.1" 200 2494 "https://mikbill.ru" "Mozilla/4.0 (Windows; U; Windows NT 5.0; En; rv:1.8.0.2) Gecko/20070306 Firefox/1.0.0.4"
193.232.113.10 - - [27/Feb/2018:09:56:53 +0300] "GET /ajax/index/getconfightml HTTP/1.1" 200 774 "https://mikbill.ru" "Mozilla/4.0 (Windows; U; Windows NT 5.0; En; rv:1.8.0.2) Gecko/20070306 Firefox/1.0.0.4"
193.232.113.10 - - [27/Feb/2018:09:56:53 +0300] "GET /ajax/users/checkloggedin HTTP/1.1" 302 5 "https://mikbill.ru" "Mozilla/4.0 (Windows; U; Windows NT 5.0; En; rv:1.8.0.2) Gecko/20070306 Firefox/1.0.0.4"
193.232.113.10 - - [27/Feb/2018:09:56:53 +0300] "POST /ajax/index/authip HTTP/1.1" 200 83 "https://mikbill.ru" "Mozilla/4.0 (Windows; U; Windows NT 5.0; En; rv:1.8.0.2) Gecko/20070306 Firefox/1.0.0.4"
193.232.113.10 - - [27/Feb/2018:09:56:53 +0300] "GET /ajax/index/logoutfl HTTP/1.1" 200 20 "https://mikbill.ru" "Mozilla/4.0 (Windows; U; Windows NT 5.0; En; rv:1.8.0.2) Gecko/20070306 Firefox/1.0.0.4"
193.232.113.70 - - [27/Feb/2018:09:56:53 +0300] "GET / HTTP/1.1" 200 7856 "-" "Mozilla/5.0 (iPhone; CPU iPhone OS 11_2_5 like Mac OS X) AppleWebKit/604.1.34 (KHTML, like Gecko) Version/11.0 YaBrowser/18.1.1.1047.10 Mobile/15D60 Safari/604.1"
193.232.113.10 - - [27/Feb/2018:09:56:53 +0300] "GET /res/config.xml HTTP/1.1" 200 2494 "https://mikbill.ru" "Mozilla/4.0 (Windows; U; Windows NT 5.0; En; rv:1.8.0.2) Gecko/20070306 Firefox/1.0.0.4"
193.232.113.10 - - [27/Feb/2018:09:56:54 +0300] "GET /ajax/index/getconfightml HTTP/1.1" 200 774 "https://mikbill.ru" "Mozilla/4.0 (Windows; U; Windows NT 5.0; En; rv:1.8.0.2) Gecko/20070306 Firefox/1.0.0.4"
193.232.113.10 - - [27/Feb/2018:09:56:54 +0300] "GET /ajax/users/checkloggedin HTTP/1.1" 302 5 "https://mikbill.ru" "Mozilla/4.0 (Windows; U; Windows NT 5.0; En; rv:1.8.0.2) Gecko/20070306 Firefox/1.0.0.4"
193.232.113.10 - - [27/Feb/2018:09:56:54 +0300] "POST /ajax/index/authip HTTP/1.1" 200 83 "https://mikbill.ru" "Mozilla/4.0 (Windows; U; Windows NT 5.0; En; rv:1.8.0.2) Gecko/20070306 Firefox/1.0.0.4"
193.232.113.10 - - [27/Feb/2018:09:56:54 +0300] "GET /ajax/index/logoutfl HTTP/1.1" 200 20 "https://mikbill.ru" "Mozilla/4.0 (Windows; U; Windows NT 5.0; En; rv:1.8.0.2) Gecko/20070306 Firefox/1.0.0.4"
193.232.113.70 - - [27/Feb/2018:09:56:54 +0300] "GET / HTTP/1.1" 200 7856 "-" "Mozilla/5.0 (iPhone; CPU iPhone OS 11_2_5 like Mac OS X) AppleWebKit/604.1.34 (KHTML, like Gecko) Version/11.0 YaBrowser/18.1.1.1047.10 Mobile/15D60 Safari/604.1"
10.10.14.251 - - [27/Feb/2018:09:57:08 +0300] "GET /favicon.ico HTTP/1.1" 200 51 "-" "Mozilla/5.0 (Windows NT 10.0; WOW64) AppleWebKit/537.36 (KHTML, like Gecko) Chrome/63.0.3239.132 YaBrowser/18.1.1.839 Yowser/2.5 Safari/537.36"
193.232.113.73 - - [27/Feb/2018:09:57:25 +0300] "GET /favicon.ico HTTP/1.1" 200 51 "-" "Mozilla/5.0 (Windows NT 6.3; WOW64) AppleWebKit/537.36 (KHTML, like Gecko) Chrome/63.0.3239.132 YaBrowser/18.1.1.839 Yowser/2.5 Safari/537.36"
193.232.113.69 - - [27/Feb/2018:09:57:45 +0300] "GET /favicon.ico HTTP/1.1" 200 51 "-" "Mozilla/5.0 (Windows NT 6.1) AppleWebKit/537.36 (KHTML, like Gecko) Chrome/63.0.3239.132 YaBrowser/18.1.1.839 Yowser/2.5 Safari/537.36"
10.10.14.251 - - [27/Feb/2018:09:58:08 +0300] "GET /favicon.ico HTTP/1.1" 200 51 "-" "Mozilla/5.0 (Windows NT 10.0; WOW64) AppleWebKit/537.36 (KHTML, like Gecko) Chrome/63.0.3239.132 YaBrowser/18.1.1.839 Yowser/2.5 Safari/537.36"
193.232.113.73 - - [27/Feb/2018:09:58:25 +0300] "GET /favicon.ico HTTP/1.1" 200 51 "-" "Mozilla/5.0 (Windows NT 6.3; WOW64) AppleWebKit/537.36 (KHTML, like Gecko) Chrome/63.0.3239.132 YaBrowser/18.1.1.839 Yowser/2.5 Safari/537.36"
193.232.113.69 - - [27/Feb/2018:09:58:46 +0300] "GET /favicon.ico HTTP/1.1" 200 51 "-" "Mozilla/5.0 (Windows NT 6.1) AppleWebKit/537.36 (KHTML, like Gecko) Chrome/63.0.3239.132 YaBrowser/18.1.1.839 Yowser/2.5 Safari/537.36"
10.10.14.251 - - [27/Feb/2018:09:59:08 +0300] "GET /favicon.ico HTTP/1.1" 200 51 "-" "Mozilla/5.0 (Windows NT 10.0; WOW64) AppleWebKit/537.36 (KHTML, like Gecko) Chrome/63.0.3239.132 YaBrowser/18.1.1.839 Yowser/2.5 Safari/537.36"
193.232.113.73 - - [27/Feb/2018:09:59:25 +0300] "GET /favicon.ico HTTP/1.1" 200 51 "-" "Mozilla/5.0 (Windows NT 6.3; WOW64) AppleWebKit/537.36 (KHTML, like Gecko) Chrome/63.0.3239.132 YaBrowser/18.1.1.839 Yowser/2.5 Safari/537.36"
193.232.113.73 - - [27/Feb/2018:09:59:25 +0300] "GET /favicon.ico HTTP/1.1" 200 51 "-" "Mozilla/5.0 (Windows NT 6.3; WOW64) AppleWebKit/537.36 (KHTML, like Gecko) Chrome/63.0.3239.132 YaBrowser/18.1.1.839 Yowser/2.5 Safari/537.36"
193.232.113.73 - - [27/Feb/2018:09:59:25 +0300] "GET /favicon.ico HTTP/1.1" 200 51 "-" "Mozilla/5.0 (Windows NT 6.3; WOW64) AppleWebKit/537.36 (KHTML, like Gecko) Chrome/63.0.3239.132 YaBrowser/18.1.1.839 Yowser/2.5 Safari/537.36"
193.232.113.69 - - [27/Feb/2018:09:59:43 +0300] "GET /favicon.ico HTTP/1.1" 200 51 "-" "Mozilla/5.0 (Windows NT 6.1) AppleWebKit/537.36 (KHTML, like Gecko) Chrome/63.0.3239.132 YaBrowser/18.1.1.839 Yowser/2.5 Safari/537.36"
10.10.14.251 - - [27/Feb/2018:10:00:08 +0300] "GET /favicon.ico HTTP/1.1" 200 51 "-" "Mozilla/5.0 (Windows NT 10.0; WOW64) AppleWebKit/537.36 (KHTML, like Gecko) Chrome/63.0.3239.132 YaBrowser/18.1.1.839 Yowser/2.5 Safari/537.36"
193.232.113.73 - - [27/Feb/2018:10:00:25 +0300] "GET /favicon.ico HTTP/1.1" 200 51 "-" "Mozilla/5.0 (Windows NT 6.3; WOW64) AppleWebKit/537.36 (KHTML, like Gecko) Chrome/63.0.3239.132 YaBrowser/18.1.1.839 Yowser/2.5 Safari/537.36"
193.232.113.69 - - [27/Feb/2018:10:00:43 +0300] "GET /favicon.ico HTTP/1.1" 200 51 "-" "Mozilla/5.0 (Windows NT 6.1) AppleWebKit/537.36 (KHTML, like Gecko) Chrome/63.0.3239.132 YaBrowser/18.1.1.839 Yowser/2.5 Safari/537.36"
10.10.14.251 - - [27/Feb/2018:10:01:08 +0300] "GET /favicon.ico HTTP/1.1" 200 51 "-" "Mozilla/5.0 (Windows NT 10.0; WOW64) AppleWebKit/537.36 (KHTML, like Gecko) Chrome/63.0.3239.132 YaBrowser/18.1.1.839 Yowser/2.5 Safari/537.36"
193.232.113.73 - - [27/Feb/2018:10:01:25 +0300] "GET /favicon.ico HTTP/1.1" 200 51 "-" "Mozilla/5.0 (Windows NT 6.3; WOW64) AppleWebKit/537.36 (KHTML, like Gecko) Chrome/63.0.3239.132 YaBrowser/18.1.1.839 Yowser/2.5 Safari/537.36"
193.232.113.69 - - [27/Feb/2018:10:01:46 +0300] "GET /favicon.ico HTTP/1.1" 200 51 "-" "Mozilla/5.0 (Windows NT 6.1) AppleWebKit/537.36 (KHTML, like Gecko) Chrome/63.0.3239.132 YaBrowser/18.1.1.839 Yowser/2.5 Safari/537.36"
10.10.14.251 - - [27/Feb/2018:10:02:08 +0300] "GET /favicon.ico HTTP/1.1" 200 51 "-" "Mozilla/5.0 (Windows NT 10.0; WOW64) AppleWebKit/537.36 (KHTML, like Gecko) Chrome/63.0.3239.132 YaBrowser/18.1.1.839 Yowser/2.5 Safari/537.36"
193.232.113.73 - - [27/Feb/2018:10:02:25 +0300] "GET /favicon.ico HTTP/1.1" 200 51 "-" "Mozilla/5.0 (Windows NT 6.3; WOW64) AppleWebKit/537.36 (KHTML, like Gecko) Chrome/63.0.3239.132 YaBrowser/18.1.1.839 Yowser/2.5 Safari/537.36"
193.232.113.69 - - [27/Feb/2018:10:02:46 +0300] "GET /favicon.ico HTTP/1.1" 200 51 "-" "Mozilla/5.0 (Windows NT 6.1) AppleWebKit/537.36 (KHTML, like Gecko) Chrome/63.0.3239.132 YaBrowser/18.1.1.839 Yowser/2.5 Safari/537.36"
10.10.14.251 - - [27/Feb/2018:10:03:08 +0300] "GET /favicon.ico HTTP/1.1" 200 51 "-" "Mozilla/5.0 (Windows NT 10.0; WOW64) AppleWebKit/537.36 (KHTML, like Gecko) Chrome/63.0.3239.132 YaBrowser/18.1.1.839 Yowser/2.5 Safari/537.36"
193.232.113.73 - - [27/Feb/2018:10:03:25 +0300] "GET /favicon.ico HTTP/1.1" 200 51 "-" "Mozilla/5.0 (Windows NT 6.3; WOW64) AppleWebKit/537.36 (KHTML, like Gecko) Chrome/63.0.3239.132 YaBrowser/18.1.1.839 Yowser/2.5 Safari/537.36"
10.10.14.251 - - [27/Feb/2018:10:04:08 +0300] "GET /favicon.ico HTTP/1.1" 200 51 "-" "Mozilla/5.0 (Windows NT 10.0; WOW64) AppleWebKit/537.36 (KHTML, like Gecko) Chrome/63.0.3239.132 YaBrowser/18.1.1.839 Yowser/2.5 Safari/537.36"
193.232.113.73 - - [27/Feb/2018:10:04:25 +0300] "GET /favicon.ico HTTP/1.1" 200 51 "-" "Mozilla/5.0 (Windows NT 6.3; WOW64) AppleWebKit/537.36 (KHTML, like Gecko) Chrome/63.0.3239.132 YaBrowser/18.1.1.839 Yowser/2.5 Safari/537.36"
10.10.14.251 - - [27/Feb/2018:10:05:08 +0300] "GET /favicon.ico HTTP/1.1" 200 51 "-" "Mozilla/5.0 (Windows NT 10.0; WOW64) AppleWebKit/537.36 (KHTML, like Gecko) Chrome/63.0.3239.132 YaBrowser/18.1.1.839 Yowser/2.5 Safari/537.36"
193.232.113.73 - - [27/Feb/2018:10:05:25 +0300] "GET /favicon.ico HTTP/1.1" 200 51 "-" "Mozilla/5.0 (Windows NT 6.3; WOW64) AppleWebKit/537.36 (KHTML, like Gecko) Chrome/63.0.3239.132 YaBrowser/18.1.1.839 Yowser/2.5 Safari/537.36"
213.59.239.246 - - [27/Feb/2018:10:06:07 +0300] "GET /favicon.ico HTTP/1.1" 200 51 "http://stat.villanet.ru/" "Mozilla/5.0 (Linux; Android 5.1.1; SM-E500H Build/LMY47X) AppleWebKit/537.36 (KHTML, like Gecko) Chrome/62.0.3202.84 Mobile Safari/537.36"
10.10.14.251 - - [27/Feb/2018:10:06:08 +0300] "GET /favicon.ico HTTP/1.1" 200 51 "-" "Mozilla/5.0 (Windows NT 10.0; WOW64) AppleWebKit/537.36 (KHTML, like Gecko) Chrome/63.0.3239.132 YaBrowser/18.1.1.839 Yowser/2.5 Safari/537.36"
193.232.113.73 - - [27/Feb/2018:10:06:25 +0300] "GET /favicon.ico HTTP/1.1" 200 51 "-" "Mozilla/5.0 (Windows NT 6.3; WOW64) AppleWebKit/537.36 (KHTML, like Gecko) Chrome/63.0.3239.132 YaBrowser/18.1.1.839 Yowser/2.5 Safari/537.36"
10.10.14.251 - - [27/Feb/2018:10:07:08 +0300] "GET /favicon.ico HTTP/1.1" 200 51 "-" "Mozilla/5.0 (Windows NT 10.0; WOW64) AppleWebKit/537.36 (KHTML, like Gecko) Chrome/63.0.3239.132 YaBrowser/18.1.1.839 Yowser/2.5 Safari/537.36"
193.232.113.73 - - [27/Feb/2018:10:07:25 +0300] "GET /favicon.ico HTTP/1.1" 200 51 "-" "Mozilla/5.0 (Windows NT 6.3; WOW64) AppleWebKit/537.36 (KHTML, like Gecko) Chrome/63.0.3239.132 YaBrowser/18.1.1.839 Yowser/2.5 Safari/537.36"
10.10.14.251 - - [27/Feb/2018:10:08:08 +0300] "GET /favicon.ico HTTP/1.1" 200 51 "-" "Mozilla/5.0 (Windows NT 10.0; WOW64) AppleWebKit/537.36 (KHTML, like Gecko) Chrome/63.0.3239.132 YaBrowser/18.1.1.839 Yowser/2.5 Safari/537.36"
193.232.113.10 - - [27/Feb/2018:10:08:18 +0300] "GET /res/config.xml HTTP/1.1" 200 2494 "https://mikbill.ru" "Mozilla/4.0 (Windows; U; Windows NT 5.0; En; rv:1.8.0.2) Gecko/20070306 Firefox/1.0.0.4"
193.232.113.10 - - [27/Feb/2018:10:08:18 +0300] "GET /ajax/index/getconfightml HTTP/1.1" 200 774 "https://mikbill.ru" "Mozilla/4.0 (Windows; U; Windows NT 5.0; En; rv:1.8.0.2) Gecko/20070306 Firefox/1.0.0.4"
193.232.113.10 - - [27/Feb/2018:10:08:18 +0300] "GET /ajax/users/checkloggedin HTTP/1.1" 302 5 "https://mikbill.ru" "Mozilla/4.0 (Windows; U; Windows NT 5.0; En; rv:1.8.0.2) Gecko/20070306 Firefox/1.0.0.4"
193.232.113.10 - - [27/Feb/2018:10:08:19 +0300] "POST /ajax/index/authip HTTP/1.1" 200 83 "https://mikbill.ru" "Mozilla/4.0 (Windows; U; Windows NT 5.0; En; rv:1.8.0.2) Gecko/20070306 Firefox/1.0.0.4"
193.232.113.10 - - [27/Feb/2018:10:08:19 +0300] "GET /ajax/index/logoutfl HTTP/1.1" 200 20 "https://mikbill.ru" "Mozilla/4.0 (Windows; U; Windows NT 5.0; En; rv:1.8.0.2) Gecko/20070306 Firefox/1.0.0.4"
83.220.238.171 - - [27/Feb/2018:10:08:19 +0300] "GET / HTTP/1.1" 200 7856 "https://yandex.ru/" "Mozilla/5.0 (iPhone; CPU iPhone OS 8_3 like Mac OS X) AppleWebKit/600.1.4 (KHTML, like Gecko) Version/8.0 Mobile/12F70 Safari/600.1.4"
83.220.238.171 - - [27/Feb/2018:10:08:19 +0300] "GET /data/template/olson/css/jquery-ui.css HTTP/1.1" 200 23467 "http://stat.villanet.ru/" "Mozilla/5.0 (iPhone; CPU iPhone OS 8_3 like Mac OS X) AppleWebKit/600.1.4 (KHTML, like Gecko) Version/8.0 Mobile/12F70 Safari/600.1.4"
83.220.238.171 - - [27/Feb/2018:10:08:19 +0300] "GET /data/template/olson/css/style.css HTTP/1.1" 200 19154 "http://stat.villanet.ru/" "Mozilla/5.0 (iPhone; CPU iPhone OS 8_3 like Mac OS X) AppleWebKit/600.1.4 (KHTML, like Gecko) Version/8.0 Mobile/12F70 Safari/600.1.4"
83.220.238.171 - - [27/Feb/2018:10:08:19 +0300] "GET /data/template/olson/css/font-awesome.min.css HTTP/1.1" 200 26927 "http://stat.villanet.ru/" "Mozilla/5.0 (iPhone; CPU iPhone OS 8_3 like Mac OS X) AppleWebKit/600.1.4 (KHTML, like Gecko) Version/8.0 Mobile/12F70 Safari/600.1.4"
83.220.238.171 - - [27/Feb/2018:10:08:19 +0300] "GET /data/template/olson/css/prettyPhoto.css HTTP/1.1" 200 22489 "http://stat.villanet.ru/" "Mozilla/5.0 (iPhone; CPU iPhone OS 8_3 like Mac OS X) AppleWebKit/600.1.4 (KHTML, like Gecko) Version/8.0 Mobile/12F70 Safari/600.1.4"
83.220.238.171 - - [27/Feb/2018:10:08:19 +0300] "GET /data/template/olson/js/jquery.cleditor.min.js HTTP/1.1" 200 16578 "http://stat.villanet.ru/" "Mozilla/5.0 (iPhone; CPU iPhone OS 8_3 like Mac OS X) AppleWebKit/600.1.4 (KHTML, like Gecko) Version/8.0 Mobile/12F70 Safari/600.1.4"
83.220.238.171 - - [27/Feb/2018:10:08:19 +0300] "GET /data/template/olson/css/animate.min.css HTTP/1.1" 200 68322 "http://stat.villanet.ru/" "Mozilla/5.0 (iPhone; CPU iPhone OS 8_3 like Mac OS X) AppleWebKit/600.1.4 (KHTML, like Gecko) Version/8.0 Mobile/12F70 Safari/600.1.4"
83.220.238.171 - - [27/Feb/2018:10:08:19 +0300] "GET /data/template/olson/css/bootstrap.min.css HTTP/1.1" 200 124591 "http://stat.villanet.ru/" "Mozilla/5.0 (iPhone; CPU iPhone OS 8_3 like Mac OS X) AppleWebKit/600.1.4 (KHTML, like Gecko) Version/8.0 Mobile/12F70 Safari/600.1.4"
83.220.238.171 - - [27/Feb/2018:10:08:19 +0300] "GET /data/template/olson/js/fullcalendar.min.js HTTP/1.1" 200 80104 "http://stat.villanet.ru/" "Mozilla/5.0 (iPhone; CPU iPhone OS 8_3 like Mac OS X) AppleWebKit/600.1.4 (KHTML, like Gecko) Version/8.0 Mobile/12F70 Safari/600.1.4"
83.220.238.171 - - [27/Feb/2018:10:08:19 +0300] "GET /data/template/olson/js/bootstrap-datetimepicker.min.js HTTP/1.1" 200 40773 "http://stat.villanet.ru/" "Mozilla/5.0 (iPhone; CPU iPhone OS 8_3 like Mac OS X) AppleWebKit/600.1.4 (KHTML, like Gecko) Version/8.0 Mobile/12F70 Safari/600.1.4"
83.220.238.171 - - [27/Feb/2018:10:08:19 +0300] "GET /data/template/olson/js/jquery.js HTTP/1.1" 200 142675 "http://stat.villanet.ru/" "Mozilla/5.0 (iPhone; CPU iPhone OS 8_3 like Mac OS X) AppleWebKit/600.1.4 (KHTML, like Gecko) Version/8.0 Mobile/12F70 Safari/600.1.4"
83.220.238.171 - - [27/Feb/2018:10:08:19 +0300] "GET /data/template/olson/js/bootstrap.min.js HTTP/1.1" 200 36193 "http://stat.villanet.ru/" "Mozilla/5.0 (iPhone; CPU iPhone OS 8_3 like Mac OS X) AppleWebKit/600.1.4 (KHTML, like Gecko) Version/8.0 Mobile/12F70 Safari/600.1.4"
83.220.238.171 - - [27/Feb/2018:10:08:19 +0300] "GET /data/template/olson/js/jquery.prettyPhoto.js HTTP/1.1" 200 33209 "http://stat.villanet.ru/" "Mozilla/5.0 (iPhone; CPU iPhone OS 8_3 like Mac OS X) AppleWebKit/600.1.4 (KHTML, like Gecko) Version/8.0 Mobile/12F70 Safari/600.1.4"
83.220.238.171 - - [27/Feb/2018:10:08:19 +0300] "GET /data/template/olson/js/jquery.flot.js HTTP/1.1" 200 59598 "http://stat.villanet.ru/" "Mozilla/5.0 (iPhone; CPU iPhone OS 8_3 like Mac OS X) AppleWebKit/600.1.4 (KHTML, like Gecko) Version/8.0 Mobile/12F70 Safari/600.1.4"
83.220.238.171 - - [27/Feb/2018:10:08:19 +0300] "GET /data/template/olson/img/footer-back.png HTTP/1.1" 200 16522 "http://stat.villanet.ru/" "Mozilla/5.0 (iPhone; CPU iPhone OS 8_3 like Mac OS X) AppleWebKit/600.1.4 (KHTML, like Gecko) Version/8.0 Mobile/12F70 Safari/600.1.4"
83.220.238.171 - - [27/Feb/2018:10:08:19 +0300] "GET /data/template/olson/js/jquery-ui-1.10.2.custom.min.js HTTP/1.1" 200 93560 "http://stat.villanet.ru/" "Mozilla/5.0 (iPhone; CPU iPhone OS 8_3 like Mac OS X) AppleWebKit/600.1.4 (KHTML, like Gecko) Version/8.0 Mobile/12F70 Safari/600.1.4"
83.220.238.171 - - [27/Feb/2018:10:08:19 +0300] "GET /data/template/olson/font/open-sans-condensed.woff HTTP/1.1" 200 42824 "http://stat.villanet.ru/" "Mozilla/5.0 (iPhone; CPU iPhone OS 8_3 like Mac OS X) AppleWebKit/600.1.4 (KHTML, like Gecko) Version/8.0 Mobile/12F70 Safari/600.1.4"
83.220.238.171 - - [27/Feb/2018:10:08:19 +0300] "GET /data/template/olson/font/fontawesome-webfontf77b.woff?v=3.2.1 HTTP/1.1" 200 43572 "http://stat.villanet.ru/" "Mozilla/5.0 (iPhone; CPU iPhone OS 8_3 like Mac OS X) AppleWebKit/600.1.4 (KHTML, like Gecko) Version/8.0 Mobile/12F70 Safari/600.1.4"
193.232.113.73 - - [27/Feb/2018:10:08:25 +0300] "GET /favicon.ico HTTP/1.1" 200 51 "-" "Mozilla/5.0 (Windows NT 6.3; WOW64) AppleWebKit/537.36 (KHTML, like Gecko) Chrome/63.0.3239.132 YaBrowser/18.1.1.839 Yowser/2.5 Safari/537.36"
193.232.113.10 - - [27/Feb/2018:10:08:31 +0300] "GET /res/config.xml HTTP/1.1" 200 2494 "https://mikbill.ru" "Mozilla/4.0 (Windows; U; Windows NT 5.0; En; rv:1.8.0.2) Gecko/20070306 Firefox/1.0.0.4"
193.232.113.10 - - [27/Feb/2018:10:08:31 +0300] "GET /ajax/index/getconfightml HTTP/1.1" 200 774 "https://mikbill.ru" "Mozilla/4.0 (Windows; U; Windows NT 5.0; En; rv:1.8.0.2) Gecko/20070306 Firefox/1.0.0.4"
193.232.113.10 - - [27/Feb/2018:10:08:31 +0300] "GET /ajax/users/checkloggedin HTTP/1.1" 302 5 "https://mikbill.ru" "Mozilla/4.0 (Windows; U; Windows NT 5.0; En; rv:1.8.0.2) Gecko/20070306 Firefox/1.0.0.4"
193.232.113.10 - - [27/Feb/2018:10:08:31 +0300] "POST /ajax/index/authip HTTP/1.1" 200 83 "https://mikbill.ru" "Mozilla/4.0 (Windows; U; Windows NT 5.0; En; rv:1.8.0.2) Gecko/20070306 Firefox/1.0.0.4"
193.232.113.10 - - [27/Feb/2018:10:08:31 +0300] "POST /ajax/index/authfl HTTP/1.1" 200 87 "https://mikbill.ru" "Mozilla/4.0 (Windows; U; Windows NT 5.0; En; rv:1.8.0.2) Gecko/20070306 Firefox/1.0.0.4"
193.232.113.10 - - [27/Feb/2018:10:08:32 +0300] "POST /ajax/users/checkchangemac HTTP/1.1" 200 62 "https://mikbill.ru" "Mozilla/4.0 (Windows; U; Windows NT 5.0; En; rv:1.8.0.2) Gecko/20070306 Firefox/1.0.0.4"
193.232.113.10 - - [27/Feb/2018:10:08:32 +0300] "GET /ajax/users/getuserdatafl HTTP/1.1" 200 4050 "https://mikbill.ru" "Mozilla/4.0 (Windows; U; Windows NT 5.0; En; rv:1.8.0.2) Gecko/20070306 Firefox/1.0.0.4"
193.232.113.10 - - [27/Feb/2018:10:08:32 +0300] "GET /ajax/index/getserverdate HTTP/1.1" 200 57 "https://mikbill.ru" "Mozilla/4.0 (Windows; U; Windows NT 5.0; En; rv:1.8.0.2) Gecko/20070306 Firefox/1.0.0.4"
193.232.113.10 - - [27/Feb/2018:10:08:32 +0300] "GET /ajax/users/getcabinetnewsdb HTTP/1.1" 200 67 "https://mikbill.ru" "Mozilla/4.0 (Windows; U; Windows NT 5.0; En; rv:1.8.0.2) Gecko/20070306 Firefox/1.0.0.4"
193.232.113.10 - - [27/Feb/2018:10:08:32 +0300] "POST /json/users/getallpersonalservicesuser HTTP/1.1" 200 508 "https://mikbill.ru" "Mozilla/4.0 (Windows; U; Windows NT 5.0; En; rv:1.8.0.2) Gecko/20070306 Firefox/1.0.0.4"
193.232.113.10 - - [27/Feb/2018:10:08:32 +0300] "POST /ajax/ticketview/getticketslist2x HTTP/1.1" 200 82 "https://mikbill.ru" "Mozilla/4.0 (Windows; U; Windows NT 5.0; En; rv:1.8.0.2) Gecko/20070306 Firefox/1.0.0.4"
83.220.238.171 - - [27/Feb/2018:10:08:32 +0300] "POST /main.php HTTP/1.1" 200 16309 "http://stat.villanet.ru/" "Mozilla/5.0 (iPhone; CPU iPhone OS 8_3 like Mac OS X) AppleWebKit/600.1.4 (KHTML, like Gecko) Version/8.0 Mobile/12F70 Safari/600.1.4"
180.76.15.139 - - [27/Feb/2018:10:08:39 +0300] "GET /data/template/olson/js/jquery.flot.resize.js HTTP/1.1" 200 2561 "-" "Mozilla/5.0 (compatible; Baiduspider/2.0; +http://www.baidu.com/search/spider.html)"
193.232.113.10 - - [27/Feb/2018:10:08:51 +0300] "GET /res/config.xml HTTP/1.1" 200 2494 "https://mikbill.ru" "Mozilla/4.0 (Windows; U; Windows NT 5.0; En; rv:1.8.0.2) Gecko/20070306 Firefox/1.0.0.4"
193.232.113.10 - - [27/Feb/2018:10:08:51 +0300] "GET /ajax/index/getconfightml HTTP/1.1" 200 774 "https://mikbill.ru" "Mozilla/4.0 (Windows; U; Windows NT 5.0; En; rv:1.8.0.2) Gecko/20070306 Firefox/1.0.0.4"
193.232.113.10 - - [27/Feb/2018:10:08:51 +0300] "GET /ajax/users/checkloggedin HTTP/1.1" 200 37 "https://mikbill.ru" "Mozilla/4.0 (Windows; U; Windows NT 5.0; En; rv:1.8.0.2) Gecko/20070306 Firefox/1.0.0.4"
193.232.113.10 - - [27/Feb/2018:10:08:52 +0300] "GET /ajax/users/getuserdatafl HTTP/1.1" 200 4050 "https://mikbill.ru" "Mozilla/4.0 (Windows; U; Windows NT 5.0; En; rv:1.8.0.2) Gecko/20070306 Firefox/1.0.0.4"
193.232.113.10 - - [27/Feb/2018:10:08:52 +0300] "GET /ajax/index/getserverdate HTTP/1.1" 200 57 "https://mikbill.ru" "Mozilla/4.0 (Windows; U; Windows NT 5.0; En; rv:1.8.0.2) Gecko/20070306 Firefox/1.0.0.4"
193.232.113.10 - - [27/Feb/2018:10:08:52 +0300] "POST /json/users/getallpersonalservicesuser HTTP/1.1" 200 508 "https://mikbill.ru" "Mozilla/4.0 (Windows; U; Windows NT 5.0; En; rv:1.8.0.2) Gecko/20070306 Firefox/1.0.0.4"
193.232.113.10 - - [27/Feb/2018:10:08:52 +0300] "POST /ajax/ticketview/getticketslist2x HTTP/1.1" 200 82 "https://mikbill.ru" "Mozilla/4.0 (Windows; U; Windows NT 5.0; En; rv:1.8.0.2) Gecko/20070306 Firefox/1.0.0.4"
83.220.238.171 - - [27/Feb/2018:10:08:52 +0300] "GET /main.php?action=payment HTTP/1.1" 200 31829 "http://stat.villanet.ru/main.php" "Mozilla/5.0 (iPhone; CPU iPhone OS 8_3 like Mac OS X) AppleWebKit/600.1.4 (KHTML, like Gecko) Version/8.0 Mobile/12F70 Safari/600.1.4"
83.220.238.171 - - [27/Feb/2018:10:08:52 +0300] "GET /data/template/olson/js/jquery.autotab.js HTTP/1.1" 200 28309 "http://stat.villanet.ru/main.php?action=payment" "Mozilla/5.0 (iPhone; CPU iPhone OS 8_3 like Mac OS X) AppleWebKit/600.1.4 (KHTML, like Gecko) Version/8.0 Mobile/12F70 Safari/600.1.4"
83.220.238.171 - - [27/Feb/2018:10:08:52 +0300] "GET /data/template/olson/js/jquery.bootstrap-touchspin.js HTTP/1.1" 200 24276 "http://stat.villanet.ru/main.php?action=payment" "Mozilla/5.0 (iPhone; CPU iPhone OS 8_3 like Mac OS X) AppleWebKit/600.1.4 (KHTML, like Gecko) Version/8.0 Mobile/12F70 Safari/600.1.4"
10.10.14.251 - - [27/Feb/2018:10:09:08 +0300] "GET /favicon.ico HTTP/1.1" 200 51 "-" "Mozilla/5.0 (Windows NT 10.0; WOW64) AppleWebKit/537.36 (KHTML, like Gecko) Chrome/63.0.3239.132 YaBrowser/18.1.1.839 Yowser/2.5 Safari/537.36"
193.232.113.73 - - [27/Feb/2018:10:09:25 +0300] "GET /favicon.ico HTTP/1.1" 200 51 "-" "Mozilla/5.0 (Windows NT 6.3; WOW64) AppleWebKit/537.36 (KHTML, like Gecko) Chrome/63.0.3239.132 YaBrowser/18.1.1.839 Yowser/2.5 Safari/537.36"
10.10.14.251 - - [27/Feb/2018:10:10:08 +0300] "GET /favicon.ico HTTP/1.1" 200 51 "-" "Mozilla/5.0 (Windows NT 10.0; WOW64) AppleWebKit/537.36 (KHTML, like Gecko) Chrome/63.0.3239.132 YaBrowser/18.1.1.839 Yowser/2.5 Safari/537.36"
193.232.113.10 - - [27/Feb/2018:10:10:18 +0300] "GET /res/config.xml HTTP/1.1" 200 2494 "https://mikbill.ru" "Mozilla/4.0 (Windows; U; Windows NT 5.0; En; rv:1.8.0.2) Gecko/20070306 Firefox/1.0.0.4"
193.232.113.10 - - [27/Feb/2018:10:10:18 +0300] "GET /ajax/index/getconfightml HTTP/1.1" 200 774 "https://mikbill.ru" "Mozilla/4.0 (Windows; U; Windows NT 5.0; En; rv:1.8.0.2) Gecko/20070306 Firefox/1.0.0.4"
193.232.113.10 - - [27/Feb/2018:10:10:18 +0300] "GET /ajax/users/checkloggedin HTTP/1.1" 302 5 "https://mikbill.ru" "Mozilla/4.0 (Windows; U; Windows NT 5.0; En; rv:1.8.0.2) Gecko/20070306 Firefox/1.0.0.4"
193.232.113.10 - - [27/Feb/2018:10:10:18 +0300] "POST /ajax/index/authip HTTP/1.1" 200 83 "https://mikbill.ru" "Mozilla/4.0 (Windows; U; Windows NT 5.0; En; rv:1.8.0.2) Gecko/20070306 Firefox/1.0.0.4"
193.232.113.10 - - [27/Feb/2018:10:10:19 +0300] "GET /ajax/index/logoutfl HTTP/1.1" 200 20 "https://mikbill.ru" "Mozilla/4.0 (Windows; U; Windows NT 5.0; En; rv:1.8.0.2) Gecko/20070306 Firefox/1.0.0.4"
193.232.113.68 - - [27/Feb/2018:10:10:19 +0300] "GET / HTTP/1.1" 200 7856 "http://villanet.ru/" "Mozilla/5.0 (Windows NT 6.3; Win64; x64) AppleWebKit/537.36 (KHTML, like Gecko) Chrome/63.0.3239.132 Safari/537.36"
193.232.113.68 - - [27/Feb/2018:10:10:19 +0300] "GET /data/template/olson/css/bootstrap.min.css HTTP/1.1" 304 0 "http://stat.villanet.ru/" "Mozilla/5.0 (Windows NT 6.3; Win64; x64) AppleWebKit/537.36 (KHTML, like Gecko) Chrome/63.0.3239.132 Safari/537.36"
193.232.113.68 - - [27/Feb/2018:10:10:19 +0300] "GET /data/template/olson/css/bootstrap-switch.css HTTP/1.1" 304 0 "http://stat.villanet.ru/" "Mozilla/5.0 (Windows NT 6.3; Win64; x64) AppleWebKit/537.36 (KHTML, like Gecko) Chrome/63.0.3239.132 Safari/537.36"
193.232.113.68 - - [27/Feb/2018:10:10:19 +0300] "GET /data/template/olson/css/animate.min.css HTTP/1.1" 304 0 "http://stat.villanet.ru/" "Mozilla/5.0 (Windows NT 6.3; Win64; x64) AppleWebKit/537.36 (KHTML, like Gecko) Chrome/63.0.3239.132 Safari/537.36"
193.232.113.68 - - [27/Feb/2018:10:10:19 +0300] "GET /data/template/olson/css/fullcalendar.css HTTP/1.1" 304 0 "http://stat.villanet.ru/" "Mozilla/5.0 (Windows NT 6.3; Win64; x64) AppleWebKit/537.36 (KHTML, like Gecko) Chrome/63.0.3239.132 Safari/537.36"
193.232.113.68 - - [27/Feb/2018:10:10:19 +0300] "GET /data/template/olson/css/bootstrap-datetimepicker.min.css HTTP/1.1" 304 0 "http://stat.villanet.ru/" "Mozilla/5.0 (Windows NT 6.3; Win64; x64) AppleWebKit/537.36 (KHTML, like Gecko) Chrome/63.0.3239.132 Safari/537.36"
193.232.113.68 - - [27/Feb/2018:10:10:19 +0300] "GET /data/template/olson/css/jquery.gritter.css HTTP/1.1" 304 0 "http://stat.villanet.ru/" "Mozilla/5.0 (Windows NT 6.3; Win64; x64) AppleWebKit/537.36 (KHTML, like Gecko) Chrome/63.0.3239.132 Safari/537.36"
193.232.113.68 - - [27/Feb/2018:10:10:19 +0300] "GET /data/template/olson/css/font-awesome.min.css HTTP/1.1" 304 0 "http://stat.villanet.ru/" "Mozilla/5.0 (Windows NT 6.3; Win64; x64) AppleWebKit/537.36 (KHTML, like Gecko) Chrome/63.0.3239.132 Safari/537.36"
193.232.113.68 - - [27/Feb/2018:10:10:19 +0300] "GET /data/template/olson/css/rateit.css HTTP/1.1" 304 0 "http://stat.villanet.ru/" "Mozilla/5.0 (Windows NT 6.3; Win64; x64) AppleWebKit/537.36 (KHTML, like Gecko) Chrome/63.0.3239.132 Safari/537.36"
193.232.113.68 - - [27/Feb/2018:10:10:19 +0300] "GET /data/template/olson/css/jquery.cleditor.css HTTP/1.1" 304 0 "http://stat.villanet.ru/" "Mozilla/5.0 (Windows NT 6.3; Win64; x64) AppleWebKit/537.36 (KHTML, like Gecko) Chrome/63.0.3239.132 Safari/537.36"
193.232.113.68 - - [27/Feb/2018:10:10:19 +0300] "GET /data/template/olson/css/jquery-ui.css HTTP/1.1" 304 0 "http://stat.villanet.ru/" "Mozilla/5.0 (Windows NT 6.3; Win64; x64) AppleWebKit/537.36 (KHTML, like Gecko) Chrome/63.0.3239.132 Safari/537.36"
193.232.113.68 - - [27/Feb/2018:10:10:19 +0300] "GET /data/template/olson/css/prettyPhoto.css HTTP/1.1" 304 0 "http://stat.villanet.ru/" "Mozilla/5.0 (Windows NT 6.3; Win64; x64) AppleWebKit/537.36 (KHTML, like Gecko) Chrome/63.0.3239.132 Safari/537.36"
193.232.113.68 - - [27/Feb/2018:10:10:19 +0300] "GET /data/template/olson/css/style.css HTTP/1.1" 304 0 "http://stat.villanet.ru/" "Mozilla/5.0 (Windows NT 6.3; Win64; x64) AppleWebKit/537.36 (KHTML, like Gecko) Chrome/63.0.3239.132 Safari/537.36"
193.232.113.68 - - [27/Feb/2018:10:10:19 +0300] "GET /data/template/olson/js/jquery.js HTTP/1.1" 304 0 "http://stat.villanet.ru/" "Mozilla/5.0 (Windows NT 6.3; Win64; x64) AppleWebKit/537.36 (KHTML, like Gecko) Chrome/63.0.3239.132 Safari/537.36"
193.232.113.68 - - [27/Feb/2018:10:10:19 +0300] "GET /data/template/olson/js/bootstrap.min.js HTTP/1.1" 304 0 "http://stat.villanet.ru/" "Mozilla/5.0 (Windows NT 6.3; Win64; x64) AppleWebKit/537.36 (KHTML, like Gecko) Chrome/63.0.3239.132 Safari/537.36"
193.232.113.68 - - [27/Feb/2018:10:10:19 +0300] "GET /data/template/olson/js/jquery-ui-1.10.2.custom.min.js HTTP/1.1" 304 0 "http://stat.villanet.ru/" "Mozilla/5.0 (Windows NT 6.3; Win64; x64) AppleWebKit/537.36 (KHTML, like Gecko) Chrome/63.0.3239.132 Safari/537.36"
193.232.113.68 - - [27/Feb/2018:10:10:19 +0300] "GET /data/template/olson/js/peity.js HTTP/1.1" 304 0 "http://stat.villanet.ru/" "Mozilla/5.0 (Windows NT 6.3; Win64; x64) AppleWebKit/537.36 (KHTML, like Gecko) Chrome/63.0.3239.132 Safari/537.36"
193.232.113.68 - - [27/Feb/2018:10:10:19 +0300] "GET /data/template/olson/js/fullcalendar.min.js HTTP/1.1" 304 0 "http://stat.villanet.ru/" "Mozilla/5.0 (Windows NT 6.3; Win64; x64) AppleWebKit/537.36 (KHTML, like Gecko) Chrome/63.0.3239.132 Safari/537.36"
193.232.113.68 - - [27/Feb/2018:10:10:19 +0300] "GET /data/template/olson/js/jquery.rateit.min.js HTTP/1.1" 304 0 "http://stat.villanet.ru/" "Mozilla/5.0 (Windows NT 6.3; Win64; x64) AppleWebKit/537.36 (KHTML, like Gecko) Chrome/63.0.3239.132 Safari/537.36"
193.232.113.68 - - [27/Feb/2018:10:10:19 +0300] "GET /data/template/olson/js/jquery.flot.stack.js HTTP/1.1" 304 0 "http://stat.villanet.ru/" "Mozilla/5.0 (Windows NT 6.3; Win64; x64) AppleWebKit/537.36 (KHTML, like Gecko) Chrome/63.0.3239.132 Safari/537.36"
193.232.113.68 - - [27/Feb/2018:10:10:19 +0300] "GET /data/template/olson/js/jquery.prettyPhoto.js HTTP/1.1" 304 0 "http://stat.villanet.ru/" "Mozilla/5.0 (Windows NT 6.3; Win64; x64) AppleWebKit/537.36 (KHTML, like Gecko) Chrome/63.0.3239.132 Safari/537.36"
193.232.113.68 - - [27/Feb/2018:10:10:19 +0300] "GET /data/template/olson/js/jquery.flot.js HTTP/1.1" 304 0 "http://stat.villanet.ru/" "Mozilla/5.0 (Windows NT 6.3; Win64; x64) AppleWebKit/537.36 (KHTML, like Gecko) Chrome/63.0.3239.132 Safari/537.36"
193.232.113.68 - - [27/Feb/2018:10:10:19 +0300] "GET /data/template/olson/js/jquery.flot.pie.js HTTP/1.1" 304 0 "http://stat.villanet.ru/" "Mozilla/5.0 (Windows NT 6.3; Win64; x64) AppleWebKit/537.36 (KHTML, like Gecko) Chrome/63.0.3239.132 Safari/537.36"
193.232.113.68 - - [27/Feb/2018:10:10:19 +0300] "GET /data/template/olson/js/jquery.flot.resize.js HTTP/1.1" 304 0 "http://stat.villanet.ru/" "Mozilla/5.0 (Windows NT 6.3; Win64; x64) AppleWebKit/537.36 (KHTML, like Gecko) Chrome/63.0.3239.132 Safari/537.36"
193.232.113.68 - - [27/Feb/2018:10:10:19 +0300] "GET /data/template/olson/js/jquery.gritter.min.js HTTP/1.1" 304 0 "http://stat.villanet.ru/" "Mozilla/5.0 (Windows NT 6.3; Win64; x64) AppleWebKit/537.36 (KHTML, like Gecko) Chrome/63.0.3239.132 Safari/537.36"
193.232.113.68 - - [27/Feb/2018:10:10:19 +0300] "GET /data/template/olson/js/bootstrap-datetimepicker.min.js HTTP/1.1" 304 0 "http://stat.villanet.ru/" "Mozilla/5.0 (Windows NT 6.3; Win64; x64) AppleWebKit/537.36 (KHTML, like Gecko) Chrome/63.0.3239.132 Safari/537.36"
193.232.113.68 - - [27/Feb/2018:10:10:19 +0300] "GET /data/template/olson/js/jquery.cleditor.min.js HTTP/1.1" 304 0 "http://stat.villanet.ru/" "Mozilla/5.0 (Windows NT 6.3; Win64; x64) AppleWebKit/537.36 (KHTML, like Gecko) Chrome/63.0.3239.132 Safari/537.36"
193.232.113.68 - - [27/Feb/2018:10:10:19 +0300] "GET /data/template/olson/js/bootstrap-switch.min.js HTTP/1.1" 304 0 "http://stat.villanet.ru/" "Mozilla/5.0 (Windows NT 6.3; Win64; x64) AppleWebKit/537.36 (KHTML, like Gecko) Chrome/63.0.3239.132 Safari/537.36"
193.232.113.68 - - [27/Feb/2018:10:10:19 +0300] "GET /data/template/olson/js/respond.min.js HTTP/1.1" 304 0 "http://stat.villanet.ru/" "Mozilla/5.0 (Windows NT 6.3; Win64; x64) AppleWebKit/537.36 (KHTML, like Gecko) Chrome/63.0.3239.132 Safari/537.36"
193.232.113.68 - - [27/Feb/2018:10:10:19 +0300] "GET /data/template/olson/js/html5shiv.js HTTP/1.1" 304 0 "http://stat.villanet.ru/" "Mozilla/5.0 (Windows NT 6.3; Win64; x64) AppleWebKit/537.36 (KHTML, like Gecko) Chrome/63.0.3239.132 Safari/537.36"
193.232.113.68 - - [27/Feb/2018:10:10:19 +0300] "GET /data/template/olson/js/custom.js HTTP/1.1" 304 0 "http://stat.villanet.ru/" "Mozilla/5.0 (Windows NT 6.3; Win64; x64) AppleWebKit/537.36 (KHTML, like Gecko) Chrome/63.0.3239.132 Safari/537.36"
193.232.113.68 - - [27/Feb/2018:10:10:19 +0300] "GET /data/template/olson/font/fontawesome-webfontf77b.woff?v=3.2.1 HTTP/1.1" 304 0 "http://stat.villanet.ru/data/template/olson/css/font-awesome.min.css" "Mozilla/5.0 (Windows NT 6.3; Win64; x64) AppleWebKit/537.36 (KHTML, like Gecko) Chrome/63.0.3239.132 Safari/537.36"
193.232.113.68 - - [27/Feb/2018:10:10:19 +0300] "GET /data/template/olson/font/open-sans-condensed.woff HTTP/1.1" 304 0 "http://stat.villanet.ru/data/template/olson/css/font-awesome.min.css" "Mozilla/5.0 (Windows NT 6.3; Win64; x64) AppleWebKit/537.36 (KHTML, like Gecko) Chrome/63.0.3239.132 Safari/537.36"
193.232.113.68 - - [27/Feb/2018:10:10:19 +0300] "GET /data/template/olson/img/footer-back.png HTTP/1.1" 304 0 "http://stat.villanet.ru/data/template/olson/css/style.css" "Mozilla/5.0 (Windows NT 6.3; Win64; x64) AppleWebKit/537.36 (KHTML, like Gecko) Chrome/63.0.3239.132 Safari/537.36"
193.232.113.68 - - [27/Feb/2018:10:10:19 +0300] "GET /data/template/olson/img/main-back.png HTTP/1.1" 304 0 "http://stat.villanet.ru/data/template/olson/css/style.css" "Mozilla/5.0 (Windows NT 6.3; Win64; x64) AppleWebKit/537.36 (KHTML, like Gecko) Chrome/63.0.3239.132 Safari/537.36"
193.232.113.68 - - [27/Feb/2018:10:10:19 +0300] "GET /favicon.ico HTTP/1.1" 200 51 "http://stat.villanet.ru/" "Mozilla/5.0 (Windows NT 6.3; Win64; x64) AppleWebKit/537.36 (KHTML, like Gecko) Chrome/63.0.3239.132 Safari/537.36"
193.232.113.73 - - [27/Feb/2018:10:10:25 +0300] "GET /favicon.ico HTTP/1.1" 200 51 "-" "Mozilla/5.0 (Windows NT 6.3; WOW64) AppleWebKit/537.36 (KHTML, like Gecko) Chrome/63.0.3239.132 YaBrowser/18.1.1.839 Yowser/2.5 Safari/537.36"
193.232.113.10 - - [27/Feb/2018:10:10:30 +0300] "GET /res/config.xml HTTP/1.1" 200 2494 "https://mikbill.ru" "Mozilla/4.0 (Windows; U; Windows NT 5.0; En; rv:1.8.0.2) Gecko/20070306 Firefox/1.0.0.4"
193.232.113.10 - - [27/Feb/2018:10:10:31 +0300] "GET /ajax/index/getconfightml HTTP/1.1" 200 774 "https://mikbill.ru" "Mozilla/4.0 (Windows; U; Windows NT 5.0; En; rv:1.8.0.2) Gecko/20070306 Firefox/1.0.0.4"
193.232.113.10 - - [27/Feb/2018:10:10:31 +0300] "GET /ajax/users/checkloggedin HTTP/1.1" 302 5 "https://mikbill.ru" "Mozilla/4.0 (Windows; U; Windows NT 5.0; En; rv:1.8.0.2) Gecko/20070306 Firefox/1.0.0.4"
193.232.113.10 - - [27/Feb/2018:10:10:31 +0300] "POST /ajax/index/authip HTTP/1.1" 200 83 "https://mikbill.ru" "Mozilla/4.0 (Windows; U; Windows NT 5.0; En; rv:1.8.0.2) Gecko/20070306 Firefox/1.0.0.4"
193.232.113.10 - - [27/Feb/2018:10:10:31 +0300] "POST /ajax/index/authfl HTTP/1.1" 200 87 "https://mikbill.ru" "Mozilla/4.0 (Windows; U; Windows NT 5.0; En; rv:1.8.0.2) Gecko/20070306 Firefox/1.0.0.4"
193.232.113.10 - - [27/Feb/2018:10:10:31 +0300] "POST /ajax/users/checkchangemac HTTP/1.1" 200 62 "https://mikbill.ru" "Mozilla/4.0 (Windows; U; Windows NT 5.0; En; rv:1.8.0.2) Gecko/20070306 Firefox/1.0.0.4"
193.232.113.10 - - [27/Feb/2018:10:10:31 +0300] "GET /ajax/users/getuserdatafl HTTP/1.1" 200 3986 "https://mikbill.ru" "Mozilla/4.0 (Windows; U; Windows NT 5.0; En; rv:1.8.0.2) Gecko/20070306 Firefox/1.0.0.4"
193.232.113.10 - - [27/Feb/2018:10:10:31 +0300] "GET /ajax/index/getserverdate HTTP/1.1" 200 57 "https://mikbill.ru" "Mozilla/4.0 (Windows; U; Windows NT 5.0; En; rv:1.8.0.2) Gecko/20070306 Firefox/1.0.0.4"
193.232.113.10 - - [27/Feb/2018:10:10:32 +0300] "GET /ajax/users/getcabinetnewsdb HTTP/1.1" 200 67 "https://mikbill.ru" "Mozilla/4.0 (Windows; U; Windows NT 5.0; En; rv:1.8.0.2) Gecko/20070306 Firefox/1.0.0.4"
193.232.113.10 - - [27/Feb/2018:10:10:32 +0300] "POST /json/users/getallpersonalservicesuser HTTP/1.1" 200 508 "https://mikbill.ru" "Mozilla/4.0 (Windows; U; Windows NT 5.0; En; rv:1.8.0.2) Gecko/20070306 Firefox/1.0.0.4"
193.232.113.10 - - [27/Feb/2018:10:10:32 +0300] "POST /ajax/ticketview/getticketslist2x HTTP/1.1" 200 82 "https://mikbill.ru" "Mozilla/4.0 (Windows; U; Windows NT 5.0; En; rv:1.8.0.2) Gecko/20070306 Firefox/1.0.0.4"
193.232.113.68 - - [27/Feb/2018:10:10:32 +0300] "POST /main.php HTTP/1.1" 200 16338 "http://stat.villanet.ru/" "Mozilla/5.0 (Windows NT 6.3; Win64; x64) AppleWebKit/537.36 (KHTML, like Gecko) Chrome/63.0.3239.132 Safari/537.36"
193.232.113.68 - - [27/Feb/2018:10:10:32 +0300] "GET /favicon.ico HTTP/1.1" 200 13 "http://stat.villanet.ru/main.php" "Mozilla/5.0 (Windows NT 6.3; Win64; x64) AppleWebKit/537.36 (KHTML, like Gecko) Chrome/63.0.3239.132 Safari/537.36"
193.232.113.10 - - [27/Feb/2018:10:11:08 +0300] "GET /res/config.xml HTTP/1.1" 200 2494 "https://mikbill.ru" "Mozilla/4.0 (Windows; U; Windows NT 5.0; En; rv:1.8.0.2) Gecko/20070306 Firefox/1.0.0.4"
10.10.14.251 - - [27/Feb/2018:10:11:08 +0300] "GET /favicon.ico HTTP/1.1" 200 51 "-" "Mozilla/5.0 (Windows NT 10.0; WOW64) AppleWebKit/537.36 (KHTML, like Gecko) Chrome/63.0.3239.132 YaBrowser/18.1.1.839 Yowser/2.5 Safari/537.36"
193.232.113.10 - - [27/Feb/2018:10:11:08 +0300] "GET /ajax/index/getconfightml HTTP/1.1" 200 774 "https://mikbill.ru" "Mozilla/4.0 (Windows; U; Windows NT 5.0; En; rv:1.8.0.2) Gecko/20070306 Firefox/1.0.0.4"
193.232.113.10 - - [27/Feb/2018:10:11:08 +0300] "GET /ajax/users/checkloggedin HTTP/1.1" 200 37 "https://mikbill.ru" "Mozilla/4.0 (Windows; U; Windows NT 5.0; En; rv:1.8.0.2) Gecko/20070306 Firefox/1.0.0.4"
193.232.113.10 - - [27/Feb/2018:10:11:08 +0300] "GET /ajax/users/getuserdatafl HTTP/1.1" 200 3979 "https://mikbill.ru" "Mozilla/4.0 (Windows; U; Windows NT 5.0; En; rv:1.8.0.2) Gecko/20070306 Firefox/1.0.0.4"
193.232.113.10 - - [27/Feb/2018:10:11:08 +0300] "GET /ajax/index/getserverdate HTTP/1.1" 200 57 "https://mikbill.ru" "Mozilla/4.0 (Windows; U; Windows NT 5.0; En; rv:1.8.0.2) Gecko/20070306 Firefox/1.0.0.4"
193.232.113.10 - - [27/Feb/2018:10:11:09 +0300] "POST /json/users/getallpersonalservicesuser HTTP/1.1" 200 508 "https://mikbill.ru" "Mozilla/4.0 (Windows; U; Windows NT 5.0; En; rv:1.8.0.2) Gecko/20070306 Firefox/1.0.0.4"
193.232.113.10 - - [27/Feb/2018:10:11:09 +0300] "POST /ajax/ticketview/getticketslist2x HTTP/1.1" 200 82 "https://mikbill.ru" "Mozilla/4.0 (Windows; U; Windows NT 5.0; En; rv:1.8.0.2) Gecko/20070306 Firefox/1.0.0.4"
193.232.113.68 - - [27/Feb/2018:10:11:09 +0300] "GET /main.php?action=payment HTTP/1.1" 200 31818 "http://stat.villanet.ru/main.php" "Mozilla/5.0 (Windows NT 6.3; Win64; x64) AppleWebKit/537.36 (KHTML, like Gecko) Chrome/63.0.3239.132 Safari/537.36"
193.232.113.68 - - [27/Feb/2018:10:11:09 +0300] "GET /data/template/olson/css/jquery.bootstrap-touchspin.css HTTP/1.1" 200 816 "http://stat.villanet.ru/main.php?action=payment" "Mozilla/5.0 (Windows NT 6.3; Win64; x64) AppleWebKit/537.36 (KHTML, like Gecko) Chrome/63.0.3239.132 Safari/537.36"
193.232.113.68 - - [27/Feb/2018:10:11:09 +0300] "GET /data/template/olson/js/jquery.bootstrap-touchspin.js HTTP/1.1" 200 24276 "http://stat.villanet.ru/main.php?action=payment" "Mozilla/5.0 (Windows NT 6.3; Win64; x64) AppleWebKit/537.36 (KHTML, like Gecko) Chrome/63.0.3239.132 Safari/537.36"
193.232.113.68 - - [27/Feb/2018:10:11:09 +0300] "GET /data/template/olson/js/jquery.autotab.js HTTP/1.1" 200 28309 "http://stat.villanet.ru/main.php?action=payment" "Mozilla/5.0 (Windows NT 6.3; Win64; x64) AppleWebKit/537.36 (KHTML, like Gecko) Chrome/63.0.3239.132 Safari/537.36"
193.232.113.68 - - [27/Feb/2018:10:11:09 +0300] "GET /favicon.ico HTTP/1.1" 200 13 "http://stat.villanet.ru/main.php?action=payment" "Mozilla/5.0 (Windows NT 6.3; Win64; x64) AppleWebKit/537.36 (KHTML, like Gecko) Chrome/63.0.3239.132 Safari/537.36"
193.232.113.73 - - [27/Feb/2018:10:11:25 +0300] "GET /favicon.ico HTTP/1.1" 200 51 "-" "Mozilla/5.0 (Windows NT 6.3; WOW64) AppleWebKit/537.36 (KHTML, like Gecko) Chrome/63.0.3239.132 YaBrowser/18.1.1.839 Yowser/2.5 Safari/537.36"
10.10.14.251 - - [27/Feb/2018:10:12:08 +0300] "GET /favicon.ico HTTP/1.1" 200 51 "-" "Mozilla/5.0 (Windows NT 10.0; WOW64) AppleWebKit/537.36 (KHTML, like Gecko) Chrome/63.0.3239.132 YaBrowser/18.1.1.839 Yowser/2.5 Safari/537.36"
193.232.113.73 - - [27/Feb/2018:10:12:25 +0300] "GET /favicon.ico HTTP/1.1" 200 51 "-" "Mozilla/5.0 (Windows NT 6.3; WOW64) AppleWebKit/537.36 (KHTML, like Gecko) Chrome/63.0.3239.132 YaBrowser/18.1.1.839 Yowser/2.5 Safari/537.36"
10.10.14.251 - - [27/Feb/2018:10:13:08 +0300] "GET /favicon.ico HTTP/1.1" 200 51 "-" "Mozilla/5.0 (Windows NT 10.0; WOW64) AppleWebKit/537.36 (KHTML, like Gecko) Chrome/63.0.3239.132 YaBrowser/18.1.1.839 Yowser/2.5 Safari/537.36"
193.232.113.73 - - [27/Feb/2018:10:13:25 +0300] "GET /favicon.ico HTTP/1.1" 200 51 "-" "Mozilla/5.0 (Windows NT 6.3; WOW64) AppleWebKit/537.36 (KHTML, like Gecko) Chrome/63.0.3239.132 YaBrowser/18.1.1.839 Yowser/2.5 Safari/537.36"
193.232.113.68 - - [27/Feb/2018:10:13:37 +0300] "POST /pay.php?system=robokassa HTTP/1.1" 200 4893 "http://stat.villanet.ru/main.php?action=payment" "Mozilla/5.0 (Windows NT 6.3; Win64; x64) AppleWebKit/537.36 (KHTML, like Gecko) Chrome/63.0.3239.132 Safari/537.36"
193.232.113.68 - - [27/Feb/2018:10:13:37 +0300] "GET /pay.php?system=robokassa HTTP/1.1" 200 27 "http://stat.villanet.ru/pay.php?system=robokassa" "Mozilla/5.0 (Windows NT 6.3; Win64; x64) AppleWebKit/537.36 (KHTML, like Gecko) Chrome/63.0.3239.132 Safari/537.36"
10.10.14.251 - - [27/Feb/2018:10:14:08 +0300] "GET /favicon.ico HTTP/1.1" 200 51 "-" "Mozilla/5.0 (Windows NT 10.0; WOW64) AppleWebKit/537.36 (KHTML, like Gecko) Chrome/63.0.3239.132 YaBrowser/18.1.1.839 Yowser/2.5 Safari/537.36"
193.232.113.73 - - [27/Feb/2018:10:14:25 +0300] "GET /favicon.ico HTTP/1.1" 200 51 "-" "Mozilla/5.0 (Windows NT 6.3; WOW64) AppleWebKit/537.36 (KHTML, like Gecko) Chrome/63.0.3239.132 YaBrowser/18.1.1.839 Yowser/2.5 Safari/537.36"
193.232.113.10 - - [27/Feb/2018:10:14:35 +0300] "GET /res/config.xml HTTP/1.1" 200 2494 "https://mikbill.ru" "Mozilla/4.0 (Windows; U; Windows NT 5.0; En; rv:1.8.0.2) Gecko/20070306 Firefox/1.0.0.4"
193.232.113.10 - - [27/Feb/2018:10:14:35 +0300] "GET /ajax/index/getconfightml HTTP/1.1" 200 774 "https://mikbill.ru" "Mozilla/4.0 (Windows; U; Windows NT 5.0; En; rv:1.8.0.2) Gecko/20070306 Firefox/1.0.0.4"
193.232.113.10 - - [27/Feb/2018:10:14:35 +0300] "GET /ajax/users/checkloggedin HTTP/1.1" 302 5 "https://mikbill.ru" "Mozilla/4.0 (Windows; U; Windows NT 5.0; En; rv:1.8.0.2) Gecko/20070306 Firefox/1.0.0.4"
193.232.113.10 - - [27/Feb/2018:10:14:35 +0300] "POST /ajax/index/authip HTTP/1.1" 200 83 "https://mikbill.ru" "Mozilla/4.0 (Windows; U; Windows NT 5.0; En; rv:1.8.0.2) Gecko/20070306 Firefox/1.0.0.4"
193.232.113.10 - - [27/Feb/2018:10:14:35 +0300] "GET /ajax/index/logoutfl HTTP/1.1" 200 20 "https://mikbill.ru" "Mozilla/4.0 (Windows; U; Windows NT 5.0; En; rv:1.8.0.2) Gecko/20070306 Firefox/1.0.0.4"
193.232.113.70 - - [27/Feb/2018:10:14:35 +0300] "GET / HTTP/1.1" 200 7856 "https://yandex.ru/search/?lr=10715&clid=1955454&win=267&msid=1519715435.94929.20955.23509&text=%D0%B2%D0%B8%D0%BB%D0%BB%D0%B0%D0%BD%D0%B5%D1%82+%D0%BB%D0%B8%D1%87%D0%BD%D1%8B%D0%B9+%D0%BA%D0%B0%D0%B1%D0%B8%D0%BD%D0%B5%D1%82&suggest_reqid=36870212148637003855037093723328" "Mozilla/5.0 (Windows NT 6.1; WOW64) AppleWebKit/537.36 (KHTML, like Gecko) Chrome/62.0.3202.94 YaBrowser/17.11.1.988 Yowser/2.5 Safari/537.36"
193.232.113.70 - - [27/Feb/2018:10:14:36 +0300] "GET /data/template/olson/css/bootstrap.min.css HTTP/1.1" 304 0 "http://stat.villanet.ru/" "Mozilla/5.0 (Windows NT 6.1; WOW64) AppleWebKit/537.36 (KHTML, like Gecko) Chrome/62.0.3202.94 YaBrowser/17.11.1.988 Yowser/2.5 Safari/537.36"
193.232.113.70 - - [27/Feb/2018:10:14:36 +0300] "GET /data/template/olson/css/animate.min.css HTTP/1.1" 304 0 "http://stat.villanet.ru/" "Mozilla/5.0 (Windows NT 6.1; WOW64) AppleWebKit/537.36 (KHTML, like Gecko) Chrome/62.0.3202.94 YaBrowser/17.11.1.988 Yowser/2.5 Safari/537.36"
193.232.113.70 - - [27/Feb/2018:10:14:36 +0300] "GET /data/template/olson/css/jquery.gritter.css HTTP/1.1" 304 0 "http://stat.villanet.ru/" "Mozilla/5.0 (Windows NT 6.1; WOW64) AppleWebKit/537.36 (KHTML, like Gecko) Chrome/62.0.3202.94 YaBrowser/17.11.1.988 Yowser/2.5 Safari/537.36"
193.232.113.70 - - [27/Feb/2018:10:14:36 +0300] "GET /data/template/olson/css/fullcalendar.css HTTP/1.1" 304 0 "http://stat.villanet.ru/" "Mozilla/5.0 (Windows NT 6.1; WOW64) AppleWebKit/537.36 (KHTML, like Gecko) Chrome/62.0.3202.94 YaBrowser/17.11.1.988 Yowser/2.5 Safari/537.36"
193.232.113.70 - - [27/Feb/2018:10:14:36 +0300] "GET /data/template/olson/css/bootstrap-switch.css HTTP/1.1" 304 0 "http://stat.villanet.ru/" "Mozilla/5.0 (Windows NT 6.1; WOW64) AppleWebKit/537.36 (KHTML, like Gecko) Chrome/62.0.3202.94 YaBrowser/17.11.1.988 Yowser/2.5 Safari/537.36"
193.232.113.70 - - [27/Feb/2018:10:14:36 +0300] "GET /data/template/olson/css/bootstrap-datetimepicker.min.css HTTP/1.1" 304 0 "http://stat.villanet.ru/" "Mozilla/5.0 (Windows NT 6.1; WOW64) AppleWebKit/537.36 (KHTML, like Gecko) Chrome/62.0.3202.94 YaBrowser/17.11.1.988 Yowser/2.5 Safari/537.36"
193.232.113.70 - - [27/Feb/2018:10:14:36 +0300] "GET /data/template/olson/css/rateit.css HTTP/1.1" 304 0 "http://stat.villanet.ru/" "Mozilla/5.0 (Windows NT 6.1; WOW64) AppleWebKit/537.36 (KHTML, like Gecko) Chrome/62.0.3202.94 YaBrowser/17.11.1.988 Yowser/2.5 Safari/537.36"
193.232.113.70 - - [27/Feb/2018:10:14:36 +0300] "GET /data/template/olson/css/jquery.cleditor.css HTTP/1.1" 304 0 "http://stat.villanet.ru/" "Mozilla/5.0 (Windows NT 6.1; WOW64) AppleWebKit/537.36 (KHTML, like Gecko) Chrome/62.0.3202.94 YaBrowser/17.11.1.988 Yowser/2.5 Safari/537.36"
193.232.113.70 - - [27/Feb/2018:10:14:36 +0300] "GET /data/template/olson/css/jquery-ui.css HTTP/1.1" 304 0 "http://stat.villanet.ru/" "Mozilla/5.0 (Windows NT 6.1; WOW64) AppleWebKit/537.36 (KHTML, like Gecko) Chrome/62.0.3202.94 YaBrowser/17.11.1.988 Yowser/2.5 Safari/537.36"
193.232.113.70 - - [27/Feb/2018:10:14:36 +0300] "GET /data/template/olson/css/prettyPhoto.css HTTP/1.1" 304 0 "http://stat.villanet.ru/" "Mozilla/5.0 (Windows NT 6.1; WOW64) AppleWebKit/537.36 (KHTML, like Gecko) Chrome/62.0.3202.94 YaBrowser/17.11.1.988 Yowser/2.5 Safari/537.36"
193.232.113.70 - - [27/Feb/2018:10:14:36 +0300] "GET /data/template/olson/css/font-awesome.min.css HTTP/1.1" 304 0 "http://stat.villanet.ru/" "Mozilla/5.0 (Windows NT 6.1; WOW64) AppleWebKit/537.36 (KHTML, like Gecko) Chrome/62.0.3202.94 YaBrowser/17.11.1.988 Yowser/2.5 Safari/537.36"
193.232.113.70 - - [27/Feb/2018:10:14:36 +0300] "GET /data/template/olson/css/style.css HTTP/1.1" 304 0 "http://stat.villanet.ru/" "Mozilla/5.0 (Windows NT 6.1; WOW64) AppleWebKit/537.36 (KHTML, like Gecko) Chrome/62.0.3202.94 YaBrowser/17.11.1.988 Yowser/2.5 Safari/537.36"
193.232.113.70 - - [27/Feb/2018:10:14:37 +0300] "GET /data/template/olson/js/jquery.js HTTP/1.1" 304 0 "http://stat.villanet.ru/" "Mozilla/5.0 (Windows NT 6.1; WOW64) AppleWebKit/537.36 (KHTML, like Gecko) Chrome/62.0.3202.94 YaBrowser/17.11.1.988 Yowser/2.5 Safari/537.36"
193.232.113.70 - - [27/Feb/2018:10:14:37 +0300] "GET /data/template/olson/js/bootstrap.min.js HTTP/1.1" 304 0 "http://stat.villanet.ru/" "Mozilla/5.0 (Windows NT 6.1; WOW64) AppleWebKit/537.36 (KHTML, like Gecko) Chrome/62.0.3202.94 YaBrowser/17.11.1.988 Yowser/2.5 Safari/537.36"
193.232.113.70 - - [27/Feb/2018:10:14:37 +0300] "GET /data/template/olson/js/jquery-ui-1.10.2.custom.min.js HTTP/1.1" 304 0 "http://stat.villanet.ru/" "Mozilla/5.0 (Windows NT 6.1; WOW64) AppleWebKit/537.36 (KHTML, like Gecko) Chrome/62.0.3202.94 YaBrowser/17.11.1.988 Yowser/2.5 Safari/537.36"
193.232.113.70 - - [27/Feb/2018:10:14:37 +0300] "GET /data/template/olson/js/peity.js HTTP/1.1" 304 0 "http://stat.villanet.ru/" "Mozilla/5.0 (Windows NT 6.1; WOW64) AppleWebKit/537.36 (KHTML, like Gecko) Chrome/62.0.3202.94 YaBrowser/17.11.1.988 Yowser/2.5 Safari/537.36"
193.232.113.70 - - [27/Feb/2018:10:14:37 +0300] "GET /data/template/olson/js/fullcalendar.min.js HTTP/1.1" 304 0 "http://stat.villanet.ru/" "Mozilla/5.0 (Windows NT 6.1; WOW64) AppleWebKit/537.36 (KHTML, like Gecko) Chrome/62.0.3202.94 YaBrowser/17.11.1.988 Yowser/2.5 Safari/537.36"
193.232.113.70 - - [27/Feb/2018:10:14:37 +0300] "GET /data/template/olson/js/jquery.rateit.min.js HTTP/1.1" 304 0 "http://stat.villanet.ru/" "Mozilla/5.0 (Windows NT 6.1; WOW64) AppleWebKit/537.36 (KHTML, like Gecko) Chrome/62.0.3202.94 YaBrowser/17.11.1.988 Yowser/2.5 Safari/537.36"
