193.232.113.10 - - [27/Feb/2018:11:51:34 +0300] "POST /ajax/users/howmatchpayperehodflex HTTP/1.1" 200 507 "https://mikbill.ru" "Mozilla/4.0 (Windows; U; Windows NT 5.0; En; rv:1.8.0.2) Gecko/20070306 Firefox/1.0.0.4"
193.232.113.10 - - [27/Feb/2018:11:51:34 +0300] "POST /ajax/users/howmatchpayperehodflex HTTP/1.1" 200 507 "https://mikbill.ru" "Mozilla/4.0 (Windows; U; Windows NT 5.0; En; rv:1.8.0.2) Gecko/20070306 Firefox/1.0.0.4"
193.232.113.10 - - [27/Feb/2018:11:51:34 +0300] "POST /ajax/users/howmatchpayperehodflex HTTP/1.1" 200 505 "https://mikbill.ru" "Mozilla/4.0 (Windows; U; Windows NT 5.0; En; rv:1.8.0.2) Gecko/20070306 Firefox/1.0.0.4"
193.232.113.10 - - [27/Feb/2018:11:51:34 +0300] "POST /json/users/getallpersonalservicesuser HTTP/1.1" 200 508 "https://mikbill.ru" "Mozilla/4.0 (Windows; U; Windows NT 5.0; En; rv:1.8.0.2) Gecko/20070306 Firefox/1.0.0.4"
193.232.113.10 - - [27/Feb/2018:11:51:34 +0300] "POST /ajax/ticketview/getticketslist2x HTTP/1.1" 200 82 "https://mikbill.ru" "Mozilla/4.0 (Windows; U; Windows NT 5.0; En; rv:1.8.0.2) Gecko/20070306 Firefox/1.0.0.4"
195.91.131.156 - - [27/Feb/2018:11:51:34 +0300] "POST /main.php HTTP/1.1" 200 20246 "http://stat.villanet.ru/main.php?action=tariff" "Mozilla/5.0 (Windows NT 6.3; Win64; x64) AppleWebKit/537.36 (KHTML, like Gecko) Chrome/63.0.3239.132 Safari/537.36"
195.91.131.156 - - [27/Feb/2018:11:51:35 +0300] "GET /favicon.ico HTTP/1.1" 200 13 "http://stat.villanet.ru/main.php" "Mozilla/5.0 (Windows NT 6.3; Win64; x64) AppleWebKit/537.36 (KHTML, like Gecko) Chrome/63.0.3239.132 Safari/537.36"
193.232.113.10 - - [27/Feb/2018:11:51:51 +0300] "GET /res/config.xml HTTP/1.1" 200 2494 "https://mikbill.ru" "Mozilla/4.0 (Windows; U; Windows NT 5.0; En; rv:1.8.0.2) Gecko/20070306 Firefox/1.0.0.4"
193.232.113.10 - - [27/Feb/2018:11:51:51 +0300] "GET /ajax/index/getconfightml HTTP/1.1" 200 774 "https://mikbill.ru" "Mozilla/4.0 (Windows; U; Windows NT 5.0; En; rv:1.8.0.2) Gecko/20070306 Firefox/1.0.0.4"
193.232.113.10 - - [27/Feb/2018:11:51:51 +0300] "GET /ajax/users/checkloggedin HTTP/1.1" 200 37 "https://mikbill.ru" "Mozilla/4.0 (Windows; U; Windows NT 5.0; En; rv:1.8.0.2) Gecko/20070306 Firefox/1.0.0.4"
193.232.113.10 - - [27/Feb/2018:11:51:52 +0300] "GET /ajax/users/getuserdatafl HTTP/1.1" 200 4081 "https://mikbill.ru" "Mozilla/4.0 (Windows; U; Windows NT 5.0; En; rv:1.8.0.2) Gecko/20070306 Firefox/1.0.0.4"
193.232.113.10 - - [27/Feb/2018:11:51:52 +0300] "GET /ajax/index/getserverdate HTTP/1.1" 200 57 "https://mikbill.ru" "Mozilla/4.0 (Windows; U; Windows NT 5.0; En; rv:1.8.0.2) Gecko/20070306 Firefox/1.0.0.4"
193.232.113.10 - - [27/Feb/2018:11:51:52 +0300] "GET /ajax/users/getcabinetnewsdb HTTP/1.1" 200 67 "https://mikbill.ru" "Mozilla/4.0 (Windows; U; Windows NT 5.0; En; rv:1.8.0.2) Gecko/20070306 Firefox/1.0.0.4"
193.232.113.10 - - [27/Feb/2018:11:51:52 +0300] "POST /json/users/getallpersonalservicesuser HTTP/1.1" 200 508 "https://mikbill.ru" "Mozilla/4.0 (Windows; U; Windows NT 5.0; En; rv:1.8.0.2) Gecko/20070306 Firefox/1.0.0.4"
193.232.113.10 - - [27/Feb/2018:11:51:52 +0300] "POST /ajax/ticketview/getticketslist2x HTTP/1.1" 200 82 "https://mikbill.ru" "Mozilla/4.0 (Windows; U; Windows NT 5.0; En; rv:1.8.0.2) Gecko/20070306 Firefox/1.0.0.4"
195.91.131.156 - - [27/Feb/2018:11:51:52 +0300] "GET /main.php HTTP/1.1" 200 16345 "http://stat.villanet.ru/main.php" "Mozilla/5.0 (Windows NT 6.3; Win64; x64) AppleWebKit/537.36 (KHTML, like Gecko) Chrome/63.0.3239.132 Safari/537.36"
195.91.131.156 - - [27/Feb/2018:11:51:52 +0300] "GET /favicon.ico HTTP/1.1" 200 13 "http://stat.villanet.ru/main.php" "Mozilla/5.0 (Windows NT 6.3; Win64; x64) AppleWebKit/537.36 (KHTML, like Gecko) Chrome/63.0.3239.132 Safari/537.36"
10.10.14.251 - - [27/Feb/2018:11:52:08 +0300] "GET /favicon.ico HTTP/1.1" 200 51 "-" "Mozilla/5.0 (Windows NT 10.0; WOW64) AppleWebKit/537.36 (KHTML, like Gecko) Chrome/63.0.3239.132 YaBrowser/18.1.1.839 Yowser/2.5 Safari/537.36"
193.232.113.10 - - [27/Feb/2018:11:52:09 +0300] "GET /res/config.xml HTTP/1.1" 200 2494 "https://mikbill.ru" "Mozilla/4.0 (Windows; U; Windows NT 5.0; En; rv:1.8.0.2) Gecko/20070306 Firefox/1.0.0.4"
193.232.113.10 - - [27/Feb/2018:11:52:09 +0300] "GET /ajax/index/getconfightml HTTP/1.1" 200 774 "https://mikbill.ru" "Mozilla/4.0 (Windows; U; Windows NT 5.0; En; rv:1.8.0.2) Gecko/20070306 Firefox/1.0.0.4"
193.232.113.10 - - [27/Feb/2018:11:52:09 +0300] "GET /ajax/users/checkloggedin HTTP/1.1" 200 37 "https://mikbill.ru" "Mozilla/4.0 (Windows; U; Windows NT 5.0; En; rv:1.8.0.2) Gecko/20070306 Firefox/1.0.0.4"
193.232.113.10 - - [27/Feb/2018:11:52:09 +0300] "GET /ajax/users/getuserdatafl HTTP/1.1" 200 4081 "https://mikbill.ru" "Mozilla/4.0 (Windows; U; Windows NT 5.0; En; rv:1.8.0.2) Gecko/20070306 Firefox/1.0.0.4"
193.232.113.10 - - [27/Feb/2018:11:52:09 +0300] "GET /ajax/index/getserverdate HTTP/1.1" 200 57 "https://mikbill.ru" "Mozilla/4.0 (Windows; U; Windows NT 5.0; En; rv:1.8.0.2) Gecko/20070306 Firefox/1.0.0.4"
193.232.113.10 - - [27/Feb/2018:11:52:09 +0300] "GET /ajax/users/getcabinetnewsdb HTTP/1.1" 200 67 "https://mikbill.ru" "Mozilla/4.0 (Windows; U; Windows NT 5.0; En; rv:1.8.0.2) Gecko/20070306 Firefox/1.0.0.4"
193.232.113.10 - - [27/Feb/2018:11:52:10 +0300] "POST /json/users/getallpersonalservicesuser HTTP/1.1" 200 508 "https://mikbill.ru" "Mozilla/4.0 (Windows; U; Windows NT 5.0; En; rv:1.8.0.2) Gecko/20070306 Firefox/1.0.0.4"
193.232.113.10 - - [27/Feb/2018:11:52:10 +0300] "POST /ajax/ticketview/getticketslist2x HTTP/1.1" 200 82 "https://mikbill.ru" "Mozilla/4.0 (Windows; U; Windows NT 5.0; En; rv:1.8.0.2) Gecko/20070306 Firefox/1.0.0.4"
195.91.131.156 - - [27/Feb/2018:11:52:10 +0300] "GET /main.php HTTP/1.1" 200 16345 "http://stat.villanet.ru/main.php" "Mozilla/5.0 (Windows NT 6.3; Win64; x64) AppleWebKit/537.36 (KHTML, like Gecko) Chrome/63.0.3239.132 Safari/537.36"
195.91.131.156 - - [27/Feb/2018:11:52:10 +0300] "GET /favicon.ico HTTP/1.1" 200 13 "http://stat.villanet.ru/main.php" "Mozilla/5.0 (Windows NT 6.3; Win64; x64) AppleWebKit/537.36 (KHTML, like Gecko) Chrome/63.0.3239.132 Safari/537.36"
193.232.113.73 - - [27/Feb/2018:11:52:26 +0300] "GET /favicon.ico HTTP/1.1" 200 51 "-" "Mozilla/5.0 (Windows NT 6.3; WOW64) AppleWebKit/537.36 (KHTML, like Gecko) Chrome/63.0.3239.132 YaBrowser/18.1.1.839 Yowser/2.5 Safari/537.36"
10.10.14.251 - - [27/Feb/2018:11:53:08 +0300] "GET /favicon.ico HTTP/1.1" 200 51 "-" "Mozilla/5.0 (Windows NT 10.0; WOW64) AppleWebKit/537.36 (KHTML, like Gecko) Chrome/63.0.3239.132 YaBrowser/18.1.1.839 Yowser/2.5 Safari/537.36"
193.232.113.73 - - [27/Feb/2018:11:53:26 +0300] "GET /favicon.ico HTTP/1.1" 200 51 "-" "Mozilla/5.0 (Windows NT 6.3; WOW64) AppleWebKit/537.36 (KHTML, like Gecko) Chrome/63.0.3239.132 YaBrowser/18.1.1.839 Yowser/2.5 Safari/537.36"
10.10.14.251 - - [27/Feb/2018:11:54:08 +0300] "GET /favicon.ico HTTP/1.1" 200 51 "-" "Mozilla/5.0 (Windows NT 10.0; WOW64) AppleWebKit/537.36 (KHTML, like Gecko) Chrome/63.0.3239.132 YaBrowser/18.1.1.839 Yowser/2.5 Safari/537.36"
193.232.113.73 - - [27/Feb/2018:11:54:26 +0300] "GET /favicon.ico HTTP/1.1" 200 51 "-" "Mozilla/5.0 (Windows NT 6.3; WOW64) AppleWebKit/537.36 (KHTML, like Gecko) Chrome/63.0.3239.132 YaBrowser/18.1.1.839 Yowser/2.5 Safari/537.36"
193.232.113.10 - - [27/Feb/2018:11:54:37 +0300] "GET /res/config.xml HTTP/1.1" 200 2494 "https://mikbill.ru" "Mozilla/4.0 (Windows; U; Windows NT 5.0; En; rv:1.8.0.2) Gecko/20070306 Firefox/1.0.0.4"
193.232.113.10 - - [27/Feb/2018:11:54:37 +0300] "GET /ajax/index/getconfightml HTTP/1.1" 200 774 "https://mikbill.ru" "Mozilla/4.0 (Windows; U; Windows NT 5.0; En; rv:1.8.0.2) Gecko/20070306 Firefox/1.0.0.4"
193.232.113.10 - - [27/Feb/2018:11:54:37 +0300] "GET /ajax/users/checkloggedin HTTP/1.1" 200 37 "https://mikbill.ru" "Mozilla/4.0 (Windows; U; Windows NT 5.0; En; rv:1.8.0.2) Gecko/20070306 Firefox/1.0.0.4"
193.232.113.10 - - [27/Feb/2018:11:54:37 +0300] "GET /ajax/users/getuserdatafl HTTP/1.1" 200 4081 "https://mikbill.ru" "Mozilla/4.0 (Windows; U; Windows NT 5.0; En; rv:1.8.0.2) Gecko/20070306 Firefox/1.0.0.4"
193.232.113.10 - - [27/Feb/2018:11:54:38 +0300] "GET /ajax/index/getserverdate HTTP/1.1" 200 57 "https://mikbill.ru" "Mozilla/4.0 (Windows; U; Windows NT 5.0; En; rv:1.8.0.2) Gecko/20070306 Firefox/1.0.0.4"
193.232.113.10 - - [27/Feb/2018:11:54:38 +0300] "GET /ajax/users/getcabinetnewsdb HTTP/1.1" 200 67 "https://mikbill.ru" "Mozilla/4.0 (Windows; U; Windows NT 5.0; En; rv:1.8.0.2) Gecko/20070306 Firefox/1.0.0.4"
193.232.113.10 - - [27/Feb/2018:11:54:38 +0300] "POST /json/users/getallpersonalservicesuser HTTP/1.1" 200 508 "https://mikbill.ru" "Mozilla/4.0 (Windows; U; Windows NT 5.0; En; rv:1.8.0.2) Gecko/20070306 Firefox/1.0.0.4"
193.232.113.10 - - [27/Feb/2018:11:54:38 +0300] "POST /ajax/ticketview/getticketslist2x HTTP/1.1" 200 82 "https://mikbill.ru" "Mozilla/4.0 (Windows; U; Windows NT 5.0; En; rv:1.8.0.2) Gecko/20070306 Firefox/1.0.0.4"
195.91.131.156 - - [27/Feb/2018:11:54:38 +0300] "GET / HTTP/1.1" 200 16332 "https://yandex.ru/clck/jsredir?bu=uniq15196435644589549238&from=yandex.ru%3Bsearch%2F%3Bweb%3B%3B&text=&etext=1710.Ke_Yu7vw0cYpkfcLR4Brx-jZFVcffXkvko3yyKbYlMhANs8ns4TX-nXvk8bqwxKc_SmOmjrf9fdAp_e0O_yWsfhDFUPzO5FAWzHAB2OHGBQ.493a039c71a60717c91a408715a4e80e14b8a2b4&uuid=&state=PEtFfuTeVD5kpHnK9lio9T6U0-imFY5IWwl6BSUGTYk4N0pAo4tbW6zmHYZw6wgKPScDctykzsiDJ8gwbi5uthrGPtYUREy0ZULpxi2yBDg,&&cst=AiuY0DBWFJ5fN_r-AEszkxubMtgGZF9luOjeM6WANMrCnje0dT4plAMH73BIuER98d9YcBe8T9_uQtqRodC1qhvbslCo6m0PJAi5KksM2vsE_aDvyeC_AmJnEJ4dwmDlXmbfmAerIQwAHQL_HV_2wgRQJ9QnR5LvyYtQTWhDsFePqou47jgmNjBf8fACL5_uWn5x6hOayQqBASBlQAp3nrEmXgolk2fns1GSJng9NtBqT3vPsoL9esEhocR4e-E2GtpXXmlXc1ch1Zj92Qax8XJpfif5l4Q7pmAnHCHx-d8yNQuAUEvDykiokbQBqDOs91xrtrvFlKv72MNYiUgQU6KyQ0aH65-rIEgDbG5pQA-H6CLthK6PCosUiEEoh4rO_v9BsJ7nL65ta-oQqREYEk3HWu3RnBYgnAxvTRYUdipdcNYRtNg1AzXrLKyTSpAn5weWVyiUTwYdeMmE4uRrlUIlGd1Af-Z0aQAp84qd0mENxcyiXvMS5dGlmem9GH_pX2hJP6cpORCsCAqpvS6NaW4ch2CoSNoKE_NnCVQ8-oJYKdrwRKRu12VDtDrerJtxg_xRLrGwEOuTCYFISsQKiRxTSZRCR6qQDLFWR0iHRUus-OZTeKbQkbsF-_W8p03QbdQ89GN7oyVQyAOTKwEOYCywzAZd3ERygruDQOtYWc2njz20elbMJd7gWLArWtLfJRJXyDBmwS5RWRr_Sbs0yPdIJNy9KjbleOVjOeNjheQ8qX7QWnrU6tp2KbfvbCgRHT9y4WtrCcqIITSkUeWnn37c-K-QBxEKHn-AtY0g4-dIPukDL8ESOLp7BSl0-7Ev4Dofepua9AVky10idt3am9Tqsm3p47iLsVYuWMCmD3Pn2skTPAFswkKDTIHUSwI-PYylwdQqJqc2-ROl2MzRPSM6M4OG-UN-dOuSp6jd4aVwPLdFF-BTB3lDcU2wigtX9HRz0Wz43i6dMZd7zN-ydVp6zvPQjKRFjJQCqkHkeRremcFKunsrXEnlDsaATkZB&data=UlNrNmk5WktYejR0eWJFYk1LdmtxdE1Qa1djNDRScFFVUEVkdVFxMl8yLU5VdnZCWmo4bTN5VXdETHBJdEZRdGVUOGN4Z0ZKSERQdzVXNzJNOEFubEtTVHZuZ1JvX0R2aVZSZW9md2o1VU0s&sign=e1a0ef9453665edb5b33dedc03909b9d&keyno=0&b64e=2&ref=orjY4mGPRjk5boDnW0uvlrrd71vZw9kpjly_ySFdX80,&l10n=ru&cts=1519721679415&mc=4.399085758001883" "Mozilla/5.0 (Windows NT 6.3; Win64; x64) AppleWebKit/537.36 (KHTML, like Gecko) Chrome/63.0.3239.132 Safari/537.36"
195.91.131.156 - - [27/Feb/2018:11:54:38 +0300] "GET /favicon.ico HTTP/1.1" 200 13 "http://stat.villanet.ru/" "Mozilla/5.0 (Windows NT 6.3; Win64; x64) AppleWebKit/537.36 (KHTML, like Gecko) Chrome/63.0.3239.132 Safari/537.36"
193.232.113.10 - - [27/Feb/2018:11:54:42 +0300] "GET /res/config.xml HTTP/1.1" 200 2494 "https://mikbill.ru" "Mozilla/4.0 (Windows; U; Windows NT 5.0; En; rv:1.8.0.2) Gecko/20070306 Firefox/1.0.0.4"
193.232.113.10 - - [27/Feb/2018:11:54:42 +0300] "GET /ajax/index/getconfightml HTTP/1.1" 200 774 "https://mikbill.ru" "Mozilla/4.0 (Windows; U; Windows NT 5.0; En; rv:1.8.0.2) Gecko/20070306 Firefox/1.0.0.4"
193.232.113.10 - - [27/Feb/2018:11:54:42 +0300] "GET /ajax/users/checkloggedin HTTP/1.1" 200 37 "https://mikbill.ru" "Mozilla/4.0 (Windows; U; Windows NT 5.0; En; rv:1.8.0.2) Gecko/20070306 Firefox/1.0.0.4"
193.232.113.10 - - [27/Feb/2018:11:54:42 +0300] "GET /ajax/users/getuserdatafl HTTP/1.1" 200 4088 "https://mikbill.ru" "Mozilla/4.0 (Windows; U; Windows NT 5.0; En; rv:1.8.0.2) Gecko/20070306 Firefox/1.0.0.4"
193.232.113.10 - - [27/Feb/2018:11:54:43 +0300] "GET /ajax/index/getserverdate HTTP/1.1" 200 57 "https://mikbill.ru" "Mozilla/4.0 (Windows; U; Windows NT 5.0; En; rv:1.8.0.2) Gecko/20070306 Firefox/1.0.0.4"
193.232.113.10 - - [27/Feb/2018:11:54:43 +0300] "GET /ajax/users/tarifchangelistflex HTTP/1.1" 200 718 "https://mikbill.ru" "Mozilla/4.0 (Windows; U; Windows NT 5.0; En; rv:1.8.0.2) Gecko/20070306 Firefox/1.0.0.4"
193.232.113.10 - - [27/Feb/2018:11:54:43 +0300] "POST /ajax/users/howmatchpayperehodflex HTTP/1.1" 200 516 "https://mikbill.ru" "Mozilla/4.0 (Windows; U; Windows NT 5.0; En; rv:1.8.0.2) Gecko/20070306 Firefox/1.0.0.4"
193.232.113.10 - - [27/Feb/2018:11:54:43 +0300] "POST /ajax/users/howmatchpayperehodflex HTTP/1.1" 200 507 "https://mikbill.ru" "Mozilla/4.0 (Windows; U; Windows NT 5.0; En; rv:1.8.0.2) Gecko/20070306 Firefox/1.0.0.4"
193.232.113.10 - - [27/Feb/2018:11:54:43 +0300] "POST /ajax/users/howmatchpayperehodflex HTTP/1.1" 200 507 "https://mikbill.ru" "Mozilla/4.0 (Windows; U; Windows NT 5.0; En; rv:1.8.0.2) Gecko/20070306 Firefox/1.0.0.4"
193.232.113.10 - - [27/Feb/2018:11:54:43 +0300] "POST /ajax/users/howmatchpayperehodflex HTTP/1.1" 200 505 "https://mikbill.ru" "Mozilla/4.0 (Windows; U; Windows NT 5.0; En; rv:1.8.0.2) Gecko/20070306 Firefox/1.0.0.4"
193.232.113.10 - - [27/Feb/2018:11:54:43 +0300] "POST /json/users/getallpersonalservicesuser HTTP/1.1" 200 508 "https://mikbill.ru" "Mozilla/4.0 (Windows; U; Windows NT 5.0; En; rv:1.8.0.2) Gecko/20070306 Firefox/1.0.0.4"
195.91.131.156 - - [27/Feb/2018:11:54:43 +0300] "GET /main.php?action=tariff HTTP/1.1" 499 0 "http://stat.villanet.ru/" "Mozilla/5.0 (Windows NT 6.3; Win64; x64) AppleWebKit/537.36 (KHTML, like Gecko) Chrome/63.0.3239.132 Safari/537.36"
193.232.113.10 - - [27/Feb/2018:11:54:43 +0300] "GET /res/config.xml HTTP/1.1" 200 2494 "https://mikbill.ru" "Mozilla/4.0 (Windows; U; Windows NT 5.0; En; rv:1.8.0.2) Gecko/20070306 Firefox/1.0.0.4"
193.232.113.10 - - [27/Feb/2018:11:54:44 +0300] "POST /ajax/ticketview/getticketslist2x HTTP/1.1" 200 82 "https://mikbill.ru" "Mozilla/4.0 (Windows; U; Windows NT 5.0; En; rv:1.8.0.2) Gecko/20070306 Firefox/1.0.0.4"
193.232.113.10 - - [27/Feb/2018:11:54:44 +0300] "GET /ajax/index/getconfightml HTTP/1.1" 200 774 "https://mikbill.ru" "Mozilla/4.0 (Windows; U; Windows NT 5.0; En; rv:1.8.0.2) Gecko/20070306 Firefox/1.0.0.4"
193.232.113.10 - - [27/Feb/2018:11:54:44 +0300] "GET /ajax/users/checkloggedin HTTP/1.1" 200 37 "https://mikbill.ru" "Mozilla/4.0 (Windows; U; Windows NT 5.0; En; rv:1.8.0.2) Gecko/20070306 Firefox/1.0.0.4"
193.232.113.10 - - [27/Feb/2018:11:54:44 +0300] "GET /ajax/users/getuserdatafl HTTP/1.1" 200 4081 "https://mikbill.ru" "Mozilla/4.0 (Windows; U; Windows NT 5.0; En; rv:1.8.0.2) Gecko/20070306 Firefox/1.0.0.4"
193.232.113.10 - - [27/Feb/2018:11:54:44 +0300] "GET /ajax/index/getserverdate HTTP/1.1" 200 57 "https://mikbill.ru" "Mozilla/4.0 (Windows; U; Windows NT 5.0; En; rv:1.8.0.2) Gecko/20070306 Firefox/1.0.0.4"
193.232.113.10 - - [27/Feb/2018:11:54:44 +0300] "GET /ajax/users/tarifchangelistflex HTTP/1.1" 200 718 "https://mikbill.ru" "Mozilla/4.0 (Windows; U; Windows NT 5.0; En; rv:1.8.0.2) Gecko/20070306 Firefox/1.0.0.4"
193.232.113.10 - - [27/Feb/2018:11:54:44 +0300] "POST /ajax/users/howmatchpayperehodflex HTTP/1.1" 200 516 "https://mikbill.ru" "Mozilla/4.0 (Windows; U; Windows NT 5.0; En; rv:1.8.0.2) Gecko/20070306 Firefox/1.0.0.4"
193.232.113.10 - - [27/Feb/2018:11:54:45 +0300] "POST /ajax/users/howmatchpayperehodflex HTTP/1.1" 200 507 "https://mikbill.ru" "Mozilla/4.0 (Windows; U; Windows NT 5.0; En; rv:1.8.0.2) Gecko/20070306 Firefox/1.0.0.4"
193.232.113.10 - - [27/Feb/2018:11:54:45 +0300] "POST /ajax/users/howmatchpayperehodflex HTTP/1.1" 200 507 "https://mikbill.ru" "Mozilla/4.0 (Windows; U; Windows NT 5.0; En; rv:1.8.0.2) Gecko/20070306 Firefox/1.0.0.4"
195.91.131.156 - - [27/Feb/2018:11:54:45 +0300] "GET /main.php?action=tariff HTTP/1.1" 499 0 "http://stat.villanet.ru/" "Mozilla/5.0 (Windows NT 6.3; Win64; x64) AppleWebKit/537.36 (KHTML, like Gecko) Chrome/63.0.3239.132 Safari/537.36"
193.232.113.10 - - [27/Feb/2018:11:54:45 +0300] "GET /res/config.xml HTTP/1.1" 200 2494 "https://mikbill.ru" "Mozilla/4.0 (Windows; U; Windows NT 5.0; En; rv:1.8.0.2) Gecko/20070306 Firefox/1.0.0.4"
193.232.113.10 - - [27/Feb/2018:11:54:45 +0300] "POST /ajax/users/howmatchpayperehodflex HTTP/1.1" 200 505 "https://mikbill.ru" "Mozilla/4.0 (Windows; U; Windows NT 5.0; En; rv:1.8.0.2) Gecko/20070306 Firefox/1.0.0.4"
193.232.113.10 - - [27/Feb/2018:11:54:45 +0300] "GET /ajax/index/getconfightml HTTP/1.1" 200 774 "https://mikbill.ru" "Mozilla/4.0 (Windows; U; Windows NT 5.0; En; rv:1.8.0.2) Gecko/20070306 Firefox/1.0.0.4"
193.232.113.10 - - [27/Feb/2018:11:54:45 +0300] "POST /json/users/getallpersonalservicesuser HTTP/1.1" 200 508 "https://mikbill.ru" "Mozilla/4.0 (Windows; U; Windows NT 5.0; En; rv:1.8.0.2) Gecko/20070306 Firefox/1.0.0.4"
193.232.113.10 - - [27/Feb/2018:11:54:45 +0300] "GET /ajax/users/checkloggedin HTTP/1.1" 200 37 "https://mikbill.ru" "Mozilla/4.0 (Windows; U; Windows NT 5.0; En; rv:1.8.0.2) Gecko/20070306 Firefox/1.0.0.4"
193.232.113.10 - - [27/Feb/2018:11:54:45 +0300] "POST /ajax/ticketview/getticketslist2x HTTP/1.1" 200 82 "https://mikbill.ru" "Mozilla/4.0 (Windows; U; Windows NT 5.0; En; rv:1.8.0.2) Gecko/20070306 Firefox/1.0.0.4"
193.232.113.10 - - [27/Feb/2018:11:54:45 +0300] "GET /ajax/users/getuserdatafl HTTP/1.1" 200 4081 "https://mikbill.ru" "Mozilla/4.0 (Windows; U; Windows NT 5.0; En; rv:1.8.0.2) Gecko/20070306 Firefox/1.0.0.4"
193.232.113.10 - - [27/Feb/2018:11:54:45 +0300] "GET /ajax/index/getserverdate HTTP/1.1" 200 57 "https://mikbill.ru" "Mozilla/4.0 (Windows; U; Windows NT 5.0; En; rv:1.8.0.2) Gecko/20070306 Firefox/1.0.0.4"
193.232.113.10 - - [27/Feb/2018:11:54:45 +0300] "GET /ajax/users/tarifchangelistflex HTTP/1.1" 200 718 "https://mikbill.ru" "Mozilla/4.0 (Windows; U; Windows NT 5.0; En; rv:1.8.0.2) Gecko/20070306 Firefox/1.0.0.4"
193.232.113.10 - - [27/Feb/2018:11:54:46 +0300] "POST /ajax/users/howmatchpayperehodflex HTTP/1.1" 200 516 "https://mikbill.ru" "Mozilla/4.0 (Windows; U; Windows NT 5.0; En; rv:1.8.0.2) Gecko/20070306 Firefox/1.0.0.4"
193.232.113.10 - - [27/Feb/2018:11:54:46 +0300] "POST /ajax/users/howmatchpayperehodflex HTTP/1.1" 200 507 "https://mikbill.ru" "Mozilla/4.0 (Windows; U; Windows NT 5.0; En; rv:1.8.0.2) Gecko/20070306 Firefox/1.0.0.4"
193.232.113.10 - - [27/Feb/2018:11:54:46 +0300] "POST /ajax/users/howmatchpayperehodflex HTTP/1.1" 200 507 "https://mikbill.ru" "Mozilla/4.0 (Windows; U; Windows NT 5.0; En; rv:1.8.0.2) Gecko/20070306 Firefox/1.0.0.4"
193.232.113.10 - - [27/Feb/2018:11:54:46 +0300] "POST /ajax/users/howmatchpayperehodflex HTTP/1.1" 200 505 "https://mikbill.ru" "Mozilla/4.0 (Windows; U; Windows NT 5.0; En; rv:1.8.0.2) Gecko/20070306 Firefox/1.0.0.4"
193.232.113.10 - - [27/Feb/2018:11:54:46 +0300] "POST /json/users/getallpersonalservicesuser HTTP/1.1" 200 508 "https://mikbill.ru" "Mozilla/4.0 (Windows; U; Windows NT 5.0; En; rv:1.8.0.2) Gecko/20070306 Firefox/1.0.0.4"
193.232.113.10 - - [27/Feb/2018:11:54:46 +0300] "POST /ajax/ticketview/getticketslist2x HTTP/1.1" 200 82 "https://mikbill.ru" "Mozilla/4.0 (Windows; U; Windows NT 5.0; En; rv:1.8.0.2) Gecko/20070306 Firefox/1.0.0.4"
195.91.131.156 - - [27/Feb/2018:11:54:46 +0300] "GET /main.php?action=tariff HTTP/1.1" 200 20109 "http://stat.villanet.ru/" "Mozilla/5.0 (Windows NT 6.3; Win64; x64) AppleWebKit/537.36 (KHTML, like Gecko) Chrome/63.0.3239.132 Safari/537.36"
195.91.131.156 - - [27/Feb/2018:11:54:47 +0300] "GET /favicon.ico HTTP/1.1" 200 13 "http://stat.villanet.ru/main.php?action=tariff" "Mozilla/5.0 (Windows NT 6.3; Win64; x64) AppleWebKit/537.36 (KHTML, like Gecko) Chrome/63.0.3239.132 Safari/537.36"
193.232.113.10 - - [27/Feb/2018:11:54:58 +0300] "GET /res/config.xml HTTP/1.1" 200 2494 "https://mikbill.ru" "Mozilla/4.0 (Windows; U; Windows NT 5.0; En; rv:1.8.0.2) Gecko/20070306 Firefox/1.0.0.4"
193.232.113.10 - - [27/Feb/2018:11:54:58 +0300] "GET /ajax/index/getconfightml HTTP/1.1" 200 774 "https://mikbill.ru" "Mozilla/4.0 (Windows; U; Windows NT 5.0; En; rv:1.8.0.2) Gecko/20070306 Firefox/1.0.0.4"
193.232.113.10 - - [27/Feb/2018:11:54:58 +0300] "GET /ajax/users/checkloggedin HTTP/1.1" 200 37 "https://mikbill.ru" "Mozilla/4.0 (Windows; U; Windows NT 5.0; En; rv:1.8.0.2) Gecko/20070306 Firefox/1.0.0.4"
193.232.113.10 - - [27/Feb/2018:11:54:58 +0300] "GET /ajax/users/getuserdatafl HTTP/1.1" 200 4081 "https://mikbill.ru" "Mozilla/4.0 (Windows; U; Windows NT 5.0; En; rv:1.8.0.2) Gecko/20070306 Firefox/1.0.0.4"
193.232.113.10 - - [27/Feb/2018:11:54:58 +0300] "GET /ajax/index/getserverdate HTTP/1.1" 200 57 "https://mikbill.ru" "Mozilla/4.0 (Windows; U; Windows NT 5.0; En; rv:1.8.0.2) Gecko/20070306 Firefox/1.0.0.4"
193.232.113.10 - - [27/Feb/2018:11:54:59 +0300] "POST /ajax/users/dochangetarifflex HTTP/1.1" 200 45 "https://mikbill.ru" "Mozilla/4.0 (Windows; U; Windows NT 5.0; En; rv:1.8.0.2) Gecko/20070306 Firefox/1.0.0.4"
193.232.113.10 - - [27/Feb/2018:11:54:59 +0300] "GET /ajax/users/getuserdatafl HTTP/1.1" 200 4081 "https://mikbill.ru" "Mozilla/4.0 (Windows; U; Windows NT 5.0; En; rv:1.8.0.2) Gecko/20070306 Firefox/1.0.0.4"
193.232.113.10 - - [27/Feb/2018:11:54:59 +0300] "GET /ajax/users/tarifchangelistflex HTTP/1.1" 200 718 "https://mikbill.ru" "Mozilla/4.0 (Windows; U; Windows NT 5.0; En; rv:1.8.0.2) Gecko/20070306 Firefox/1.0.0.4"
193.232.113.10 - - [27/Feb/2018:11:54:59 +0300] "POST /ajax/users/howmatchpayperehodflex HTTP/1.1" 200 516 "https://mikbill.ru" "Mozilla/4.0 (Windows; U; Windows NT 5.0; En; rv:1.8.0.2) Gecko/20070306 Firefox/1.0.0.4"
193.232.113.10 - - [27/Feb/2018:11:55:00 +0300] "POST /ajax/users/howmatchpayperehodflex HTTP/1.1" 200 507 "https://mikbill.ru" "Mozilla/4.0 (Windows; U; Windows NT 5.0; En; rv:1.8.0.2) Gecko/20070306 Firefox/1.0.0.4"
193.232.113.10 - - [27/Feb/2018:11:55:00 +0300] "POST /ajax/users/howmatchpayperehodflex HTTP/1.1" 200 507 "https://mikbill.ru" "Mozilla/4.0 (Windows; U; Windows NT 5.0; En; rv:1.8.0.2) Gecko/20070306 Firefox/1.0.0.4"
193.232.113.10 - - [27/Feb/2018:11:55:00 +0300] "POST /ajax/users/howmatchpayperehodflex HTTP/1.1" 200 505 "https://mikbill.ru" "Mozilla/4.0 (Windows; U; Windows NT 5.0; En; rv:1.8.0.2) Gecko/20070306 Firefox/1.0.0.4"
193.232.113.10 - - [27/Feb/2018:11:55:00 +0300] "POST /json/users/getallpersonalservicesuser HTTP/1.1" 200 508 "https://mikbill.ru" "Mozilla/4.0 (Windows; U; Windows NT 5.0; En; rv:1.8.0.2) Gecko/20070306 Firefox/1.0.0.4"
193.232.113.10 - - [27/Feb/2018:11:55:00 +0300] "POST /ajax/ticketview/getticketslist2x HTTP/1.1" 200 82 "https://mikbill.ru" "Mozilla/4.0 (Windows; U; Windows NT 5.0; En; rv:1.8.0.2) Gecko/20070306 Firefox/1.0.0.4"
195.91.131.156 - - [27/Feb/2018:11:55:00 +0300] "POST /main.php HTTP/1.1" 200 20231 "http://stat.villanet.ru/main.php?action=tariff" "Mozilla/5.0 (Windows NT 6.3; Win64; x64) AppleWebKit/537.36 (KHTML, like Gecko) Chrome/63.0.3239.132 Safari/537.36"
195.91.131.156 - - [27/Feb/2018:11:55:00 +0300] "GET /favicon.ico HTTP/1.1" 200 13 "http://stat.villanet.ru/main.php" "Mozilla/5.0 (Windows NT 6.3; Win64; x64) AppleWebKit/537.36 (KHTML, like Gecko) Chrome/63.0.3239.132 Safari/537.36"
10.10.14.251 - - [27/Feb/2018:11:55:08 +0300] "GET /favicon.ico HTTP/1.1" 200 51 "-" "Mozilla/5.0 (Windows NT 10.0; WOW64) AppleWebKit/537.36 (KHTML, like Gecko) Chrome/63.0.3239.132 YaBrowser/18.1.1.839 Yowser/2.5 Safari/537.36"
193.232.113.73 - - [27/Feb/2018:11:55:26 +0300] "GET /favicon.ico HTTP/1.1" 200 51 "-" "Mozilla/5.0 (Windows NT 6.3; WOW64) AppleWebKit/537.36 (KHTML, like Gecko) Chrome/63.0.3239.132 YaBrowser/18.1.1.839 Yowser/2.5 Safari/537.36"
10.10.14.251 - - [27/Feb/2018:11:56:08 +0300] "GET /favicon.ico HTTP/1.1" 200 51 "-" "Mozilla/5.0 (Windows NT 10.0; WOW64) AppleWebKit/537.36 (KHTML, like Gecko) Chrome/63.0.3239.132 YaBrowser/18.1.1.839 Yowser/2.5 Safari/537.36"
193.232.113.73 - - [27/Feb/2018:11:56:26 +0300] "GET /favicon.ico HTTP/1.1" 200 51 "-" "Mozilla/5.0 (Windows NT 6.3; WOW64) AppleWebKit/537.36 (KHTML, like Gecko) Chrome/63.0.3239.132 YaBrowser/18.1.1.839 Yowser/2.5 Safari/537.36"
10.10.14.251 - - [27/Feb/2018:11:57:08 +0300] "GET /favicon.ico HTTP/1.1" 200 51 "-" "Mozilla/5.0 (Windows NT 10.0; WOW64) AppleWebKit/537.36 (KHTML, like Gecko) Chrome/63.0.3239.132 YaBrowser/18.1.1.839 Yowser/2.5 Safari/537.36"
193.232.113.73 - - [27/Feb/2018:11:57:26 +0300] "GET /favicon.ico HTTP/1.1" 200 51 "-" "Mozilla/5.0 (Windows NT 6.3; WOW64) AppleWebKit/537.36 (KHTML, like Gecko) Chrome/63.0.3239.132 YaBrowser/18.1.1.839 Yowser/2.5 Safari/537.36"
10.10.14.251 - - [27/Feb/2018:11:58:08 +0300] "GET /favicon.ico HTTP/1.1" 200 51 "-" "Mozilla/5.0 (Windows NT 10.0; WOW64) AppleWebKit/537.36 (KHTML, like Gecko) Chrome/63.0.3239.132 YaBrowser/18.1.1.839 Yowser/2.5 Safari/537.36"
193.232.113.73 - - [27/Feb/2018:11:58:26 +0300] "GET /favicon.ico HTTP/1.1" 200 51 "-" "Mozilla/5.0 (Windows NT 6.3; WOW64) AppleWebKit/537.36 (KHTML, like Gecko) Chrome/63.0.3239.132 YaBrowser/18.1.1.839 Yowser/2.5 Safari/537.36"
193.232.113.10 - - [27/Feb/2018:11:59:05 +0300] "GET /res/config.xml HTTP/1.1" 200 2494 "https://mikbill.ru" "Mozilla/4.0 (Windows; U; Windows NT 5.0; En; rv:1.8.0.2) Gecko/20070306 Firefox/1.0.0.4"
193.232.113.10 - - [27/Feb/2018:11:59:05 +0300] "GET /ajax/index/getconfightml HTTP/1.1" 200 774 "https://mikbill.ru" "Mozilla/4.0 (Windows; U; Windows NT 5.0; En; rv:1.8.0.2) Gecko/20070306 Firefox/1.0.0.4"
193.232.113.10 - - [27/Feb/2018:11:59:05 +0300] "GET /ajax/users/checkloggedin HTTP/1.1" 302 5 "https://mikbill.ru" "Mozilla/4.0 (Windows; U; Windows NT 5.0; En; rv:1.8.0.2) Gecko/20070306 Firefox/1.0.0.4"
193.232.113.10 - - [27/Feb/2018:11:59:05 +0300] "POST /ajax/index/authip HTTP/1.1" 200 83 "https://mikbill.ru" "Mozilla/4.0 (Windows; U; Windows NT 5.0; En; rv:1.8.0.2) Gecko/20070306 Firefox/1.0.0.4"
193.232.113.10 - - [27/Feb/2018:11:59:05 +0300] "GET /ajax/index/logoutfl HTTP/1.1" 200 20 "https://mikbill.ru" "Mozilla/4.0 (Windows; U; Windows NT 5.0; En; rv:1.8.0.2) Gecko/20070306 Firefox/1.0.0.4"
10.10.14.251 - - [27/Feb/2018:11:59:05 +0300] "GET / HTTP/1.1" 200 7856 "-" "Mozilla/5.0 (Windows NT 10.0; WOW64) AppleWebKit/537.36 (KHTML, like Gecko) Chrome/63.0.3239.132 YaBrowser/18.1.1.839 Yowser/2.5 Safari/537.36"
10.10.14.251 - - [27/Feb/2018:11:59:06 +0300] "GET /favicon.ico HTTP/1.1" 200 51 "-" "Mozilla/5.0 (Windows NT 10.0; WOW64) AppleWebKit/537.36 (KHTML, like Gecko) Chrome/63.0.3239.132 YaBrowser/18.1.1.839 Yowser/2.5 Safari/537.36"
10.10.14.251 - - [27/Feb/2018:11:59:07 +0300] "GET /favicon.ico HTTP/1.1" 200 51 "http://stat.villanet.ru/" "Mozilla/5.0 (Windows NT 10.0; WOW64) AppleWebKit/537.36 (KHTML, like Gecko) Chrome/63.0.3239.132 YaBrowser/18.1.1.839 Yowser/2.5 Safari/537.36"
10.10.14.251 - - [27/Feb/2018:11:59:08 +0300] "GET /favicon.ico HTTP/1.1" 200 51 "-" "Mozilla/5.0 (Windows NT 10.0; WOW64) AppleWebKit/537.36 (KHTML, like Gecko) Chrome/63.0.3239.132 YaBrowser/18.1.1.839 Yowser/2.5 Safari/537.36"
193.232.113.10 - - [27/Feb/2018:11:59:10 +0300] "GET /res/config.xml HTTP/1.1" 200 2494 "https://mikbill.ru" "Mozilla/4.0 (Windows; U; Windows NT 5.0; En; rv:1.8.0.2) Gecko/20070306 Firefox/1.0.0.4"
193.232.113.10 - - [27/Feb/2018:11:59:10 +0300] "GET /ajax/index/getconfightml HTTP/1.1" 200 774 "https://mikbill.ru" "Mozilla/4.0 (Windows; U; Windows NT 5.0; En; rv:1.8.0.2) Gecko/20070306 Firefox/1.0.0.4"
193.232.113.10 - - [27/Feb/2018:11:59:11 +0300] "GET /ajax/users/checkloggedin HTTP/1.1" 302 5 "https://mikbill.ru" "Mozilla/4.0 (Windows; U; Windows NT 5.0; En; rv:1.8.0.2) Gecko/20070306 Firefox/1.0.0.4"
193.232.113.10 - - [27/Feb/2018:11:59:11 +0300] "POST /ajax/index/authip HTTP/1.1" 200 83 "https://mikbill.ru" "Mozilla/4.0 (Windows; U; Windows NT 5.0; En; rv:1.8.0.2) Gecko/20070306 Firefox/1.0.0.4"
193.232.113.10 - - [27/Feb/2018:11:59:11 +0300] "POST /ajax/index/authfl HTTP/1.1" 200 87 "https://mikbill.ru" "Mozilla/4.0 (Windows; U; Windows NT 5.0; En; rv:1.8.0.2) Gecko/20070306 Firefox/1.0.0.4"
193.232.113.10 - - [27/Feb/2018:11:59:11 +0300] "POST /ajax/users/checkchangemac HTTP/1.1" 200 62 "https://mikbill.ru" "Mozilla/4.0 (Windows; U; Windows NT 5.0; En; rv:1.8.0.2) Gecko/20070306 Firefox/1.0.0.4"
193.232.113.10 - - [27/Feb/2018:11:59:11 +0300] "GET /ajax/users/getuserdatafl HTTP/1.1" 200 4021 "https://mikbill.ru" "Mozilla/4.0 (Windows; U; Windows NT 5.0; En; rv:1.8.0.2) Gecko/20070306 Firefox/1.0.0.4"
193.232.113.10 - - [27/Feb/2018:11:59:11 +0300] "GET /ajax/index/getserverdate HTTP/1.1" 200 57 "https://mikbill.ru" "Mozilla/4.0 (Windows; U; Windows NT 5.0; En; rv:1.8.0.2) Gecko/20070306 Firefox/1.0.0.4"
193.232.113.10 - - [27/Feb/2018:11:59:11 +0300] "GET /ajax/users/getcabinetnewsdb HTTP/1.1" 200 67 "https://mikbill.ru" "Mozilla/4.0 (Windows; U; Windows NT 5.0; En; rv:1.8.0.2) Gecko/20070306 Firefox/1.0.0.4"
193.232.113.10 - - [27/Feb/2018:11:59:12 +0300] "POST /json/users/getallpersonalservicesuser HTTP/1.1" 200 508 "https://mikbill.ru" "Mozilla/4.0 (Windows; U; Windows NT 5.0; En; rv:1.8.0.2) Gecko/20070306 Firefox/1.0.0.4"
193.232.113.10 - - [27/Feb/2018:11:59:12 +0300] "POST /ajax/ticketview/getticketslist2x HTTP/1.1" 200 82 "https://mikbill.ru" "Mozilla/4.0 (Windows; U; Windows NT 5.0; En; rv:1.8.0.2) Gecko/20070306 Firefox/1.0.0.4"
10.10.14.251 - - [27/Feb/2018:11:59:12 +0300] "POST /main.php HTTP/1.1" 200 16319 "http://stat.villanet.ru/" "Mozilla/5.0 (Windows NT 10.0; WOW64) AppleWebKit/537.36 (KHTML, like Gecko) Chrome/63.0.3239.132 YaBrowser/18.1.1.839 Yowser/2.5 Safari/537.36"
10.10.14.251 - - [27/Feb/2018:11:59:12 +0300] "GET /favicon.ico HTTP/1.1" 200 51 "-" "Mozilla/5.0 (Windows NT 10.0; WOW64) AppleWebKit/537.36 (KHTML, like Gecko) Chrome/63.0.3239.132 YaBrowser/18.1.1.839 Yowser/2.5 Safari/537.36"
10.10.14.251 - - [27/Feb/2018:11:59:12 +0300] "GET /favicon.ico HTTP/1.1" 200 13 "http://stat.villanet.ru/main.php" "Mozilla/5.0 (Windows NT 10.0; WOW64) AppleWebKit/537.36 (KHTML, like Gecko) Chrome/63.0.3239.132 YaBrowser/18.1.1.839 Yowser/2.5 Safari/537.36"
193.232.113.73 - - [27/Feb/2018:11:59:26 +0300] "GET /favicon.ico HTTP/1.1" 200 51 "-" "Mozilla/5.0 (Windows NT 6.3; WOW64) AppleWebKit/537.36 (KHTML, like Gecko) Chrome/63.0.3239.132 YaBrowser/18.1.1.839 Yowser/2.5 Safari/537.36"
193.232.113.10 - - [27/Feb/2018:11:59:47 +0300] "GET /res/config.xml HTTP/1.1" 200 2494 "https://mikbill.ru" "Mozilla/4.0 (Windows; U; Windows NT 5.0; En; rv:1.8.0.2) Gecko/20070306 Firefox/1.0.0.4"
193.232.113.10 - - [27/Feb/2018:11:59:47 +0300] "GET /ajax/index/getconfightml HTTP/1.1" 200 774 "https://mikbill.ru" "Mozilla/4.0 (Windows; U; Windows NT 5.0; En; rv:1.8.0.2) Gecko/20070306 Firefox/1.0.0.4"
193.232.113.10 - - [27/Feb/2018:11:59:47 +0300] "GET /ajax/users/checkloggedin HTTP/1.1" 302 5 "https://mikbill.ru" "Mozilla/4.0 (Windows; U; Windows NT 5.0; En; rv:1.8.0.2) Gecko/20070306 Firefox/1.0.0.4"
193.232.113.10 - - [27/Feb/2018:11:59:47 +0300] "POST /ajax/index/authip HTTP/1.1" 200 83 "https://mikbill.ru" "Mozilla/4.0 (Windows; U; Windows NT 5.0; En; rv:1.8.0.2) Gecko/20070306 Firefox/1.0.0.4"
193.232.113.10 - - [27/Feb/2018:11:59:47 +0300] "GET /ajax/index/logoutfl HTTP/1.1" 200 20 "https://mikbill.ru" "Mozilla/4.0 (Windows; U; Windows NT 5.0; En; rv:1.8.0.2) Gecko/20070306 Firefox/1.0.0.4"
193.232.113.71 - - [27/Feb/2018:11:59:47 +0300] "GET / HTTP/1.1" 200 7856 "http://villanet.ru/members/" "Mozilla/5.0 (Windows NT 10.0; WOW64) AppleWebKit/537.36 (KHTML, like Gecko) Chrome/64.0.3282.140 Safari/537.36 OPR/51.0.2830.34"
193.232.113.71 - - [27/Feb/2018:11:59:47 +0300] "GET /data/template/olson/css/bootstrap-datetimepicker.min.css HTTP/1.1" 200 6640 "http://stat.villanet.ru/" "Mozilla/5.0 (Windows NT 10.0; WOW64) AppleWebKit/537.36 (KHTML, like Gecko) Chrome/64.0.3282.140 Safari/537.36 OPR/51.0.2830.34"
193.232.113.71 - - [27/Feb/2018:11:59:47 +0300] "GET /data/template/olson/css/jquery.gritter.css HTTP/1.1" 200 2176 "http://stat.villanet.ru/" "Mozilla/5.0 (Windows NT 10.0; WOW64) AppleWebKit/537.36 (KHTML, like Gecko) Chrome/64.0.3282.140 Safari/537.36 OPR/51.0.2830.34"
193.232.113.71 - - [27/Feb/2018:11:59:47 +0300] "GET /data/template/olson/css/fullcalendar.css HTTP/1.1" 200 11507 "http://stat.villanet.ru/" "Mozilla/5.0 (Windows NT 10.0; WOW64) AppleWebKit/537.36 (KHTML, like Gecko) Chrome/64.0.3282.140 Safari/537.36 OPR/51.0.2830.34"
193.232.113.71 - - [27/Feb/2018:11:59:47 +0300] "GET /data/template/olson/css/bootstrap-switch.css HTTP/1.1" 200 14994 "http://stat.villanet.ru/" "Mozilla/5.0 (Windows NT 10.0; WOW64) AppleWebKit/537.36 (KHTML, like Gecko) Chrome/64.0.3282.140 Safari/537.36 OPR/51.0.2830.34"
193.232.113.71 - - [27/Feb/2018:11:59:47 +0300] "GET /data/template/olson/css/bootstrap.min.css HTTP/1.1" 200 124591 "http://stat.villanet.ru/" "Mozilla/5.0 (Windows NT 10.0; WOW64) AppleWebKit/537.36 (KHTML, like Gecko) Chrome/64.0.3282.140 Safari/537.36 OPR/51.0.2830.34"
193.232.113.71 - - [27/Feb/2018:11:59:47 +0300] "GET /data/template/olson/css/animate.min.css HTTP/1.1" 200 68322 "http://stat.villanet.ru/" "Mozilla/5.0 (Windows NT 10.0; WOW64) AppleWebKit/537.36 (KHTML, like Gecko) Chrome/64.0.3282.140 Safari/537.36 OPR/51.0.2830.34"
193.232.113.71 - - [27/Feb/2018:11:59:47 +0300] "GET /data/template/olson/css/rateit.css HTTP/1.1" 200 1601 "http://stat.villanet.ru/" "Mozilla/5.0 (Windows NT 10.0; WOW64) AppleWebKit/537.36 (KHTML, like Gecko) Chrome/64.0.3282.140 Safari/537.36 OPR/51.0.2830.34"
193.232.113.71 - - [27/Feb/2018:11:59:47 +0300] "GET /data/template/olson/css/jquery.cleditor.css HTTP/1.1" 200 1740 "http://stat.villanet.ru/" "Mozilla/5.0 (Windows NT 10.0; WOW64) AppleWebKit/537.36 (KHTML, like Gecko) Chrome/64.0.3282.140 Safari/537.36 OPR/51.0.2830.34"
193.232.113.71 - - [27/Feb/2018:11:59:47 +0300] "GET /data/template/olson/css/jquery-ui.css HTTP/1.1" 200 23467 "http://stat.villanet.ru/" "Mozilla/5.0 (Windows NT 10.0; WOW64) AppleWebKit/537.36 (KHTML, like Gecko) Chrome/64.0.3282.140 Safari/537.36 OPR/51.0.2830.34"
193.232.113.71 - - [27/Feb/2018:11:59:47 +0300] "GET /data/template/olson/css/prettyPhoto.css HTTP/1.1" 200 22489 "http://stat.villanet.ru/" "Mozilla/5.0 (Windows NT 10.0; WOW64) AppleWebKit/537.36 (KHTML, like Gecko) Chrome/64.0.3282.140 Safari/537.36 OPR/51.0.2830.34"
193.232.113.71 - - [27/Feb/2018:11:59:47 +0300] "GET /data/template/olson/css/font-awesome.min.css HTTP/1.1" 200 26927 "http://stat.villanet.ru/" "Mozilla/5.0 (Windows NT 10.0; WOW64) AppleWebKit/537.36 (KHTML, like Gecko) Chrome/64.0.3282.140 Safari/537.36 OPR/51.0.2830.34"
193.232.113.71 - - [27/Feb/2018:11:59:47 +0300] "GET /data/template/olson/css/style.css HTTP/1.1" 200 19154 "http://stat.villanet.ru/" "Mozilla/5.0 (Windows NT 10.0; WOW64) AppleWebKit/537.36 (KHTML, like Gecko) Chrome/64.0.3282.140 Safari/537.36 OPR/51.0.2830.34"
193.232.113.71 - - [27/Feb/2018:11:59:47 +0300] "GET /data/template/olson/js/bootstrap.min.js HTTP/1.1" 200 36193 "http://stat.villanet.ru/" "Mozilla/5.0 (Windows NT 10.0; WOW64) AppleWebKit/537.36 (KHTML, like Gecko) Chrome/64.0.3282.140 Safari/537.36 OPR/51.0.2830.34"
193.232.113.71 - - [27/Feb/2018:11:59:47 +0300] "GET /data/template/olson/js/jquery-ui-1.10.2.custom.min.js HTTP/1.1" 200 93560 "http://stat.villanet.ru/" "Mozilla/5.0 (Windows NT 10.0; WOW64) AppleWebKit/537.36 (KHTML, like Gecko) Chrome/64.0.3282.140 Safari/537.36 OPR/51.0.2830.34"
193.232.113.71 - - [27/Feb/2018:11:59:47 +0300] "GET /data/template/olson/js/peity.js HTTP/1.1" 200 4890 "http://stat.villanet.ru/" "Mozilla/5.0 (Windows NT 10.0; WOW64) AppleWebKit/537.36 (KHTML, like Gecko) Chrome/64.0.3282.140 Safari/537.36 OPR/51.0.2830.34"
193.232.113.71 - - [27/Feb/2018:11:59:47 +0300] "GET /data/template/olson/js/jquery.js HTTP/1.1" 200 142675 "http://stat.villanet.ru/" "Mozilla/5.0 (Windows NT 10.0; WOW64) AppleWebKit/537.36 (KHTML, like Gecko) Chrome/64.0.3282.140 Safari/537.36 OPR/51.0.2830.34"
193.232.113.71 - - [27/Feb/2018:11:59:47 +0300] "GET /data/template/olson/js/jquery.rateit.min.js HTTP/1.1" 200 5740 "http://stat.villanet.ru/" "Mozilla/5.0 (Windows NT 10.0; WOW64) AppleWebKit/537.36 (KHTML, like Gecko) Chrome/64.0.3282.140 Safari/537.36 OPR/51.0.2830.34"
193.232.113.71 - - [27/Feb/2018:11:59:47 +0300] "GET /data/template/olson/js/jquery.prettyPhoto.js HTTP/1.1" 200 33209 "http://stat.villanet.ru/" "Mozilla/5.0 (Windows NT 10.0; WOW64) AppleWebKit/537.36 (KHTML, like Gecko) Chrome/64.0.3282.140 Safari/537.36 OPR/51.0.2830.34"
193.232.113.71 - - [27/Feb/2018:11:59:47 +0300] "GET /data/template/olson/js/fullcalendar.min.js HTTP/1.1" 200 80104 "http://stat.villanet.ru/" "Mozilla/5.0 (Windows NT 10.0; WOW64) AppleWebKit/537.36 (KHTML, like Gecko) Chrome/64.0.3282.140 Safari/537.36 OPR/51.0.2830.34"
193.232.113.71 - - [27/Feb/2018:11:59:47 +0300] "GET /data/template/olson/js/jquery.flot.pie.js HTTP/1.1" 200 15161 "http://stat.villanet.ru/" "Mozilla/5.0 (Windows NT 10.0; WOW64) AppleWebKit/537.36 (KHTML, like Gecko) Chrome/64.0.3282.140 Safari/537.36 OPR/51.0.2830.34"
193.232.113.71 - - [27/Feb/2018:11:59:47 +0300] "GET /data/template/olson/js/jquery.flot.js HTTP/1.1" 200 59598 "http://stat.villanet.ru/" "Mozilla/5.0 (Windows NT 10.0; WOW64) AppleWebKit/537.36 (KHTML, like Gecko) Chrome/64.0.3282.140 Safari/537.36 OPR/51.0.2830.34"
193.232.113.71 - - [27/Feb/2018:11:59:47 +0300] "GET /data/template/olson/js/jquery.flot.stack.js HTTP/1.1" 200 4197 "http://stat.villanet.ru/" "Mozilla/5.0 (Windows NT 10.0; WOW64) AppleWebKit/537.36 (KHTML, like Gecko) Chrome/64.0.3282.140 Safari/537.36 OPR/51.0.2830.34"
193.232.113.71 - - [27/Feb/2018:11:59:47 +0300] "GET /data/template/olson/font/open-sans-condensed.woff HTTP/1.1" 200 42824 "http://stat.villanet.ru/data/template/olson/css/font-awesome.min.css" "Mozilla/5.0 (Windows NT 10.0; WOW64) AppleWebKit/537.36 (KHTML, like Gecko) Chrome/64.0.3282.140 Safari/537.36 OPR/51.0.2830.34"
193.232.113.71 - - [27/Feb/2018:11:59:47 +0300] "GET /data/template/olson/js/jquery.flot.resize.js HTTP/1.1" 200 2561 "http://stat.villanet.ru/" "Mozilla/5.0 (Windows NT 10.0; WOW64) AppleWebKit/537.36 (KHTML, like Gecko) Chrome/64.0.3282.140 Safari/537.36 OPR/51.0.2830.34"
193.232.113.71 - - [27/Feb/2018:11:59:47 +0300] "GET /data/template/olson/js/jquery.gritter.min.js HTTP/1.1" 200 7282 "http://stat.villanet.ru/" "Mozilla/5.0 (Windows NT 10.0; WOW64) AppleWebKit/537.36 (KHTML, like Gecko) Chrome/64.0.3282.140 Safari/537.36 OPR/51.0.2830.34"
193.232.113.71 - - [27/Feb/2018:11:59:47 +0300] "GET /data/template/olson/js/jquery.cleditor.min.js HTTP/1.1" 200 16578 "http://stat.villanet.ru/" "Mozilla/5.0 (Windows NT 10.0; WOW64) AppleWebKit/537.36 (KHTML, like Gecko) Chrome/64.0.3282.140 Safari/537.36 OPR/51.0.2830.34"
193.232.113.71 - - [27/Feb/2018:11:59:47 +0300] "GET /data/template/olson/js/bootstrap-datetimepicker.min.js HTTP/1.1" 200 40773 "http://stat.villanet.ru/" "Mozilla/5.0 (Windows NT 10.0; WOW64) AppleWebKit/537.36 (KHTML, like Gecko) Chrome/64.0.3282.140 Safari/537.36 OPR/51.0.2830.34"
193.232.113.71 - - [27/Feb/2018:11:59:48 +0300] "GET /data/template/olson/js/bootstrap-switch.min.js HTTP/1.1" 200 13665 "http://stat.villanet.ru/" "Mozilla/5.0 (Windows NT 10.0; WOW64) AppleWebKit/537.36 (KHTML, like Gecko) Chrome/64.0.3282.140 Safari/537.36 OPR/51.0.2830.34"
193.232.113.71 - - [27/Feb/2018:11:59:48 +0300] "GET /data/template/olson/js/respond.min.js HTTP/1.1" 200 5750 "http://stat.villanet.ru/" "Mozilla/5.0 (Windows NT 10.0; WOW64) AppleWebKit/537.36 (KHTML, like Gecko) Chrome/64.0.3282.140 Safari/537.36 OPR/51.0.2830.34"
193.232.113.71 - - [27/Feb/2018:11:59:48 +0300] "GET /data/template/olson/js/html5shiv.js HTTP/1.1" 200 10435 "http://stat.villanet.ru/" "Mozilla/5.0 (Windows NT 10.0; WOW64) AppleWebKit/537.36 (KHTML, like Gecko) Chrome/64.0.3282.140 Safari/537.36 OPR/51.0.2830.34"
193.232.113.71 - - [27/Feb/2018:11:59:48 +0300] "GET /data/template/olson/font/fontawesome-webfontf77b.woff?v=3.2.1 HTTP/1.1" 200 43572 "http://stat.villanet.ru/data/template/olson/css/font-awesome.min.css" "Mozilla/5.0 (Windows NT 10.0; WOW64) AppleWebKit/537.36 (KHTML, like Gecko) Chrome/64.0.3282.140 Safari/537.36 OPR/51.0.2830.34"
193.232.113.71 - - [27/Feb/2018:11:59:48 +0300] "GET /data/template/olson/js/custom.js HTTP/1.1" 200 9882 "http://stat.villanet.ru/" "Mozilla/5.0 (Windows NT 10.0; WOW64) AppleWebKit/537.36 (KHTML, like Gecko) Chrome/64.0.3282.140 Safari/537.36 OPR/51.0.2830.34"
193.232.113.71 - - [27/Feb/2018:11:59:48 +0300] "GET /data/template/olson/img/main-back.png HTTP/1.1" 200 661 "http://stat.villanet.ru/data/template/olson/css/style.css" "Mozilla/5.0 (Windows NT 10.0; WOW64) AppleWebKit/537.36 (KHTML, like Gecko) Chrome/64.0.3282.140 Safari/537.36 OPR/51.0.2830.34"
193.232.113.71 - - [27/Feb/2018:11:59:48 +0300] "GET /data/template/olson/img/footer-back.png HTTP/1.1" 200 16522 "http://stat.villanet.ru/data/template/olson/css/style.css" "Mozilla/5.0 (Windows NT 10.0; WOW64) AppleWebKit/537.36 (KHTML, like Gecko) Chrome/64.0.3282.140 Safari/537.36 OPR/51.0.2830.34"
193.232.113.71 - - [27/Feb/2018:11:59:48 +0300] "GET /favicon.ico HTTP/1.1" 200 51 "http://stat.villanet.ru/" "Mozilla/5.0 (Windows NT 10.0; WOW64) AppleWebKit/537.36 (KHTML, like Gecko) Chrome/64.0.3282.140 Safari/537.36 OPR/51.0.2830.34"
10.10.14.251 - - [27/Feb/2018:12:00:08 +0300] "GET /favicon.ico HTTP/1.1" 200 51 "-" "Mozilla/5.0 (Windows NT 10.0; WOW64) AppleWebKit/537.36 (KHTML, like Gecko) Chrome/63.0.3239.132 YaBrowser/18.1.1.839 Yowser/2.5 Safari/537.36"
193.232.113.73 - - [27/Feb/2018:12:00:26 +0300] "GET /favicon.ico HTTP/1.1" 200 51 "-" "Mozilla/5.0 (Windows NT 6.3; WOW64) AppleWebKit/537.36 (KHTML, like Gecko) Chrome/63.0.3239.132 YaBrowser/18.1.1.839 Yowser/2.5 Safari/537.36"
193.232.113.10 - - [27/Feb/2018:12:00:51 +0300] "GET /res/config.xml HTTP/1.1" 200 2494 "https://mikbill.ru" "Mozilla/4.0 (Windows; U; Windows NT 5.0; En; rv:1.8.0.2) Gecko/20070306 Firefox/1.0.0.4"
193.232.113.10 - - [27/Feb/2018:12:00:51 +0300] "GET /ajax/index/getconfightml HTTP/1.1" 200 774 "https://mikbill.ru" "Mozilla/4.0 (Windows; U; Windows NT 5.0; En; rv:1.8.0.2) Gecko/20070306 Firefox/1.0.0.4"
193.232.113.10 - - [27/Feb/2018:12:00:51 +0300] "GET /ajax/users/checkloggedin HTTP/1.1" 302 5 "https://mikbill.ru" "Mozilla/4.0 (Windows; U; Windows NT 5.0; En; rv:1.8.0.2) Gecko/20070306 Firefox/1.0.0.4"
193.232.113.10 - - [27/Feb/2018:12:00:51 +0300] "POST /ajax/index/authip HTTP/1.1" 200 83 "https://mikbill.ru" "Mozilla/4.0 (Windows; U; Windows NT 5.0; En; rv:1.8.0.2) Gecko/20070306 Firefox/1.0.0.4"
193.232.113.10 - - [27/Feb/2018:12:00:51 +0300] "POST /ajax/index/authfl HTTP/1.1" 200 87 "https://mikbill.ru" "Mozilla/4.0 (Windows; U; Windows NT 5.0; En; rv:1.8.0.2) Gecko/20070306 Firefox/1.0.0.4"
193.232.113.10 - - [27/Feb/2018:12:00:51 +0300] "POST /ajax/users/checkchangemac HTTP/1.1" 200 62 "https://mikbill.ru" "Mozilla/4.0 (Windows; U; Windows NT 5.0; En; rv:1.8.0.2) Gecko/20070306 Firefox/1.0.0.4"
193.232.113.10 - - [27/Feb/2018:12:00:51 +0300] "GET /ajax/users/getuserdatafl HTTP/1.1" 200 4009 "https://mikbill.ru" "Mozilla/4.0 (Windows; U; Windows NT 5.0; En; rv:1.8.0.2) Gecko/20070306 Firefox/1.0.0.4"
193.232.113.10 - - [27/Feb/2018:12:00:52 +0300] "GET /ajax/index/getserverdate HTTP/1.1" 200 57 "https://mikbill.ru" "Mozilla/4.0 (Windows; U; Windows NT 5.0; En; rv:1.8.0.2) Gecko/20070306 Firefox/1.0.0.4"
193.232.113.10 - - [27/Feb/2018:12:00:52 +0300] "GET /ajax/users/getcabinetnewsdb HTTP/1.1" 200 67 "https://mikbill.ru" "Mozilla/4.0 (Windows; U; Windows NT 5.0; En; rv:1.8.0.2) Gecko/20070306 Firefox/1.0.0.4"
193.232.113.10 - - [27/Feb/2018:12:00:52 +0300] "POST /json/users/getallpersonalservicesuser HTTP/1.1" 200 508 "https://mikbill.ru" "Mozilla/4.0 (Windows; U; Windows NT 5.0; En; rv:1.8.0.2) Gecko/20070306 Firefox/1.0.0.4"
193.232.113.10 - - [27/Feb/2018:12:00:52 +0300] "POST /ajax/ticketview/getticketslist2x HTTP/1.1" 200 82 "https://mikbill.ru" "Mozilla/4.0 (Windows; U; Windows NT 5.0; En; rv:1.8.0.2) Gecko/20070306 Firefox/1.0.0.4"
193.232.113.71 - - [27/Feb/2018:12:00:52 +0300] "POST /main.php HTTP/1.1" 200 16339 "http://stat.villanet.ru/" "Mozilla/5.0 (Windows NT 10.0; WOW64) AppleWebKit/537.36 (KHTML, like Gecko) Chrome/64.0.3282.140 Safari/537.36 OPR/51.0.2830.34"
193.232.113.71 - - [27/Feb/2018:12:00:52 +0300] "GET /favicon.ico HTTP/1.1" 200 13 "http://stat.villanet.ru/main.php" "Mozilla/5.0 (Windows NT 10.0; WOW64) AppleWebKit/537.36 (KHTML, like Gecko) Chrome/64.0.3282.140 Safari/537.36 OPR/51.0.2830.34"
193.232.113.10 - - [27/Feb/2018:12:01:05 +0300] "GET /res/config.xml HTTP/1.1" 200 2494 "https://mikbill.ru" "Mozilla/4.0 (Windows; U; Windows NT 5.0; En; rv:1.8.0.2) Gecko/20070306 Firefox/1.0.0.4"
193.232.113.10 - - [27/Feb/2018:12:01:06 +0300] "GET /ajax/index/getconfightml HTTP/1.1" 200 774 "https://mikbill.ru" "Mozilla/4.0 (Windows; U; Windows NT 5.0; En; rv:1.8.0.2) Gecko/20070306 Firefox/1.0.0.4"
193.232.113.10 - - [27/Feb/2018:12:01:06 +0300] "GET /ajax/users/checkloggedin HTTP/1.1" 200 37 "https://mikbill.ru" "Mozilla/4.0 (Windows; U; Windows NT 5.0; En; rv:1.8.0.2) Gecko/20070306 Firefox/1.0.0.4"
193.232.113.10 - - [27/Feb/2018:12:01:06 +0300] "GET /ajax/users/getuserdatafl HTTP/1.1" 200 4002 "https://mikbill.ru" "Mozilla/4.0 (Windows; U; Windows NT 5.0; En; rv:1.8.0.2) Gecko/20070306 Firefox/1.0.0.4"
193.232.113.10 - - [27/Feb/2018:12:01:06 +0300] "GET /ajax/index/getserverdate HTTP/1.1" 200 57 "https://mikbill.ru" "Mozilla/4.0 (Windows; U; Windows NT 5.0; En; rv:1.8.0.2) Gecko/20070306 Firefox/1.0.0.4"
193.232.113.10 - - [27/Feb/2018:12:01:06 +0300] "POST /json/users/getallpersonalservicesuser HTTP/1.1" 200 508 "https://mikbill.ru" "Mozilla/4.0 (Windows; U; Windows NT 5.0; En; rv:1.8.0.2) Gecko/20070306 Firefox/1.0.0.4"
193.232.113.10 - - [27/Feb/2018:12:01:06 +0300] "POST /ajax/ticketview/getticketslist2x HTTP/1.1" 200 82 "https://mikbill.ru" "Mozilla/4.0 (Windows; U; Windows NT 5.0; En; rv:1.8.0.2) Gecko/20070306 Firefox/1.0.0.4"
193.232.113.71 - - [27/Feb/2018:12:01:06 +0300] "GET /main.php?action=payment HTTP/1.1" 200 31796 "http://stat.villanet.ru/main.php" "Mozilla/5.0 (Windows NT 10.0; WOW64) AppleWebKit/537.36 (KHTML, like Gecko) Chrome/64.0.3282.140 Safari/537.36 OPR/51.0.2830.34"
193.232.113.71 - - [27/Feb/2018:12:01:06 +0300] "GET /data/template/olson/css/jquery.bootstrap-touchspin.css HTTP/1.1" 200 816 "http://stat.villanet.ru/main.php?action=payment" "Mozilla/5.0 (Windows NT 10.0; WOW64) AppleWebKit/537.36 (KHTML, like Gecko) Chrome/64.0.3282.140 Safari/537.36 OPR/51.0.2830.34"
193.232.113.71 - - [27/Feb/2018:12:01:06 +0300] "GET /data/template/olson/js/jquery.autotab.js HTTP/1.1" 200 28309 "http://stat.villanet.ru/main.php?action=payment" "Mozilla/5.0 (Windows NT 10.0; WOW64) AppleWebKit/537.36 (KHTML, like Gecko) Chrome/64.0.3282.140 Safari/537.36 OPR/51.0.2830.34"
193.232.113.71 - - [27/Feb/2018:12:01:06 +0300] "GET /data/template/olson/js/jquery.bootstrap-touchspin.js HTTP/1.1" 200 24276 "http://stat.villanet.ru/main.php?action=payment" "Mozilla/5.0 (Windows NT 10.0; WOW64) AppleWebKit/537.36 (KHTML, like Gecko) Chrome/64.0.3282.140 Safari/537.36 OPR/51.0.2830.34"
193.232.113.71 - - [27/Feb/2018:12:01:07 +0300] "GET /favicon.ico HTTP/1.1" 200 13 "http://stat.villanet.ru/main.php?action=payment" "Mozilla/5.0 (Windows NT 10.0; WOW64) AppleWebKit/537.36 (KHTML, like Gecko) Chrome/64.0.3282.140 Safari/537.36 OPR/51.0.2830.34"
10.10.14.251 - - [27/Feb/2018:12:01:08 +0300] "GET /favicon.ico HTTP/1.1" 200 51 "-" "Mozilla/5.0 (Windows NT 10.0; WOW64) AppleWebKit/537.36 (KHTML, like Gecko) Chrome/63.0.3239.132 YaBrowser/18.1.1.839 Yowser/2.5 Safari/537.36"
193.232.113.71 - - [27/Feb/2018:12:01:20 +0300] "POST /pay.php?system=robokassa HTTP/1.1" 200 4893 "http://stat.villanet.ru/main.php?action=payment" "Mozilla/5.0 (Windows NT 10.0; WOW64) AppleWebKit/537.36 (KHTML, like Gecko) Chrome/64.0.3282.140 Safari/537.36 OPR/51.0.2830.34"
193.232.113.71 - - [27/Feb/2018:12:01:20 +0300] "GET /pay.php?system=robokassa HTTP/1.1" 200 27 "http://stat.villanet.ru/pay.php?system=robokassa" "Mozilla/5.0 (Windows NT 10.0; WOW64) AppleWebKit/537.36 (KHTML, like Gecko) Chrome/64.0.3282.140 Safari/537.36 OPR/51.0.2830.34"
193.232.113.73 - - [27/Feb/2018:12:01:26 +0300] "GET /favicon.ico HTTP/1.1" 200 51 "-" "Mozilla/5.0 (Windows NT 6.3; WOW64) AppleWebKit/537.36 (KHTML, like Gecko) Chrome/63.0.3239.132 YaBrowser/18.1.1.839 Yowser/2.5 Safari/537.36"
193.232.113.73 - - [27/Feb/2018:12:01:26 +0300] "GET /favicon.ico HTTP/1.1" 200 51 "-" "Mozilla/5.0 (Windows NT 6.3; WOW64) AppleWebKit/537.36 (KHTML, like Gecko) Chrome/63.0.3239.132 YaBrowser/18.1.1.839 Yowser/2.5 Safari/537.36"
193.232.113.73 - - [27/Feb/2018:12:01:26 +0300] "GET /favicon.ico HTTP/1.1" 200 51 "-" "Mozilla/5.0 (Windows NT 6.3; WOW64) AppleWebKit/537.36 (KHTML, like Gecko) Chrome/63.0.3239.132 YaBrowser/18.1.1.839 Yowser/2.5 Safari/537.36"
10.10.14.251 - - [27/Feb/2018:12:02:08 +0300] "GET /favicon.ico HTTP/1.1" 200 51 "-" "Mozilla/5.0 (Windows NT 10.0; WOW64) AppleWebKit/537.36 (KHTML, like Gecko) Chrome/63.0.3239.132 YaBrowser/18.1.1.839 Yowser/2.5 Safari/537.36"
193.232.113.73 - - [27/Feb/2018:12:02:26 +0300] "GET /favicon.ico HTTP/1.1" 200 51 "-" "Mozilla/5.0 (Windows NT 6.3; WOW64) AppleWebKit/537.36 (KHTML, like Gecko) Chrome/63.0.3239.132 YaBrowser/18.1.1.839 Yowser/2.5 Safari/537.36"
10.10.14.251 - - [27/Feb/2018:12:03:08 +0300] "GET /favicon.ico HTTP/1.1" 200 51 "-" "Mozilla/5.0 (Windows NT 10.0; WOW64) AppleWebKit/537.36 (KHTML, like Gecko) Chrome/63.0.3239.132 YaBrowser/18.1.1.839 Yowser/2.5 Safari/537.36"
193.232.113.73 - - [27/Feb/2018:12:03:26 +0300] "GET /favicon.ico HTTP/1.1" 200 51 "-" "Mozilla/5.0 (Windows NT 6.3; WOW64) AppleWebKit/537.36 (KHTML, like Gecko) Chrome/63.0.3239.132 YaBrowser/18.1.1.839 Yowser/2.5 Safari/537.36"
193.232.113.10 - - [27/Feb/2018:12:04:00 +0300] "GET /res/config.xml HTTP/1.1" 200 2494 "https://mikbill.ru" "Mozilla/4.0 (Windows; U; Windows NT 5.0; En; rv:1.8.0.2) Gecko/20070306 Firefox/1.0.0.4"
