193.232.113.70 - - [27/Feb/2018:10:14:37 +0300] "GET /data/template/olson/js/jquery.prettyPhoto.js HTTP/1.1" 304 0 "http://stat.villanet.ru/" "Mozilla/5.0 (Windows NT 6.1; WOW64) AppleWebKit/537.36 (KHTML, like Gecko) Chrome/62.0.3202.94 YaBrowser/17.11.1.988 Yowser/2.5 Safari/537.36"
193.232.113.70 - - [27/Feb/2018:10:14:37 +0300] "GET /data/template/olson/js/jquery.flot.js HTTP/1.1" 304 0 "http://stat.villanet.ru/" "Mozilla/5.0 (Windows NT 6.1; WOW64) AppleWebKit/537.36 (KHTML, like Gecko) Chrome/62.0.3202.94 YaBrowser/17.11.1.988 Yowser/2.5 Safari/537.36"
193.232.113.70 - - [27/Feb/2018:10:14:37 +0300] "GET /data/template/olson/js/jquery.flot.pie.js HTTP/1.1" 304 0 "http://stat.villanet.ru/" "Mozilla/5.0 (Windows NT 6.1; WOW64) AppleWebKit/537.36 (KHTML, like Gecko) Chrome/62.0.3202.94 YaBrowser/17.11.1.988 Yowser/2.5 Safari/537.36"
193.232.113.70 - - [27/Feb/2018:10:14:37 +0300] "GET /data/template/olson/js/jquery.flot.stack.js HTTP/1.1" 304 0 "http://stat.villanet.ru/" "Mozilla/5.0 (Windows NT 6.1; WOW64) AppleWebKit/537.36 (KHTML, like Gecko) Chrome/62.0.3202.94 YaBrowser/17.11.1.988 Yowser/2.5 Safari/537.36"
193.232.113.70 - - [27/Feb/2018:10:14:37 +0300] "GET /data/template/olson/js/jquery.flot.resize.js HTTP/1.1" 304 0 "http://stat.villanet.ru/" "Mozilla/5.0 (Windows NT 6.1; WOW64) AppleWebKit/537.36 (KHTML, like Gecko) Chrome/62.0.3202.94 YaBrowser/17.11.1.988 Yowser/2.5 Safari/537.36"
193.232.113.70 - - [27/Feb/2018:10:14:37 +0300] "GET /data/template/olson/js/jquery.gritter.min.js HTTP/1.1" 304 0 "http://stat.villanet.ru/" "Mozilla/5.0 (Windows NT 6.1; WOW64) AppleWebKit/537.36 (KHTML, like Gecko) Chrome/62.0.3202.94 YaBrowser/17.11.1.988 Yowser/2.5 Safari/537.36"
193.232.113.70 - - [27/Feb/2018:10:14:37 +0300] "GET /data/template/olson/js/jquery.cleditor.min.js HTTP/1.1" 304 0 "http://stat.villanet.ru/" "Mozilla/5.0 (Windows NT 6.1; WOW64) AppleWebKit/537.36 (KHTML, like Gecko) Chrome/62.0.3202.94 YaBrowser/17.11.1.988 Yowser/2.5 Safari/537.36"
193.232.113.70 - - [27/Feb/2018:10:14:37 +0300] "GET /data/template/olson/js/bootstrap-datetimepicker.min.js HTTP/1.1" 304 0 "http://stat.villanet.ru/" "Mozilla/5.0 (Windows NT 6.1; WOW64) AppleWebKit/537.36 (KHTML, like Gecko) Chrome/62.0.3202.94 YaBrowser/17.11.1.988 Yowser/2.5 Safari/537.36"
193.232.113.70 - - [27/Feb/2018:10:14:37 +0300] "GET /data/template/olson/js/bootstrap-switch.min.js HTTP/1.1" 304 0 "http://stat.villanet.ru/" "Mozilla/5.0 (Windows NT 6.1; WOW64) AppleWebKit/537.36 (KHTML, like Gecko) Chrome/62.0.3202.94 YaBrowser/17.11.1.988 Yowser/2.5 Safari/537.36"
193.232.113.70 - - [27/Feb/2018:10:14:37 +0300] "GET /data/template/olson/js/respond.min.js HTTP/1.1" 304 0 "http://stat.villanet.ru/" "Mozilla/5.0 (Windows NT 6.1; WOW64) AppleWebKit/537.36 (KHTML, like Gecko) Chrome/62.0.3202.94 YaBrowser/17.11.1.988 Yowser/2.5 Safari/537.36"
193.232.113.70 - - [27/Feb/2018:10:14:37 +0300] "GET /data/template/olson/js/html5shiv.js HTTP/1.1" 304 0 "http://stat.villanet.ru/" "Mozilla/5.0 (Windows NT 6.1; WOW64) AppleWebKit/537.36 (KHTML, like Gecko) Chrome/62.0.3202.94 YaBrowser/17.11.1.988 Yowser/2.5 Safari/537.36"
193.232.113.70 - - [27/Feb/2018:10:14:37 +0300] "GET /data/template/olson/js/custom.js HTTP/1.1" 304 0 "http://stat.villanet.ru/" "Mozilla/5.0 (Windows NT 6.1; WOW64) AppleWebKit/537.36 (KHTML, like Gecko) Chrome/62.0.3202.94 YaBrowser/17.11.1.988 Yowser/2.5 Safari/537.36"
193.232.113.70 - - [27/Feb/2018:10:14:39 +0300] "GET /data/template/olson/img/main-back.png HTTP/1.1" 304 0 "http://stat.villanet.ru/data/template/olson/css/style.css" "Mozilla/5.0 (Windows NT 6.1; WOW64) AppleWebKit/537.36 (KHTML, like Gecko) Chrome/62.0.3202.94 YaBrowser/17.11.1.988 Yowser/2.5 Safari/537.36"
193.232.113.70 - - [27/Feb/2018:10:14:39 +0300] "GET /data/template/olson/font/open-sans-condensed.woff HTTP/1.1" 304 0 "http://stat.villanet.ru/data/template/olson/css/font-awesome.min.css" "Mozilla/5.0 (Windows NT 6.1; WOW64) AppleWebKit/537.36 (KHTML, like Gecko) Chrome/62.0.3202.94 YaBrowser/17.11.1.988 Yowser/2.5 Safari/537.36"
193.232.113.70 - - [27/Feb/2018:10:14:39 +0300] "GET /data/template/olson/font/fontawesome-webfontf77b.woff?v=3.2.1 HTTP/1.1" 304 0 "http://stat.villanet.ru/data/template/olson/css/font-awesome.min.css" "Mozilla/5.0 (Windows NT 6.1; WOW64) AppleWebKit/537.36 (KHTML, like Gecko) Chrome/62.0.3202.94 YaBrowser/17.11.1.988 Yowser/2.5 Safari/537.36"
193.232.113.70 - - [27/Feb/2018:10:14:39 +0300] "GET /data/template/olson/img/footer-back.png HTTP/1.1" 304 0 "http://stat.villanet.ru/data/template/olson/css/style.css" "Mozilla/5.0 (Windows NT 6.1; WOW64) AppleWebKit/537.36 (KHTML, like Gecko) Chrome/62.0.3202.94 YaBrowser/17.11.1.988 Yowser/2.5 Safari/537.36"
193.232.113.70 - - [27/Feb/2018:10:14:41 +0300] "GET /favicon.ico HTTP/1.1" 200 51 "-" "Mozilla/5.0 (Windows NT 6.1; WOW64) AppleWebKit/537.36 (KHTML, like Gecko) Chrome/62.0.3202.94 YaBrowser/17.11.1.988 Yowser/2.5 Safari/537.36"
193.232.113.70 - - [27/Feb/2018:10:14:42 +0300] "GET /favicon.ico HTTP/1.1" 200 51 "http://stat.villanet.ru/" "Mozilla/5.0 (Windows NT 6.1; WOW64) AppleWebKit/537.36 (KHTML, like Gecko) Chrome/62.0.3202.94 YaBrowser/17.11.1.988 Yowser/2.5 Safari/537.36"
10.10.14.251 - - [27/Feb/2018:10:15:08 +0300] "GET /favicon.ico HTTP/1.1" 200 51 "-" "Mozilla/5.0 (Windows NT 10.0; WOW64) AppleWebKit/537.36 (KHTML, like Gecko) Chrome/63.0.3239.132 YaBrowser/18.1.1.839 Yowser/2.5 Safari/537.36"
193.232.113.10 - - [27/Feb/2018:10:15:12 +0300] "GET /res/config.xml HTTP/1.1" 200 2494 "https://mikbill.ru" "Mozilla/4.0 (Windows; U; Windows NT 5.0; En; rv:1.8.0.2) Gecko/20070306 Firefox/1.0.0.4"
193.232.113.10 - - [27/Feb/2018:10:15:12 +0300] "GET /ajax/index/getconfightml HTTP/1.1" 200 774 "https://mikbill.ru" "Mozilla/4.0 (Windows; U; Windows NT 5.0; En; rv:1.8.0.2) Gecko/20070306 Firefox/1.0.0.4"
193.232.113.10 - - [27/Feb/2018:10:15:12 +0300] "GET /ajax/users/checkloggedin HTTP/1.1" 302 5 "https://mikbill.ru" "Mozilla/4.0 (Windows; U; Windows NT 5.0; En; rv:1.8.0.2) Gecko/20070306 Firefox/1.0.0.4"
193.232.113.10 - - [27/Feb/2018:10:15:12 +0300] "POST /ajax/index/authip HTTP/1.1" 200 83 "https://mikbill.ru" "Mozilla/4.0 (Windows; U; Windows NT 5.0; En; rv:1.8.0.2) Gecko/20070306 Firefox/1.0.0.4"
193.232.113.10 - - [27/Feb/2018:10:15:12 +0300] "POST /ajax/index/authfl HTTP/1.1" 200 86 "https://mikbill.ru" "Mozilla/4.0 (Windows; U; Windows NT 5.0; En; rv:1.8.0.2) Gecko/20070306 Firefox/1.0.0.4"
193.232.113.10 - - [27/Feb/2018:10:15:13 +0300] "POST /ajax/users/checkchangemac HTTP/1.1" 200 62 "https://mikbill.ru" "Mozilla/4.0 (Windows; U; Windows NT 5.0; En; rv:1.8.0.2) Gecko/20070306 Firefox/1.0.0.4"
193.232.113.10 - - [27/Feb/2018:10:15:13 +0300] "GET /ajax/users/getuserdatafl HTTP/1.1" 200 4151 "https://mikbill.ru" "Mozilla/4.0 (Windows; U; Windows NT 5.0; En; rv:1.8.0.2) Gecko/20070306 Firefox/1.0.0.4"
193.232.113.10 - - [27/Feb/2018:10:15:13 +0300] "GET /ajax/index/getserverdate HTTP/1.1" 200 57 "https://mikbill.ru" "Mozilla/4.0 (Windows; U; Windows NT 5.0; En; rv:1.8.0.2) Gecko/20070306 Firefox/1.0.0.4"
193.232.113.10 - - [27/Feb/2018:10:15:13 +0300] "GET /ajax/users/getcabinetnewsdb HTTP/1.1" 200 67 "https://mikbill.ru" "Mozilla/4.0 (Windows; U; Windows NT 5.0; En; rv:1.8.0.2) Gecko/20070306 Firefox/1.0.0.4"
193.232.113.10 - - [27/Feb/2018:10:15:13 +0300] "POST /json/users/getallpersonalservicesuser HTTP/1.1" 200 508 "https://mikbill.ru" "Mozilla/4.0 (Windows; U; Windows NT 5.0; En; rv:1.8.0.2) Gecko/20070306 Firefox/1.0.0.4"
193.232.113.10 - - [27/Feb/2018:10:15:13 +0300] "POST /ajax/ticketview/getticketslist2x HTTP/1.1" 200 82 "https://mikbill.ru" "Mozilla/4.0 (Windows; U; Windows NT 5.0; En; rv:1.8.0.2) Gecko/20070306 Firefox/1.0.0.4"
193.232.113.70 - - [27/Feb/2018:10:15:13 +0300] "POST /main.php HTTP/1.1" 200 15980 "http://stat.villanet.ru/" "Mozilla/5.0 (Windows NT 6.1; WOW64) AppleWebKit/537.36 (KHTML, like Gecko) Chrome/62.0.3202.94 YaBrowser/17.11.1.988 Yowser/2.5 Safari/537.36"
193.232.113.70 - - [27/Feb/2018:10:15:15 +0300] "GET /favicon.ico HTTP/1.1" 200 13 "http://stat.villanet.ru/main.php" "Mozilla/5.0 (Windows NT 6.1; WOW64) AppleWebKit/537.36 (KHTML, like Gecko) Chrome/62.0.3202.94 YaBrowser/17.11.1.988 Yowser/2.5 Safari/537.36"
193.232.113.73 - - [27/Feb/2018:10:15:25 +0300] "GET /favicon.ico HTTP/1.1" 200 51 "-" "Mozilla/5.0 (Windows NT 6.3; WOW64) AppleWebKit/537.36 (KHTML, like Gecko) Chrome/63.0.3239.132 YaBrowser/18.1.1.839 Yowser/2.5 Safari/537.36"
193.232.113.10 - - [27/Feb/2018:10:15:38 +0300] "GET /res/config.xml HTTP/1.1" 200 2494 "https://mikbill.ru" "Mozilla/4.0 (Windows; U; Windows NT 5.0; En; rv:1.8.0.2) Gecko/20070306 Firefox/1.0.0.4"
193.232.113.10 - - [27/Feb/2018:10:15:38 +0300] "GET /ajax/index/getconfightml HTTP/1.1" 200 774 "https://mikbill.ru" "Mozilla/4.0 (Windows; U; Windows NT 5.0; En; rv:1.8.0.2) Gecko/20070306 Firefox/1.0.0.4"
193.232.113.10 - - [27/Feb/2018:10:15:38 +0300] "GET /ajax/users/checkloggedin HTTP/1.1" 200 37 "https://mikbill.ru" "Mozilla/4.0 (Windows; U; Windows NT 5.0; En; rv:1.8.0.2) Gecko/20070306 Firefox/1.0.0.4"
193.232.113.10 - - [27/Feb/2018:10:15:39 +0300] "GET /ajax/users/getuserdatafl HTTP/1.1" 200 4145 "https://mikbill.ru" "Mozilla/4.0 (Windows; U; Windows NT 5.0; En; rv:1.8.0.2) Gecko/20070306 Firefox/1.0.0.4"
193.232.113.10 - - [27/Feb/2018:10:15:39 +0300] "GET /ajax/index/getserverdate HTTP/1.1" 200 57 "https://mikbill.ru" "Mozilla/4.0 (Windows; U; Windows NT 5.0; En; rv:1.8.0.2) Gecko/20070306 Firefox/1.0.0.4"
193.232.113.10 - - [27/Feb/2018:10:15:39 +0300] "POST /json/users/getallpersonalservicesuser HTTP/1.1" 200 508 "https://mikbill.ru" "Mozilla/4.0 (Windows; U; Windows NT 5.0; En; rv:1.8.0.2) Gecko/20070306 Firefox/1.0.0.4"
193.232.113.10 - - [27/Feb/2018:10:15:39 +0300] "POST /ajax/ticketview/getticketslist2x HTTP/1.1" 200 82 "https://mikbill.ru" "Mozilla/4.0 (Windows; U; Windows NT 5.0; En; rv:1.8.0.2) Gecko/20070306 Firefox/1.0.0.4"
193.232.113.70 - - [27/Feb/2018:10:15:39 +0300] "GET /main.php?action=payment HTTP/1.1" 200 31573 "http://stat.villanet.ru/main.php" "Mozilla/5.0 (Windows NT 6.1; WOW64) AppleWebKit/537.36 (KHTML, like Gecko) Chrome/62.0.3202.94 YaBrowser/17.11.1.988 Yowser/2.5 Safari/537.36"
193.232.113.70 - - [27/Feb/2018:10:15:39 +0300] "GET /data/template/olson/css/jquery.bootstrap-touchspin.css HTTP/1.1" 304 0 "http://stat.villanet.ru/main.php?action=payment" "Mozilla/5.0 (Windows NT 6.1; WOW64) AppleWebKit/537.36 (KHTML, like Gecko) Chrome/62.0.3202.94 YaBrowser/17.11.1.988 Yowser/2.5 Safari/537.36"
193.232.113.70 - - [27/Feb/2018:10:15:39 +0300] "GET /data/template/olson/js/jquery.bootstrap-touchspin.js HTTP/1.1" 304 0 "http://stat.villanet.ru/main.php?action=payment" "Mozilla/5.0 (Windows NT 6.1; WOW64) AppleWebKit/537.36 (KHTML, like Gecko) Chrome/62.0.3202.94 YaBrowser/17.11.1.988 Yowser/2.5 Safari/537.36"
193.232.113.70 - - [27/Feb/2018:10:15:39 +0300] "GET /data/template/olson/js/jquery.autotab.js HTTP/1.1" 304 0 "http://stat.villanet.ru/main.php?action=payment" "Mozilla/5.0 (Windows NT 6.1; WOW64) AppleWebKit/537.36 (KHTML, like Gecko) Chrome/62.0.3202.94 YaBrowser/17.11.1.988 Yowser/2.5 Safari/537.36"
193.232.113.70 - - [27/Feb/2018:10:15:40 +0300] "GET /favicon.ico HTTP/1.1" 200 13 "http://stat.villanet.ru/main.php?action=payment" "Mozilla/5.0 (Windows NT 6.1; WOW64) AppleWebKit/537.36 (KHTML, like Gecko) Chrome/62.0.3202.94 YaBrowser/17.11.1.988 Yowser/2.5 Safari/537.36"
193.232.113.70 - - [27/Feb/2018:10:15:59 +0300] "POST /pay.php?system=robokassa HTTP/1.1" 200 4873 "http://stat.villanet.ru/main.php?action=payment" "Mozilla/5.0 (Windows NT 6.1; WOW64) AppleWebKit/537.36 (KHTML, like Gecko) Chrome/62.0.3202.94 YaBrowser/17.11.1.988 Yowser/2.5 Safari/537.36"
193.232.113.70 - - [27/Feb/2018:10:15:59 +0300] "GET /pay.php?system=robokassa HTTP/1.1" 200 27 "http://stat.villanet.ru/pay.php?system=robokassa" "Mozilla/5.0 (Windows NT 6.1; WOW64) AppleWebKit/537.36 (KHTML, like Gecko) Chrome/62.0.3202.94 YaBrowser/17.11.1.988 Yowser/2.5 Safari/537.36"
10.10.14.251 - - [27/Feb/2018:10:16:08 +0300] "GET /favicon.ico HTTP/1.1" 200 51 "-" "Mozilla/5.0 (Windows NT 10.0; WOW64) AppleWebKit/537.36 (KHTML, like Gecko) Chrome/63.0.3239.132 YaBrowser/18.1.1.839 Yowser/2.5 Safari/537.36"
193.232.113.73 - - [27/Feb/2018:10:16:25 +0300] "GET /favicon.ico HTTP/1.1" 200 51 "-" "Mozilla/5.0 (Windows NT 6.3; WOW64) AppleWebKit/537.36 (KHTML, like Gecko) Chrome/63.0.3239.132 YaBrowser/18.1.1.839 Yowser/2.5 Safari/537.36"
10.10.14.251 - - [27/Feb/2018:10:17:08 +0300] "GET /favicon.ico HTTP/1.1" 200 51 "-" "Mozilla/5.0 (Windows NT 10.0; WOW64) AppleWebKit/537.36 (KHTML, like Gecko) Chrome/63.0.3239.132 YaBrowser/18.1.1.839 Yowser/2.5 Safari/537.36"
193.232.113.73 - - [27/Feb/2018:10:17:25 +0300] "GET /favicon.ico HTTP/1.1" 200 51 "-" "Mozilla/5.0 (Windows NT 6.3; WOW64) AppleWebKit/537.36 (KHTML, like Gecko) Chrome/63.0.3239.132 YaBrowser/18.1.1.839 Yowser/2.5 Safari/537.36"
10.10.14.251 - - [27/Feb/2018:10:18:08 +0300] "GET /favicon.ico HTTP/1.1" 200 51 "-" "Mozilla/5.0 (Windows NT 10.0; WOW64) AppleWebKit/537.36 (KHTML, like Gecko) Chrome/63.0.3239.132 YaBrowser/18.1.1.839 Yowser/2.5 Safari/537.36"
193.232.113.73 - - [27/Feb/2018:10:18:25 +0300] "GET /favicon.ico HTTP/1.1" 200 51 "-" "Mozilla/5.0 (Windows NT 6.3; WOW64) AppleWebKit/537.36 (KHTML, like Gecko) Chrome/63.0.3239.132 YaBrowser/18.1.1.839 Yowser/2.5 Safari/537.36"
10.10.14.251 - - [27/Feb/2018:10:19:08 +0300] "GET /favicon.ico HTTP/1.1" 200 51 "-" "Mozilla/5.0 (Windows NT 10.0; WOW64) AppleWebKit/537.36 (KHTML, like Gecko) Chrome/63.0.3239.132 YaBrowser/18.1.1.839 Yowser/2.5 Safari/537.36"
193.232.113.73 - - [27/Feb/2018:10:19:25 +0300] "GET /favicon.ico HTTP/1.1" 200 51 "-" "Mozilla/5.0 (Windows NT 6.3; WOW64) AppleWebKit/537.36 (KHTML, like Gecko) Chrome/63.0.3239.132 YaBrowser/18.1.1.839 Yowser/2.5 Safari/537.36"
10.10.14.251 - - [27/Feb/2018:10:20:08 +0300] "GET /favicon.ico HTTP/1.1" 200 51 "-" "Mozilla/5.0 (Windows NT 10.0; WOW64) AppleWebKit/537.36 (KHTML, like Gecko) Chrome/63.0.3239.132 YaBrowser/18.1.1.839 Yowser/2.5 Safari/537.36"
193.232.113.73 - - [27/Feb/2018:10:20:25 +0300] "GET /favicon.ico HTTP/1.1" 200 51 "-" "Mozilla/5.0 (Windows NT 6.3; WOW64) AppleWebKit/537.36 (KHTML, like Gecko) Chrome/63.0.3239.132 YaBrowser/18.1.1.839 Yowser/2.5 Safari/537.36"
10.10.14.251 - - [27/Feb/2018:10:21:08 +0300] "GET /favicon.ico HTTP/1.1" 200 51 "-" "Mozilla/5.0 (Windows NT 10.0; WOW64) AppleWebKit/537.36 (KHTML, like Gecko) Chrome/63.0.3239.132 YaBrowser/18.1.1.839 Yowser/2.5 Safari/537.36"
193.232.113.73 - - [27/Feb/2018:10:21:25 +0300] "GET /favicon.ico HTTP/1.1" 200 51 "-" "Mozilla/5.0 (Windows NT 6.3; WOW64) AppleWebKit/537.36 (KHTML, like Gecko) Chrome/63.0.3239.132 YaBrowser/18.1.1.839 Yowser/2.5 Safari/537.36"
10.10.14.251 - - [27/Feb/2018:10:22:08 +0300] "GET /favicon.ico HTTP/1.1" 200 51 "-" "Mozilla/5.0 (Windows NT 10.0; WOW64) AppleWebKit/537.36 (KHTML, like Gecko) Chrome/63.0.3239.132 YaBrowser/18.1.1.839 Yowser/2.5 Safari/537.36"
193.232.113.73 - - [27/Feb/2018:10:22:25 +0300] "GET /favicon.ico HTTP/1.1" 200 51 "-" "Mozilla/5.0 (Windows NT 6.3; WOW64) AppleWebKit/537.36 (KHTML, like Gecko) Chrome/63.0.3239.132 YaBrowser/18.1.1.839 Yowser/2.5 Safari/537.36"
193.232.113.10 - - [27/Feb/2018:10:22:28 +0300] "GET /res/config.xml HTTP/1.1" 200 2494 "https://mikbill.ru" "Mozilla/4.0 (Windows; U; Windows NT 5.0; En; rv:1.8.0.2) Gecko/20070306 Firefox/1.0.0.4"
193.232.113.10 - - [27/Feb/2018:10:22:28 +0300] "GET /ajax/index/getconfightml HTTP/1.1" 200 774 "https://mikbill.ru" "Mozilla/4.0 (Windows; U; Windows NT 5.0; En; rv:1.8.0.2) Gecko/20070306 Firefox/1.0.0.4"
193.232.113.10 - - [27/Feb/2018:10:22:28 +0300] "GET /ajax/users/checkloggedin HTTP/1.1" 302 5 "https://mikbill.ru" "Mozilla/4.0 (Windows; U; Windows NT 5.0; En; rv:1.8.0.2) Gecko/20070306 Firefox/1.0.0.4"
193.232.113.10 - - [27/Feb/2018:10:22:28 +0300] "POST /ajax/index/authip HTTP/1.1" 200 83 "https://mikbill.ru" "Mozilla/4.0 (Windows; U; Windows NT 5.0; En; rv:1.8.0.2) Gecko/20070306 Firefox/1.0.0.4"
193.232.113.10 - - [27/Feb/2018:10:22:28 +0300] "GET /ajax/index/logoutfl HTTP/1.1" 200 20 "https://mikbill.ru" "Mozilla/4.0 (Windows; U; Windows NT 5.0; En; rv:1.8.0.2) Gecko/20070306 Firefox/1.0.0.4"
193.232.113.72 - - [27/Feb/2018:10:22:28 +0300] "POST / HTTP/1.1" 200 7856 "-" "Mozilla/5.0 (Windows NT 6.3; Win64; x64) AppleWebKit/537.36 (KHTML, like Gecko) Chrome/63.0.3239.132 Safari/537.36"
193.232.113.72 - - [27/Feb/2018:10:22:28 +0300] "GET /data/template/olson/css/jquery.gritter.css HTTP/1.1" 200 2176 "http://stat.villanet.ru/" "Mozilla/5.0 (Windows NT 6.3; Win64; x64) AppleWebKit/537.36 (KHTML, like Gecko) Chrome/63.0.3239.132 Safari/537.36"
193.232.113.72 - - [27/Feb/2018:10:22:28 +0300] "GET /data/template/olson/css/fullcalendar.css HTTP/1.1" 200 11507 "http://stat.villanet.ru/" "Mozilla/5.0 (Windows NT 6.3; Win64; x64) AppleWebKit/537.36 (KHTML, like Gecko) Chrome/63.0.3239.132 Safari/537.36"
193.232.113.72 - - [27/Feb/2018:10:22:28 +0300] "GET /data/template/olson/css/bootstrap-switch.css HTTP/1.1" 200 14994 "http://stat.villanet.ru/" "Mozilla/5.0 (Windows NT 6.3; Win64; x64) AppleWebKit/537.36 (KHTML, like Gecko) Chrome/63.0.3239.132 Safari/537.36"
193.232.113.72 - - [27/Feb/2018:10:22:28 +0300] "GET /data/template/olson/css/bootstrap-datetimepicker.min.css HTTP/1.1" 200 6640 "http://stat.villanet.ru/" "Mozilla/5.0 (Windows NT 6.3; Win64; x64) AppleWebKit/537.36 (KHTML, like Gecko) Chrome/63.0.3239.132 Safari/537.36"
193.232.113.72 - - [27/Feb/2018:10:22:28 +0300] "GET /data/template/olson/css/animate.min.css HTTP/1.1" 200 68322 "http://stat.villanet.ru/" "Mozilla/5.0 (Windows NT 6.3; Win64; x64) AppleWebKit/537.36 (KHTML, like Gecko) Chrome/63.0.3239.132 Safari/537.36"
193.232.113.72 - - [27/Feb/2018:10:22:28 +0300] "GET /data/template/olson/css/bootstrap.min.css HTTP/1.1" 200 124591 "http://stat.villanet.ru/" "Mozilla/5.0 (Windows NT 6.3; Win64; x64) AppleWebKit/537.36 (KHTML, like Gecko) Chrome/63.0.3239.132 Safari/537.36"
193.232.113.72 - - [27/Feb/2018:10:22:28 +0300] "GET /data/template/olson/css/rateit.css HTTP/1.1" 200 1601 "http://stat.villanet.ru/" "Mozilla/5.0 (Windows NT 6.3; Win64; x64) AppleWebKit/537.36 (KHTML, like Gecko) Chrome/63.0.3239.132 Safari/537.36"
193.232.113.72 - - [27/Feb/2018:10:22:28 +0300] "GET /data/template/olson/css/jquery.cleditor.css HTTP/1.1" 200 1740 "http://stat.villanet.ru/" "Mozilla/5.0 (Windows NT 6.3; Win64; x64) AppleWebKit/537.36 (KHTML, like Gecko) Chrome/63.0.3239.132 Safari/537.36"
193.232.113.72 - - [27/Feb/2018:10:22:28 +0300] "GET /data/template/olson/css/jquery-ui.css HTTP/1.1" 200 23467 "http://stat.villanet.ru/" "Mozilla/5.0 (Windows NT 6.3; Win64; x64) AppleWebKit/537.36 (KHTML, like Gecko) Chrome/63.0.3239.132 Safari/537.36"
193.232.113.72 - - [27/Feb/2018:10:22:28 +0300] "GET /data/template/olson/css/prettyPhoto.css HTTP/1.1" 200 22489 "http://stat.villanet.ru/" "Mozilla/5.0 (Windows NT 6.3; Win64; x64) AppleWebKit/537.36 (KHTML, like Gecko) Chrome/63.0.3239.132 Safari/537.36"
193.232.113.72 - - [27/Feb/2018:10:22:28 +0300] "GET /data/template/olson/css/font-awesome.min.css HTTP/1.1" 200 26927 "http://stat.villanet.ru/" "Mozilla/5.0 (Windows NT 6.3; Win64; x64) AppleWebKit/537.36 (KHTML, like Gecko) Chrome/63.0.3239.132 Safari/537.36"
193.232.113.72 - - [27/Feb/2018:10:22:28 +0300] "GET /data/template/olson/css/style.css HTTP/1.1" 200 19154 "http://stat.villanet.ru/" "Mozilla/5.0 (Windows NT 6.3; Win64; x64) AppleWebKit/537.36 (KHTML, like Gecko) Chrome/63.0.3239.132 Safari/537.36"
193.232.113.72 - - [27/Feb/2018:10:22:28 +0300] "GET /data/template/olson/js/bootstrap.min.js HTTP/1.1" 200 36193 "http://stat.villanet.ru/" "Mozilla/5.0 (Windows NT 6.3; Win64; x64) AppleWebKit/537.36 (KHTML, like Gecko) Chrome/63.0.3239.132 Safari/537.36"
193.232.113.72 - - [27/Feb/2018:10:22:29 +0300] "GET /data/template/olson/js/jquery-ui-1.10.2.custom.min.js HTTP/1.1" 200 93560 "http://stat.villanet.ru/" "Mozilla/5.0 (Windows NT 6.3; Win64; x64) AppleWebKit/537.36 (KHTML, like Gecko) Chrome/63.0.3239.132 Safari/537.36"
193.232.113.72 - - [27/Feb/2018:10:22:29 +0300] "GET /data/template/olson/js/peity.js HTTP/1.1" 200 4890 "http://stat.villanet.ru/" "Mozilla/5.0 (Windows NT 6.3; Win64; x64) AppleWebKit/537.36 (KHTML, like Gecko) Chrome/63.0.3239.132 Safari/537.36"
193.232.113.72 - - [27/Feb/2018:10:22:29 +0300] "GET /data/template/olson/js/jquery.prettyPhoto.js HTTP/1.1" 200 33209 "http://stat.villanet.ru/" "Mozilla/5.0 (Windows NT 6.3; Win64; x64) AppleWebKit/537.36 (KHTML, like Gecko) Chrome/63.0.3239.132 Safari/537.36"
193.232.113.72 - - [27/Feb/2018:10:22:29 +0300] "GET /data/template/olson/js/jquery.rateit.min.js HTTP/1.1" 200 5740 "http://stat.villanet.ru/" "Mozilla/5.0 (Windows NT 6.3; Win64; x64) AppleWebKit/537.36 (KHTML, like Gecko) Chrome/63.0.3239.132 Safari/537.36"
193.232.113.72 - - [27/Feb/2018:10:22:29 +0300] "GET /data/template/olson/js/jquery.js HTTP/1.1" 200 142675 "http://stat.villanet.ru/" "Mozilla/5.0 (Windows NT 6.3; Win64; x64) AppleWebKit/537.36 (KHTML, like Gecko) Chrome/63.0.3239.132 Safari/537.36"
193.232.113.72 - - [27/Feb/2018:10:22:29 +0300] "GET /data/template/olson/font/open-sans-condensed.woff HTTP/1.1" 200 42824 "http://stat.villanet.ru/data/template/olson/css/font-awesome.min.css" "Mozilla/5.0 (Windows NT 6.3; Win64; x64) AppleWebKit/537.36 (KHTML, like Gecko) Chrome/63.0.3239.132 Safari/537.36"
193.232.113.72 - - [27/Feb/2018:10:22:29 +0300] "GET /data/template/olson/js/fullcalendar.min.js HTTP/1.1" 200 80104 "http://stat.villanet.ru/" "Mozilla/5.0 (Windows NT 6.3; Win64; x64) AppleWebKit/537.36 (KHTML, like Gecko) Chrome/63.0.3239.132 Safari/537.36"
193.232.113.72 - - [27/Feb/2018:10:22:29 +0300] "GET /data/template/olson/js/jquery.flot.js HTTP/1.1" 200 59598 "http://stat.villanet.ru/" "Mozilla/5.0 (Windows NT 6.3; Win64; x64) AppleWebKit/537.36 (KHTML, like Gecko) Chrome/63.0.3239.132 Safari/537.36"
193.232.113.72 - - [27/Feb/2018:10:22:29 +0300] "GET /data/template/olson/js/jquery.flot.pie.js HTTP/1.1" 200 15161 "http://stat.villanet.ru/" "Mozilla/5.0 (Windows NT 6.3; Win64; x64) AppleWebKit/537.36 (KHTML, like Gecko) Chrome/63.0.3239.132 Safari/537.36"
193.232.113.72 - - [27/Feb/2018:10:22:29 +0300] "GET /data/template/olson/font/fontawesome-webfontf77b.woff?v=3.2.1 HTTP/1.1" 200 43572 "http://stat.villanet.ru/data/template/olson/css/font-awesome.min.css" "Mozilla/5.0 (Windows NT 6.3; Win64; x64) AppleWebKit/537.36 (KHTML, like Gecko) Chrome/63.0.3239.132 Safari/537.36"
193.232.113.72 - - [27/Feb/2018:10:22:29 +0300] "GET /data/template/olson/js/jquery.flot.stack.js HTTP/1.1" 200 4197 "http://stat.villanet.ru/" "Mozilla/5.0 (Windows NT 6.3; Win64; x64) AppleWebKit/537.36 (KHTML, like Gecko) Chrome/63.0.3239.132 Safari/537.36"
193.232.113.72 - - [27/Feb/2018:10:22:29 +0300] "GET /data/template/olson/js/jquery.flot.resize.js HTTP/1.1" 200 2561 "http://stat.villanet.ru/" "Mozilla/5.0 (Windows NT 6.3; Win64; x64) AppleWebKit/537.36 (KHTML, like Gecko) Chrome/63.0.3239.132 Safari/537.36"
193.232.113.72 - - [27/Feb/2018:10:22:29 +0300] "GET /data/template/olson/js/jquery.gritter.min.js HTTP/1.1" 200 7282 "http://stat.villanet.ru/" "Mozilla/5.0 (Windows NT 6.3; Win64; x64) AppleWebKit/537.36 (KHTML, like Gecko) Chrome/63.0.3239.132 Safari/537.36"
193.232.113.72 - - [27/Feb/2018:10:22:29 +0300] "GET /data/template/olson/js/jquery.cleditor.min.js HTTP/1.1" 200 16578 "http://stat.villanet.ru/" "Mozilla/5.0 (Windows NT 6.3; Win64; x64) AppleWebKit/537.36 (KHTML, like Gecko) Chrome/63.0.3239.132 Safari/537.36"
193.232.113.72 - - [27/Feb/2018:10:22:29 +0300] "GET /data/template/olson/js/bootstrap-datetimepicker.min.js HTTP/1.1" 200 40773 "http://stat.villanet.ru/" "Mozilla/5.0 (Windows NT 6.3; Win64; x64) AppleWebKit/537.36 (KHTML, like Gecko) Chrome/63.0.3239.132 Safari/537.36"
193.232.113.72 - - [27/Feb/2018:10:22:29 +0300] "GET /data/template/olson/js/bootstrap-switch.min.js HTTP/1.1" 200 13665 "http://stat.villanet.ru/" "Mozilla/5.0 (Windows NT 6.3; Win64; x64) AppleWebKit/537.36 (KHTML, like Gecko) Chrome/63.0.3239.132 Safari/537.36"
193.232.113.72 - - [27/Feb/2018:10:22:29 +0300] "GET /data/template/olson/js/respond.min.js HTTP/1.1" 200 5750 "http://stat.villanet.ru/" "Mozilla/5.0 (Windows NT 6.3; Win64; x64) AppleWebKit/537.36 (KHTML, like Gecko) Chrome/63.0.3239.132 Safari/537.36"
193.232.113.72 - - [27/Feb/2018:10:22:29 +0300] "GET /data/template/olson/js/html5shiv.js HTTP/1.1" 200 10435 "http://stat.villanet.ru/" "Mozilla/5.0 (Windows NT 6.3; Win64; x64) AppleWebKit/537.36 (KHTML, like Gecko) Chrome/63.0.3239.132 Safari/537.36"
193.232.113.72 - - [27/Feb/2018:10:22:29 +0300] "GET /data/template/olson/js/custom.js HTTP/1.1" 200 9882 "http://stat.villanet.ru/" "Mozilla/5.0 (Windows NT 6.3; Win64; x64) AppleWebKit/537.36 (KHTML, like Gecko) Chrome/63.0.3239.132 Safari/537.36"
193.232.113.72 - - [27/Feb/2018:10:22:29 +0300] "GET /data/template/olson/img/main-back.png HTTP/1.1" 200 661 "http://stat.villanet.ru/data/template/olson/css/style.css" "Mozilla/5.0 (Windows NT 6.3; Win64; x64) AppleWebKit/537.36 (KHTML, like Gecko) Chrome/63.0.3239.132 Safari/537.36"
193.232.113.72 - - [27/Feb/2018:10:22:29 +0300] "GET /data/template/olson/img/footer-back.png HTTP/1.1" 200 16522 "http://stat.villanet.ru/data/template/olson/css/style.css" "Mozilla/5.0 (Windows NT 6.3; Win64; x64) AppleWebKit/537.36 (KHTML, like Gecko) Chrome/63.0.3239.132 Safari/537.36"
193.232.113.72 - - [27/Feb/2018:10:22:29 +0300] "GET /favicon.ico HTTP/1.1" 200 51 "http://stat.villanet.ru/" "Mozilla/5.0 (Windows NT 6.3; Win64; x64) AppleWebKit/537.36 (KHTML, like Gecko) Chrome/63.0.3239.132 Safari/537.36"
10.10.14.251 - - [27/Feb/2018:10:23:08 +0300] "GET /favicon.ico HTTP/1.1" 200 51 "-" "Mozilla/5.0 (Windows NT 10.0; WOW64) AppleWebKit/537.36 (KHTML, like Gecko) Chrome/63.0.3239.132 YaBrowser/18.1.1.839 Yowser/2.5 Safari/537.36"
193.232.113.73 - - [27/Feb/2018:10:23:25 +0300] "GET /favicon.ico HTTP/1.1" 200 51 "-" "Mozilla/5.0 (Windows NT 6.3; WOW64) AppleWebKit/537.36 (KHTML, like Gecko) Chrome/63.0.3239.132 YaBrowser/18.1.1.839 Yowser/2.5 Safari/537.36"
10.10.14.251 - - [27/Feb/2018:10:24:08 +0300] "GET /favicon.ico HTTP/1.1" 200 51 "-" "Mozilla/5.0 (Windows NT 10.0; WOW64) AppleWebKit/537.36 (KHTML, like Gecko) Chrome/63.0.3239.132 YaBrowser/18.1.1.839 Yowser/2.5 Safari/537.36"
193.232.113.73 - - [27/Feb/2018:10:24:25 +0300] "GET /favicon.ico HTTP/1.1" 200 51 "-" "Mozilla/5.0 (Windows NT 6.3; WOW64) AppleWebKit/537.36 (KHTML, like Gecko) Chrome/63.0.3239.132 YaBrowser/18.1.1.839 Yowser/2.5 Safari/537.36"
10.10.14.251 - - [27/Feb/2018:10:25:08 +0300] "GET /favicon.ico HTTP/1.1" 200 51 "-" "Mozilla/5.0 (Windows NT 10.0; WOW64) AppleWebKit/537.36 (KHTML, like Gecko) Chrome/63.0.3239.132 YaBrowser/18.1.1.839 Yowser/2.5 Safari/537.36"
193.232.113.73 - - [27/Feb/2018:10:25:25 +0300] "GET /favicon.ico HTTP/1.1" 200 51 "-" "Mozilla/5.0 (Windows NT 6.3; WOW64) AppleWebKit/537.36 (KHTML, like Gecko) Chrome/63.0.3239.132 YaBrowser/18.1.1.839 Yowser/2.5 Safari/537.36"
10.10.14.251 - - [27/Feb/2018:10:26:08 +0300] "GET /favicon.ico HTTP/1.1" 200 51 "-" "Mozilla/5.0 (Windows NT 10.0; WOW64) AppleWebKit/537.36 (KHTML, like Gecko) Chrome/63.0.3239.132 YaBrowser/18.1.1.839 Yowser/2.5 Safari/537.36"
193.232.113.73 - - [27/Feb/2018:10:26:25 +0300] "GET /favicon.ico HTTP/1.1" 200 51 "-" "Mozilla/5.0 (Windows NT 6.3; WOW64) AppleWebKit/537.36 (KHTML, like Gecko) Chrome/63.0.3239.132 YaBrowser/18.1.1.839 Yowser/2.5 Safari/537.36"
10.10.14.251 - - [27/Feb/2018:10:27:08 +0300] "GET /favicon.ico HTTP/1.1" 200 51 "-" "Mozilla/5.0 (Windows NT 10.0; WOW64) AppleWebKit/537.36 (KHTML, like Gecko) Chrome/63.0.3239.132 YaBrowser/18.1.1.839 Yowser/2.5 Safari/537.36"
193.232.113.73 - - [27/Feb/2018:10:27:25 +0300] "GET /favicon.ico HTTP/1.1" 200 51 "-" "Mozilla/5.0 (Windows NT 6.3; WOW64) AppleWebKit/537.36 (KHTML, like Gecko) Chrome/63.0.3239.132 YaBrowser/18.1.1.839 Yowser/2.5 Safari/537.36"
10.10.14.251 - - [27/Feb/2018:10:28:08 +0300] "GET /favicon.ico HTTP/1.1" 200 51 "-" "Mozilla/5.0 (Windows NT 10.0; WOW64) AppleWebKit/537.36 (KHTML, like Gecko) Chrome/63.0.3239.132 YaBrowser/18.1.1.839 Yowser/2.5 Safari/537.36"
193.232.113.73 - - [27/Feb/2018:10:28:25 +0300] "GET /favicon.ico HTTP/1.1" 200 51 "-" "Mozilla/5.0 (Windows NT 6.3; WOW64) AppleWebKit/537.36 (KHTML, like Gecko) Chrome/63.0.3239.132 YaBrowser/18.1.1.839 Yowser/2.5 Safari/537.36"
10.10.14.251 - - [27/Feb/2018:10:29:08 +0300] "GET /favicon.ico HTTP/1.1" 200 51 "-" "Mozilla/5.0 (Windows NT 10.0; WOW64) AppleWebKit/537.36 (KHTML, like Gecko) Chrome/63.0.3239.132 YaBrowser/18.1.1.839 Yowser/2.5 Safari/537.36"
193.232.113.73 - - [27/Feb/2018:10:29:25 +0300] "GET /favicon.ico HTTP/1.1" 200 51 "-" "Mozilla/5.0 (Windows NT 6.3; WOW64) AppleWebKit/537.36 (KHTML, like Gecko) Chrome/63.0.3239.132 YaBrowser/18.1.1.839 Yowser/2.5 Safari/537.36"
10.10.14.251 - - [27/Feb/2018:10:30:08 +0300] "GET /favicon.ico HTTP/1.1" 200 51 "-" "Mozilla/5.0 (Windows NT 10.0; WOW64) AppleWebKit/537.36 (KHTML, like Gecko) Chrome/63.0.3239.132 YaBrowser/18.1.1.839 Yowser/2.5 Safari/537.36"
193.232.113.73 - - [27/Feb/2018:10:30:25 +0300] "GET /favicon.ico HTTP/1.1" 200 51 "-" "Mozilla/5.0 (Windows NT 6.3; WOW64) AppleWebKit/537.36 (KHTML, like Gecko) Chrome/63.0.3239.132 YaBrowser/18.1.1.839 Yowser/2.5 Safari/537.36"
10.10.14.251 - - [27/Feb/2018:10:31:08 +0300] "GET /favicon.ico HTTP/1.1" 200 51 "-" "Mozilla/5.0 (Windows NT 10.0; WOW64) AppleWebKit/537.36 (KHTML, like Gecko) Chrome/63.0.3239.132 YaBrowser/18.1.1.839 Yowser/2.5 Safari/537.36"
193.232.113.73 - - [27/Feb/2018:10:31:25 +0300] "GET /favicon.ico HTTP/1.1" 200 51 "-" "Mozilla/5.0 (Windows NT 6.3; WOW64) AppleWebKit/537.36 (KHTML, like Gecko) Chrome/63.0.3239.132 YaBrowser/18.1.1.839 Yowser/2.5 Safari/537.36"
10.10.14.251 - - [27/Feb/2018:10:32:08 +0300] "GET /favicon.ico HTTP/1.1" 200 51 "-" "Mozilla/5.0 (Windows NT 10.0; WOW64) AppleWebKit/537.36 (KHTML, like Gecko) Chrome/63.0.3239.132 YaBrowser/18.1.1.839 Yowser/2.5 Safari/537.36"
193.232.113.73 - - [27/Feb/2018:10:32:25 +0300] "GET /favicon.ico HTTP/1.1" 200 51 "-" "Mozilla/5.0 (Windows NT 6.3; WOW64) AppleWebKit/537.36 (KHTML, like Gecko) Chrome/63.0.3239.132 YaBrowser/18.1.1.839 Yowser/2.5 Safari/537.36"
10.10.14.251 - - [27/Feb/2018:10:33:08 +0300] "GET /favicon.ico HTTP/1.1" 200 51 "-" "Mozilla/5.0 (Windows NT 10.0; WOW64) AppleWebKit/537.36 (KHTML, like Gecko) Chrome/63.0.3239.132 YaBrowser/18.1.1.839 Yowser/2.5 Safari/537.36"
193.232.113.73 - - [27/Feb/2018:10:33:25 +0300] "GET /favicon.ico HTTP/1.1" 200 51 "-" "Mozilla/5.0 (Windows NT 6.3; WOW64) AppleWebKit/537.36 (KHTML, like Gecko) Chrome/63.0.3239.132 YaBrowser/18.1.1.839 Yowser/2.5 Safari/537.36"
10.10.14.251 - - [27/Feb/2018:10:34:08 +0300] "GET /favicon.ico HTTP/1.1" 200 51 "-" "Mozilla/5.0 (Windows NT 10.0; WOW64) AppleWebKit/537.36 (KHTML, like Gecko) Chrome/63.0.3239.132 YaBrowser/18.1.1.839 Yowser/2.5 Safari/537.36"
193.232.113.73 - - [27/Feb/2018:10:34:25 +0300] "GET /favicon.ico HTTP/1.1" 200 51 "-" "Mozilla/5.0 (Windows NT 6.3; WOW64) AppleWebKit/537.36 (KHTML, like Gecko) Chrome/63.0.3239.132 YaBrowser/18.1.1.839 Yowser/2.5 Safari/537.36"
10.10.14.251 - - [27/Feb/2018:10:35:08 +0300] "GET /favicon.ico HTTP/1.1" 200 51 "-" "Mozilla/5.0 (Windows NT 10.0; WOW64) AppleWebKit/537.36 (KHTML, like Gecko) Chrome/63.0.3239.132 YaBrowser/18.1.1.839 Yowser/2.5 Safari/537.36"
193.232.113.73 - - [27/Feb/2018:10:35:25 +0300] "GET /favicon.ico HTTP/1.1" 200 51 "-" "Mozilla/5.0 (Windows NT 6.3; WOW64) AppleWebKit/537.36 (KHTML, like Gecko) Chrome/63.0.3239.132 YaBrowser/18.1.1.839 Yowser/2.5 Safari/537.36"
10.10.14.251 - - [27/Feb/2018:10:36:08 +0300] "GET /favicon.ico HTTP/1.1" 200 51 "-" "Mozilla/5.0 (Windows NT 10.0; WOW64) AppleWebKit/537.36 (KHTML, like Gecko) Chrome/63.0.3239.132 YaBrowser/18.1.1.839 Yowser/2.5 Safari/537.36"
193.232.113.73 - - [27/Feb/2018:10:36:25 +0300] "GET /favicon.ico HTTP/1.1" 200 51 "-" "Mozilla/5.0 (Windows NT 6.3; WOW64) AppleWebKit/537.36 (KHTML, like Gecko) Chrome/63.0.3239.132 YaBrowser/18.1.1.839 Yowser/2.5 Safari/537.36"
10.10.14.251 - - [27/Feb/2018:10:37:08 +0300] "GET /favicon.ico HTTP/1.1" 200 51 "-" "Mozilla/5.0 (Windows NT 10.0; WOW64) AppleWebKit/537.36 (KHTML, like Gecko) Chrome/63.0.3239.132 YaBrowser/18.1.1.839 Yowser/2.5 Safari/537.36"
193.232.113.73 - - [27/Feb/2018:10:37:25 +0300] "GET /favicon.ico HTTP/1.1" 200 51 "-" "Mozilla/5.0 (Windows NT 6.3; WOW64) AppleWebKit/537.36 (KHTML, like Gecko) Chrome/63.0.3239.132 YaBrowser/18.1.1.839 Yowser/2.5 Safari/537.36"
10.10.14.251 - - [27/Feb/2018:10:38:08 +0300] "GET /favicon.ico HTTP/1.1" 200 51 "-" "Mozilla/5.0 (Windows NT 10.0; WOW64) AppleWebKit/537.36 (KHTML, like Gecko) Chrome/63.0.3239.132 YaBrowser/18.1.1.839 Yowser/2.5 Safari/537.36"
193.232.113.73 - - [27/Feb/2018:10:38:25 +0300] "GET /favicon.ico HTTP/1.1" 200 51 "-" "Mozilla/5.0 (Windows NT 6.3; WOW64) AppleWebKit/537.36 (KHTML, like Gecko) Chrome/63.0.3239.132 YaBrowser/18.1.1.839 Yowser/2.5 Safari/537.36"
10.10.14.251 - - [27/Feb/2018:10:39:08 +0300] "GET /favicon.ico HTTP/1.1" 200 51 "-" "Mozilla/5.0 (Windows NT 10.0; WOW64) AppleWebKit/537.36 (KHTML, like Gecko) Chrome/63.0.3239.132 YaBrowser/18.1.1.839 Yowser/2.5 Safari/537.36"
193.232.113.73 - - [27/Feb/2018:10:39:25 +0300] "GET /favicon.ico HTTP/1.1" 200 51 "-" "Mozilla/5.0 (Windows NT 6.3; WOW64) AppleWebKit/537.36 (KHTML, like Gecko) Chrome/63.0.3239.132 YaBrowser/18.1.1.839 Yowser/2.5 Safari/537.36"
10.10.14.251 - - [27/Feb/2018:10:40:08 +0300] "GET /favicon.ico HTTP/1.1" 200 51 "-" "Mozilla/5.0 (Windows NT 10.0; WOW64) AppleWebKit/537.36 (KHTML, like Gecko) Chrome/63.0.3239.132 YaBrowser/18.1.1.839 Yowser/2.5 Safari/537.36"
193.232.113.73 - - [27/Feb/2018:10:40:25 +0300] "GET /favicon.ico HTTP/1.1" 200 51 "-" "Mozilla/5.0 (Windows NT 6.3; WOW64) AppleWebKit/537.36 (KHTML, like Gecko) Chrome/63.0.3239.132 YaBrowser/18.1.1.839 Yowser/2.5 Safari/537.36"
10.10.14.251 - - [27/Feb/2018:10:41:08 +0300] "GET /favicon.ico HTTP/1.1" 200 51 "-" "Mozilla/5.0 (Windows NT 10.0; WOW64) AppleWebKit/537.36 (KHTML, like Gecko) Chrome/63.0.3239.132 YaBrowser/18.1.1.839 Yowser/2.5 Safari/537.36"
193.232.113.73 - - [27/Feb/2018:10:41:25 +0300] "GET /favicon.ico HTTP/1.1" 200 51 "-" "Mozilla/5.0 (Windows NT 6.3; WOW64) AppleWebKit/537.36 (KHTML, like Gecko) Chrome/63.0.3239.132 YaBrowser/18.1.1.839 Yowser/2.5 Safari/537.36"
10.10.14.251 - - [27/Feb/2018:10:42:08 +0300] "GET /favicon.ico HTTP/1.1" 200 51 "-" "Mozilla/5.0 (Windows NT 10.0; WOW64) AppleWebKit/537.36 (KHTML, like Gecko) Chrome/63.0.3239.132 YaBrowser/18.1.1.839 Yowser/2.5 Safari/537.36"
193.232.113.73 - - [27/Feb/2018:10:42:25 +0300] "GET /favicon.ico HTTP/1.1" 200 51 "-" "Mozilla/5.0 (Windows NT 6.3; WOW64) AppleWebKit/537.36 (KHTML, like Gecko) Chrome/63.0.3239.132 YaBrowser/18.1.1.839 Yowser/2.5 Safari/537.36"
10.10.14.251 - - [27/Feb/2018:10:43:08 +0300] "GET /favicon.ico HTTP/1.1" 200 51 "-" "Mozilla/5.0 (Windows NT 10.0; WOW64) AppleWebKit/537.36 (KHTML, like Gecko) Chrome/63.0.3239.132 YaBrowser/18.1.1.839 Yowser/2.5 Safari/537.36"
193.232.113.73 - - [27/Feb/2018:10:43:25 +0300] "GET /favicon.ico HTTP/1.1" 200 51 "-" "Mozilla/5.0 (Windows NT 6.3; WOW64) AppleWebKit/537.36 (KHTML, like Gecko) Chrome/63.0.3239.132 YaBrowser/18.1.1.839 Yowser/2.5 Safari/537.36"
10.10.14.251 - - [27/Feb/2018:10:44:08 +0300] "GET /favicon.ico HTTP/1.1" 200 51 "-" "Mozilla/5.0 (Windows NT 10.0; WOW64) AppleWebKit/537.36 (KHTML, like Gecko) Chrome/63.0.3239.132 YaBrowser/18.1.1.839 Yowser/2.5 Safari/537.36"
193.232.113.73 - - [27/Feb/2018:10:44:25 +0300] "GET /favicon.ico HTTP/1.1" 200 51 "-" "Mozilla/5.0 (Windows NT 6.3; WOW64) AppleWebKit/537.36 (KHTML, like Gecko) Chrome/63.0.3239.132 YaBrowser/18.1.1.839 Yowser/2.5 Safari/537.36"
193.232.113.10 - - [27/Feb/2018:10:44:28 +0300] "GET /res/config.xml HTTP/1.1" 200 2494 "https://mikbill.ru" "Mozilla/4.0 (Windows; U; Windows NT 5.0; En; rv:1.8.0.2) Gecko/20070306 Firefox/1.0.0.4"
193.232.113.10 - - [27/Feb/2018:10:44:28 +0300] "GET /ajax/index/getconfightml HTTP/1.1" 200 774 "https://mikbill.ru" "Mozilla/4.0 (Windows; U; Windows NT 5.0; En; rv:1.8.0.2) Gecko/20070306 Firefox/1.0.0.4"
193.232.113.10 - - [27/Feb/2018:10:44:29 +0300] "GET /ajax/users/checkloggedin HTTP/1.1" 302 5 "https://mikbill.ru" "Mozilla/4.0 (Windows; U; Windows NT 5.0; En; rv:1.8.0.2) Gecko/20070306 Firefox/1.0.0.4"
193.232.113.10 - - [27/Feb/2018:10:44:29 +0300] "POST /ajax/index/authip HTTP/1.1" 200 83 "https://mikbill.ru" "Mozilla/4.0 (Windows; U; Windows NT 5.0; En; rv:1.8.0.2) Gecko/20070306 Firefox/1.0.0.4"
193.232.113.10 - - [27/Feb/2018:10:44:29 +0300] "GET /ajax/index/logoutfl HTTP/1.1" 200 20 "https://mikbill.ru" "Mozilla/4.0 (Windows; U; Windows NT 5.0; En; rv:1.8.0.2) Gecko/20070306 Firefox/1.0.0.4"
193.232.113.69 - - [27/Feb/2018:10:44:29 +0300] "GET / HTTP/1.1" 200 7856 "-" "Mozilla/5.0 (iPhone; CPU iPhone OS 11_2_6 like Mac OS X) AppleWebKit/604.5.6 (KHTML, like Gecko) Version/11.0 Mobile/15D100 Safari/604.1"
193.232.113.69 - - [27/Feb/2018:10:44:29 +0300] "GET /apple-touch-icon-120x120-precomposed.png HTTP/1.1" 200 51 "-" "MobileSafari/604.1 CFNetwork/894 Darwin/17.4.0"
193.232.113.69 - - [27/Feb/2018:10:44:30 +0300] "GET /apple-touch-icon-120x120.png HTTP/1.1" 200 51 "-" "MobileSafari/604.1 CFNetwork/894 Darwin/17.4.0"
193.232.113.69 - - [27/Feb/2018:10:44:30 +0300] "GET /apple-touch-icon-precomposed.png HTTP/1.1" 200 51 "-" "MobileSafari/604.1 CFNetwork/894 Darwin/17.4.0"
193.232.113.69 - - [27/Feb/2018:10:44:30 +0300] "GET /apple-touch-icon.png HTTP/1.1" 200 51 "-" "MobileSafari/604.1 CFNetwork/894 Darwin/17.4.0"
193.232.113.69 - - [27/Feb/2018:10:44:30 +0300] "GET /favicon.ico HTTP/1.1" 200 51 "-" "MobileSafari/604.1 CFNetwork/894 Darwin/17.4.0"
193.232.113.69 - - [27/Feb/2018:10:44:30 +0300] "GET /favicon.ico HTTP/1.1" 200 51 "-" "MobileSafari/604.1 CFNetwork/894 Darwin/17.4.0"
193.232.113.69 - - [27/Feb/2018:10:44:30 +0300] "GET /apple-touch-icon-120x120-precomposed.png HTTP/1.1" 200 51 "-" "MobileSafari/604.1 CFNetwork/894 Darwin/17.4.0"
193.232.113.69 - - [27/Feb/2018:10:44:30 +0300] "GET /apple-touch-icon-120x120.png HTTP/1.1" 200 51 "-" "MobileSafari/604.1 CFNetwork/894 Darwin/17.4.0"
193.232.113.69 - - [27/Feb/2018:10:44:31 +0300] "GET /apple-touch-icon-precomposed.png HTTP/1.1" 200 51 "-" "MobileSafari/604.1 CFNetwork/894 Darwin/17.4.0"
193.232.113.69 - - [27/Feb/2018:10:44:31 +0300] "GET /apple-touch-icon.png HTTP/1.1" 200 51 "-" "MobileSafari/604.1 CFNetwork/894 Darwin/17.4.0"
193.232.113.69 - - [27/Feb/2018:10:44:31 +0300] "GET /favicon.ico HTTP/1.1" 200 51 "-" "MobileSafari/604.1 CFNetwork/894 Darwin/17.4.0"
193.232.113.69 - - [27/Feb/2018:10:44:31 +0300] "GET /favicon.ico HTTP/1.1" 200 51 "-" "MobileSafari/604.1 CFNetwork/894 Darwin/17.4.0"
10.10.14.251 - - [27/Feb/2018:10:45:08 +0300] "GET /favicon.ico HTTP/1.1" 200 51 "-" "Mozilla/5.0 (Windows NT 10.0; WOW64) AppleWebKit/537.36 (KHTML, like Gecko) Chrome/63.0.3239.132 YaBrowser/18.1.1.839 Yowser/2.5 Safari/537.36"
193.232.113.73 - - [27/Feb/2018:10:45:25 +0300] "GET /favicon.ico HTTP/1.1" 200 51 "-" "Mozilla/5.0 (Windows NT 6.3; WOW64) AppleWebKit/537.36 (KHTML, like Gecko) Chrome/63.0.3239.132 YaBrowser/18.1.1.839 Yowser/2.5 Safari/537.36"
10.10.14.251 - - [27/Feb/2018:10:46:08 +0300] "GET /favicon.ico HTTP/1.1" 200 51 "-" "Mozilla/5.0 (Windows NT 10.0; WOW64) AppleWebKit/537.36 (KHTML, like Gecko) Chrome/63.0.3239.132 YaBrowser/18.1.1.839 Yowser/2.5 Safari/537.36"
10.10.14.251 - - [27/Feb/2018:10:46:08 +0300] "GET /favicon.ico HTTP/1.1" 200 51 "-" "Mozilla/5.0 (Windows NT 10.0; WOW64) AppleWebKit/537.36 (KHTML, like Gecko) Chrome/63.0.3239.132 YaBrowser/18.1.1.839 Yowser/2.5 Safari/537.36"
193.232.113.73 - - [27/Feb/2018:10:46:25 +0300] "GET /favicon.ico HTTP/1.1" 200 51 "-" "Mozilla/5.0 (Windows NT 6.3; WOW64) AppleWebKit/537.36 (KHTML, like Gecko) Chrome/63.0.3239.132 YaBrowser/18.1.1.839 Yowser/2.5 Safari/537.36"
10.10.14.251 - - [27/Feb/2018:10:47:08 +0300] "GET /favicon.ico HTTP/1.1" 200 51 "-" "Mozilla/5.0 (Windows NT 10.0; WOW64) AppleWebKit/537.36 (KHTML, like Gecko) Chrome/63.0.3239.132 YaBrowser/18.1.1.839 Yowser/2.5 Safari/537.36"
193.232.113.73 - - [27/Feb/2018:10:47:25 +0300] "GET /favicon.ico HTTP/1.1" 200 51 "-" "Mozilla/5.0 (Windows NT 6.3; WOW64) AppleWebKit/537.36 (KHTML, like Gecko) Chrome/63.0.3239.132 YaBrowser/18.1.1.839 Yowser/2.5 Safari/537.36"
10.10.14.251 - - [27/Feb/2018:10:48:08 +0300] "GET /favicon.ico HTTP/1.1" 200 51 "-" "Mozilla/5.0 (Windows NT 10.0; WOW64) AppleWebKit/537.36 (KHTML, like Gecko) Chrome/63.0.3239.132 YaBrowser/18.1.1.839 Yowser/2.5 Safari/537.36"
193.232.113.73 - - [27/Feb/2018:10:48:25 +0300] "GET /favicon.ico HTTP/1.1" 200 51 "-" "Mozilla/5.0 (Windows NT 6.3; WOW64) AppleWebKit/537.36 (KHTML, like Gecko) Chrome/63.0.3239.132 YaBrowser/18.1.1.839 Yowser/2.5 Safari/537.36"
10.10.14.251 - - [27/Feb/2018:10:49:08 +0300] "GET /favicon.ico HTTP/1.1" 200 51 "-" "Mozilla/5.0 (Windows NT 10.0; WOW64) AppleWebKit/537.36 (KHTML, like Gecko) Chrome/63.0.3239.132 YaBrowser/18.1.1.839 Yowser/2.5 Safari/537.36"
193.232.113.73 - - [27/Feb/2018:10:49:25 +0300] "GET /favicon.ico HTTP/1.1" 200 51 "-" "Mozilla/5.0 (Windows NT 6.3; WOW64) AppleWebKit/537.36 (KHTML, like Gecko) Chrome/63.0.3239.132 YaBrowser/18.1.1.839 Yowser/2.5 Safari/537.36"
10.10.14.251 - - [27/Feb/2018:10:50:08 +0300] "GET /favicon.ico HTTP/1.1" 200 51 "-" "Mozilla/5.0 (Windows NT 10.0; WOW64) AppleWebKit/537.36 (KHTML, like Gecko) Chrome/63.0.3239.132 YaBrowser/18.1.1.839 Yowser/2.5 Safari/537.36"
193.232.113.73 - - [27/Feb/2018:10:50:25 +0300] "GET /favicon.ico HTTP/1.1" 200 51 "-" "Mozilla/5.0 (Windows NT 6.3; WOW64) AppleWebKit/537.36 (KHTML, like Gecko) Chrome/63.0.3239.132 YaBrowser/18.1.1.839 Yowser/2.5 Safari/537.36"
10.10.14.251 - - [27/Feb/2018:10:51:08 +0300] "GET /favicon.ico HTTP/1.1" 200 51 "-" "Mozilla/5.0 (Windows NT 10.0; WOW64) AppleWebKit/537.36 (KHTML, like Gecko) Chrome/63.0.3239.132 YaBrowser/18.1.1.839 Yowser/2.5 Safari/537.36"
193.232.113.73 - - [27/Feb/2018:10:51:25 +0300] "GET /favicon.ico HTTP/1.1" 200 51 "-" "Mozilla/5.0 (Windows NT 6.3; WOW64) AppleWebKit/537.36 (KHTML, like Gecko) Chrome/63.0.3239.132 YaBrowser/18.1.1.839 Yowser/2.5 Safari/537.36"
10.10.14.251 - - [27/Feb/2018:10:52:08 +0300] "GET /favicon.ico HTTP/1.1" 200 51 "-" "Mozilla/5.0 (Windows NT 10.0; WOW64) AppleWebKit/537.36 (KHTML, like Gecko) Chrome/63.0.3239.132 YaBrowser/18.1.1.839 Yowser/2.5 Safari/537.36"
193.232.113.73 - - [27/Feb/2018:10:52:25 +0300] "GET /favicon.ico HTTP/1.1" 200 51 "-" "Mozilla/5.0 (Windows NT 6.3; WOW64) AppleWebKit/537.36 (KHTML, like Gecko) Chrome/63.0.3239.132 YaBrowser/18.1.1.839 Yowser/2.5 Safari/537.36"
10.10.14.251 - - [27/Feb/2018:10:53:08 +0300] "GET /favicon.ico HTTP/1.1" 200 51 "-" "Mozilla/5.0 (Windows NT 10.0; WOW64) AppleWebKit/537.36 (KHTML, like Gecko) Chrome/63.0.3239.132 YaBrowser/18.1.1.839 Yowser/2.5 Safari/537.36"
193.232.113.73 - - [27/Feb/2018:10:53:25 +0300] "GET /favicon.ico HTTP/1.1" 200 51 "-" "Mozilla/5.0 (Windows NT 6.3; WOW64) AppleWebKit/537.36 (KHTML, like Gecko) Chrome/63.0.3239.132 YaBrowser/18.1.1.839 Yowser/2.5 Safari/537.36"
10.10.14.251 - - [27/Feb/2018:10:54:08 +0300] "GET /favicon.ico HTTP/1.1" 200 51 "-" "Mozilla/5.0 (Windows NT 10.0; WOW64) AppleWebKit/537.36 (KHTML, like Gecko) Chrome/63.0.3239.132 YaBrowser/18.1.1.839 Yowser/2.5 Safari/537.36"
193.232.113.73 - - [27/Feb/2018:10:54:25 +0300] "GET /favicon.ico HTTP/1.1" 200 51 "-" "Mozilla/5.0 (Windows NT 6.3; WOW64) AppleWebKit/537.36 (KHTML, like Gecko) Chrome/63.0.3239.132 YaBrowser/18.1.1.839 Yowser/2.5 Safari/537.36"
10.10.14.251 - - [27/Feb/2018:10:55:08 +0300] "GET /favicon.ico HTTP/1.1" 200 51 "-" "Mozilla/5.0 (Windows NT 10.0; WOW64) AppleWebKit/537.36 (KHTML, like Gecko) Chrome/63.0.3239.132 YaBrowser/18.1.1.839 Yowser/2.5 Safari/537.36"
193.232.113.10 - - [27/Feb/2018:10:55:23 +0300] "GET /res/config.xml HTTP/1.1" 200 2494 "https://mikbill.ru" "Mozilla/4.0 (Windows; U; Windows NT 5.0; En; rv:1.8.0.2) Gecko/20070306 Firefox/1.0.0.4"
193.232.113.10 - - [27/Feb/2018:10:55:24 +0300] "GET /ajax/index/getconfightml HTTP/1.1" 200 774 "https://mikbill.ru" "Mozilla/4.0 (Windows; U; Windows NT 5.0; En; rv:1.8.0.2) Gecko/20070306 Firefox/1.0.0.4"
193.232.113.10 - - [27/Feb/2018:10:55:24 +0300] "GET /ajax/users/checkloggedin HTTP/1.1" 302 5 "https://mikbill.ru" "Mozilla/4.0 (Windows; U; Windows NT 5.0; En; rv:1.8.0.2) Gecko/20070306 Firefox/1.0.0.4"
193.232.113.10 - - [27/Feb/2018:10:55:24 +0300] "POST /ajax/index/authip HTTP/1.1" 200 83 "https://mikbill.ru" "Mozilla/4.0 (Windows; U; Windows NT 5.0; En; rv:1.8.0.2) Gecko/20070306 Firefox/1.0.0.4"
193.232.113.10 - - [27/Feb/2018:10:55:24 +0300] "GET /ajax/index/logoutfl HTTP/1.1" 200 20 "https://mikbill.ru" "Mozilla/4.0 (Windows; U; Windows NT 5.0; En; rv:1.8.0.2) Gecko/20070306 Firefox/1.0.0.4"
213.87.147.232 - - [27/Feb/2018:10:55:24 +0300] "GET / HTTP/1.1" 200 7856 "http://villanet.ru/" "Mozilla/5.0 (iPhone; CPU iPhone OS 11_2_6 like Mac OS X) AppleWebKit/604.5.6 (KHTML, like Gecko) Version/11.0 Mobile/15D100 Safari/604.1"
213.87.147.232 - - [27/Feb/2018:10:55:24 +0300] "GET /data/template/olson/css/animate.min.css HTTP/1.1" 200 68322 "http://stat.villanet.ru/" "Mozilla/5.0 (iPhone; CPU iPhone OS 11_2_6 like Mac OS X) AppleWebKit/604.5.6 (KHTML, like Gecko) Version/11.0 Mobile/15D100 Safari/604.1"
213.87.147.232 - - [27/Feb/2018:10:55:24 +0300] "GET /data/template/olson/css/bootstrap-switch.css HTTP/1.1" 200 14994 "http://stat.villanet.ru/" "Mozilla/5.0 (iPhone; CPU iPhone OS 11_2_6 like Mac OS X) AppleWebKit/604.5.6 (KHTML, like Gecko) Version/11.0 Mobile/15D100 Safari/604.1"
213.87.147.232 - - [27/Feb/2018:10:55:24 +0300] "GET /data/template/olson/css/bootstrap-datetimepicker.min.css HTTP/1.1" 200 6640 "http://stat.villanet.ru/" "Mozilla/5.0 (iPhone; CPU iPhone OS 11_2_6 like Mac OS X) AppleWebKit/604.5.6 (KHTML, like Gecko) Version/11.0 Mobile/15D100 Safari/604.1"
213.87.147.232 - - [27/Feb/2018:10:55:24 +0300] "GET /data/template/olson/css/jquery.gritter.css HTTP/1.1" 200 2176 "http://stat.villanet.ru/" "Mozilla/5.0 (iPhone; CPU iPhone OS 11_2_6 like Mac OS X) AppleWebKit/604.5.6 (KHTML, like Gecko) Version/11.0 Mobile/15D100 Safari/604.1"
213.87.147.232 - - [27/Feb/2018:10:55:24 +0300] "GET /data/template/olson/css/rateit.css HTTP/1.1" 200 1601 "http://stat.villanet.ru/" "Mozilla/5.0 (iPhone; CPU iPhone OS 11_2_6 like Mac OS X) AppleWebKit/604.5.6 (KHTML, like Gecko) Version/11.0 Mobile/15D100 Safari/604.1"
213.87.147.232 - - [27/Feb/2018:10:55:24 +0300] "GET /data/template/olson/css/jquery.cleditor.css HTTP/1.1" 200 1740 "http://stat.villanet.ru/" "Mozilla/5.0 (iPhone; CPU iPhone OS 11_2_6 like Mac OS X) AppleWebKit/604.5.6 (KHTML, like Gecko) Version/11.0 Mobile/15D100 Safari/604.1"
213.87.147.232 - - [27/Feb/2018:10:55:24 +0300] "GET /data/template/olson/css/jquery-ui.css HTTP/1.1" 200 23467 "http://stat.villanet.ru/" "Mozilla/5.0 (iPhone; CPU iPhone OS 11_2_6 like Mac OS X) AppleWebKit/604.5.6 (KHTML, like Gecko) Version/11.0 Mobile/15D100 Safari/604.1"
213.87.147.232 - - [27/Feb/2018:10:55:24 +0300] "GET /data/template/olson/css/prettyPhoto.css HTTP/1.1" 200 22489 "http://stat.villanet.ru/" "Mozilla/5.0 (iPhone; CPU iPhone OS 11_2_6 like Mac OS X) AppleWebKit/604.5.6 (KHTML, like Gecko) Version/11.0 Mobile/15D100 Safari/604.1"
213.87.147.232 - - [27/Feb/2018:10:55:24 +0300] "GET /data/template/olson/css/font-awesome.min.css HTTP/1.1" 200 26927 "http://stat.villanet.ru/" "Mozilla/5.0 (iPhone; CPU iPhone OS 11_2_6 like Mac OS X) AppleWebKit/604.5.6 (KHTML, like Gecko) Version/11.0 Mobile/15D100 Safari/604.1"
213.87.147.232 - - [27/Feb/2018:10:55:24 +0300] "GET /data/template/olson/js/jquery.js HTTP/1.1" 200 142675 "http://stat.villanet.ru/" "Mozilla/5.0 (iPhone; CPU iPhone OS 11_2_6 like Mac OS X) AppleWebKit/604.5.6 (KHTML, like Gecko) Version/11.0 Mobile/15D100 Safari/604.1"
213.87.147.232 - - [27/Feb/2018:10:55:24 +0300] "GET /data/template/olson/js/fullcalendar.min.js HTTP/1.1" 200 80104 "http://stat.villanet.ru/" "Mozilla/5.0 (iPhone; CPU iPhone OS 11_2_6 like Mac OS X) AppleWebKit/604.5.6 (KHTML, like Gecko) Version/11.0 Mobile/15D100 Safari/604.1"
213.87.147.232 - - [27/Feb/2018:10:55:24 +0300] "GET /data/template/olson/js/jquery.rateit.min.js HTTP/1.1" 200 5740 "http://stat.villanet.ru/" "Mozilla/5.0 (iPhone; CPU iPhone OS 11_2_6 like Mac OS X) AppleWebKit/604.5.6 (KHTML, like Gecko) Version/11.0 Mobile/15D100 Safari/604.1"
213.87.147.232 - - [27/Feb/2018:10:55:24 +0300] "GET /data/template/olson/js/jquery.flot.pie.js HTTP/1.1" 200 15161 "http://stat.villanet.ru/" "Mozilla/5.0 (iPhone; CPU iPhone OS 11_2_6 like Mac OS X) AppleWebKit/604.5.6 (KHTML, like Gecko) Version/11.0 Mobile/15D100 Safari/604.1"
213.87.147.232 - - [27/Feb/2018:10:55:24 +0300] "GET /data/template/olson/js/jquery-ui-1.10.2.custom.min.js HTTP/1.1" 200 93560 "http://stat.villanet.ru/" "Mozilla/5.0 (iPhone; CPU iPhone OS 11_2_6 like Mac OS X) AppleWebKit/604.5.6 (KHTML, like Gecko) Version/11.0 Mobile/15D100 Safari/604.1"
213.87.147.232 - - [27/Feb/2018:10:55:24 +0300] "GET /data/template/olson/js/jquery.flot.resize.js HTTP/1.1" 200 2561 "http://stat.villanet.ru/" "Mozilla/5.0 (iPhone; CPU iPhone OS 11_2_6 like Mac OS X) AppleWebKit/604.5.6 (KHTML, like Gecko) Version/11.0 Mobile/15D100 Safari/604.1"
213.87.147.232 - - [27/Feb/2018:10:55:24 +0300] "GET /data/template/olson/js/jquery.cleditor.min.js HTTP/1.1" 200 16578 "http://stat.villanet.ru/" "Mozilla/5.0 (iPhone; CPU iPhone OS 11_2_6 like Mac OS X) AppleWebKit/604.5.6 (KHTML, like Gecko) Version/11.0 Mobile/15D100 Safari/604.1"
213.87.147.232 - - [27/Feb/2018:10:55:24 +0300] "GET /data/template/olson/js/respond.min.js HTTP/1.1" 200 5750 "http://stat.villanet.ru/" "Mozilla/5.0 (iPhone; CPU iPhone OS 11_2_6 like Mac OS X) AppleWebKit/604.5.6 (KHTML, like Gecko) Version/11.0 Mobile/15D100 Safari/604.1"
