213.87.147.232 - - [27/Feb/2018:10:55:24 +0300] "GET /data/template/olson/js/bootstrap-datetimepicker.min.js HTTP/1.1" 200 40773 "http://stat.villanet.ru/" "Mozilla/5.0 (iPhone; CPU iPhone OS 11_2_6 like Mac OS X) AppleWebKit/604.5.6 (KHTML, like Gecko) Version/11.0 Mobile/15D100 Safari/604.1"
213.87.147.232 - - [27/Feb/2018:10:55:24 +0300] "GET /data/template/olson/css/fullcalendar.css HTTP/1.1" 304 0 "http://stat.villanet.ru/" "Mozilla/5.0 (iPhone; CPU iPhone OS 11_2_6 like Mac OS X) AppleWebKit/604.5.6 (KHTML, like Gecko) Version/11.0 Mobile/15D100 Safari/604.1"
213.87.147.232 - - [27/Feb/2018:10:55:24 +0300] "GET /data/template/olson/css/style.css HTTP/1.1" 304 0 "http://stat.villanet.ru/" "Mozilla/5.0 (iPhone; CPU iPhone OS 11_2_6 like Mac OS X) AppleWebKit/604.5.6 (KHTML, like Gecko) Version/11.0 Mobile/15D100 Safari/604.1"
213.87.147.232 - - [27/Feb/2018:10:55:24 +0300] "GET /data/template/olson/js/bootstrap.min.js HTTP/1.1" 304 0 "http://stat.villanet.ru/" "Mozilla/5.0 (iPhone; CPU iPhone OS 11_2_6 like Mac OS X) AppleWebKit/604.5.6 (KHTML, like Gecko) Version/11.0 Mobile/15D100 Safari/604.1"
213.87.147.232 - - [27/Feb/2018:10:55:25 +0300] "GET /data/template/olson/css/bootstrap.min.css HTTP/1.1" 304 0 "http://stat.villanet.ru/" "Mozilla/5.0 (iPhone; CPU iPhone OS 11_2_6 like Mac OS X) AppleWebKit/604.5.6 (KHTML, like Gecko) Version/11.0 Mobile/15D100 Safari/604.1"
213.87.147.232 - - [27/Feb/2018:10:55:25 +0300] "GET /data/template/olson/js/jquery.flot.stack.js HTTP/1.1" 304 0 "http://stat.villanet.ru/" "Mozilla/5.0 (iPhone; CPU iPhone OS 11_2_6 like Mac OS X) AppleWebKit/604.5.6 (KHTML, like Gecko) Version/11.0 Mobile/15D100 Safari/604.1"
213.87.147.232 - - [27/Feb/2018:10:55:25 +0300] "GET /data/template/olson/js/bootstrap-switch.min.js HTTP/1.1" 304 0 "http://stat.villanet.ru/" "Mozilla/5.0 (iPhone; CPU iPhone OS 11_2_6 like Mac OS X) AppleWebKit/604.5.6 (KHTML, like Gecko) Version/11.0 Mobile/15D100 Safari/604.1"
213.87.147.232 - - [27/Feb/2018:10:55:25 +0300] "GET /data/template/olson/img/main-back.png HTTP/1.1" 304 0 "http://stat.villanet.ru/" "Mozilla/5.0 (iPhone; CPU iPhone OS 11_2_6 like Mac OS X) AppleWebKit/604.5.6 (KHTML, like Gecko) Version/11.0 Mobile/15D100 Safari/604.1"
213.87.147.232 - - [27/Feb/2018:10:55:25 +0300] "GET /data/template/olson/font/fontawesome-webfontf77b.woff?v=3.2.1 HTTP/1.1" 200 43572 "http://stat.villanet.ru/" "Mozilla/5.0 (iPhone; CPU iPhone OS 11_2_6 like Mac OS X) AppleWebKit/604.5.6 (KHTML, like Gecko) Version/11.0 Mobile/15D100 Safari/604.1"
213.87.147.232 - - [27/Feb/2018:10:55:25 +0300] "GET /data/template/olson/font/open-sans-condensed.woff HTTP/1.1" 200 42824 "http://stat.villanet.ru/" "Mozilla/5.0 (iPhone; CPU iPhone OS 11_2_6 like Mac OS X) AppleWebKit/604.5.6 (KHTML, like Gecko) Version/11.0 Mobile/15D100 Safari/604.1"
193.232.113.73 - - [27/Feb/2018:10:55:25 +0300] "GET /favicon.ico HTTP/1.1" 200 51 "-" "Mozilla/5.0 (Windows NT 6.3; WOW64) AppleWebKit/537.36 (KHTML, like Gecko) Chrome/63.0.3239.132 YaBrowser/18.1.1.839 Yowser/2.5 Safari/537.36"
193.232.113.10 - - [27/Feb/2018:10:55:29 +0300] "GET /res/config.xml HTTP/1.1" 200 2494 "https://mikbill.ru" "Mozilla/4.0 (Windows; U; Windows NT 5.0; En; rv:1.8.0.2) Gecko/20070306 Firefox/1.0.0.4"
193.232.113.10 - - [27/Feb/2018:10:55:30 +0300] "GET /ajax/index/getconfightml HTTP/1.1" 200 774 "https://mikbill.ru" "Mozilla/4.0 (Windows; U; Windows NT 5.0; En; rv:1.8.0.2) Gecko/20070306 Firefox/1.0.0.4"
193.232.113.10 - - [27/Feb/2018:10:55:30 +0300] "GET /res/config.xml HTTP/1.1" 200 2494 "https://mikbill.ru" "Mozilla/4.0 (Windows; U; Windows NT 5.0; En; rv:1.8.0.2) Gecko/20070306 Firefox/1.0.0.4"
193.232.113.10 - - [27/Feb/2018:10:55:30 +0300] "GET /ajax/users/checkloggedin HTTP/1.1" 302 5 "https://mikbill.ru" "Mozilla/4.0 (Windows; U; Windows NT 5.0; En; rv:1.8.0.2) Gecko/20070306 Firefox/1.0.0.4"
193.232.113.10 - - [27/Feb/2018:10:55:30 +0300] "POST /ajax/index/authip HTTP/1.1" 200 83 "https://mikbill.ru" "Mozilla/4.0 (Windows; U; Windows NT 5.0; En; rv:1.8.0.2) Gecko/20070306 Firefox/1.0.0.4"
193.232.113.10 - - [27/Feb/2018:10:55:30 +0300] "GET /ajax/index/getconfightml HTTP/1.1" 200 774 "https://mikbill.ru" "Mozilla/4.0 (Windows; U; Windows NT 5.0; En; rv:1.8.0.2) Gecko/20070306 Firefox/1.0.0.4"
193.232.113.10 - - [27/Feb/2018:10:55:30 +0300] "POST /ajax/index/authfl HTTP/1.1" 200 87 "https://mikbill.ru" "Mozilla/4.0 (Windows; U; Windows NT 5.0; En; rv:1.8.0.2) Gecko/20070306 Firefox/1.0.0.4"
193.232.113.10 - - [27/Feb/2018:10:55:30 +0300] "GET /ajax/users/checkloggedin HTTP/1.1" 302 5 "https://mikbill.ru" "Mozilla/4.0 (Windows; U; Windows NT 5.0; En; rv:1.8.0.2) Gecko/20070306 Firefox/1.0.0.4"
193.232.113.10 - - [27/Feb/2018:10:55:30 +0300] "POST /ajax/users/checkchangemac HTTP/1.1" 200 62 "https://mikbill.ru" "Mozilla/4.0 (Windows; U; Windows NT 5.0; En; rv:1.8.0.2) Gecko/20070306 Firefox/1.0.0.4"
193.232.113.10 - - [27/Feb/2018:10:55:30 +0300] "POST /ajax/index/authip HTTP/1.1" 200 83 "https://mikbill.ru" "Mozilla/4.0 (Windows; U; Windows NT 5.0; En; rv:1.8.0.2) Gecko/20070306 Firefox/1.0.0.4"
193.232.113.10 - - [27/Feb/2018:10:55:30 +0300] "GET /ajax/index/logoutfl HTTP/1.1" 200 20 "https://mikbill.ru" "Mozilla/4.0 (Windows; U; Windows NT 5.0; En; rv:1.8.0.2) Gecko/20070306 Firefox/1.0.0.4"
193.105.94.147 - - [27/Feb/2018:10:55:30 +0300] "GET / HTTP/1.1" 200 7856 "http://villanet.ru/" "Mozilla/5.0 (Windows NT 6.1) AppleWebKit/537.36 (KHTML, like Gecko) Chrome/64.0.3282.119 Safari/537.36"
193.232.113.10 - - [27/Feb/2018:10:55:30 +0300] "GET /ajax/users/getuserdatafl HTTP/1.1" 200 4022 "https://mikbill.ru" "Mozilla/4.0 (Windows; U; Windows NT 5.0; En; rv:1.8.0.2) Gecko/20070306 Firefox/1.0.0.4"
193.232.113.10 - - [27/Feb/2018:10:55:30 +0300] "GET /ajax/index/getserverdate HTTP/1.1" 200 57 "https://mikbill.ru" "Mozilla/4.0 (Windows; U; Windows NT 5.0; En; rv:1.8.0.2) Gecko/20070306 Firefox/1.0.0.4"
193.232.113.10 - - [27/Feb/2018:10:55:31 +0300] "GET /ajax/users/getcabinetnewsdb HTTP/1.1" 200 67 "https://mikbill.ru" "Mozilla/4.0 (Windows; U; Windows NT 5.0; En; rv:1.8.0.2) Gecko/20070306 Firefox/1.0.0.4"
193.232.113.10 - - [27/Feb/2018:10:55:31 +0300] "POST /json/users/getallpersonalservicesuser HTTP/1.1" 200 508 "https://mikbill.ru" "Mozilla/4.0 (Windows; U; Windows NT 5.0; En; rv:1.8.0.2) Gecko/20070306 Firefox/1.0.0.4"
193.232.113.10 - - [27/Feb/2018:10:55:31 +0300] "POST /ajax/ticketview/getticketslist2x HTTP/1.1" 200 82 "https://mikbill.ru" "Mozilla/4.0 (Windows; U; Windows NT 5.0; En; rv:1.8.0.2) Gecko/20070306 Firefox/1.0.0.4"
213.87.147.232 - - [27/Feb/2018:10:55:31 +0300] "POST /main.php HTTP/1.1" 200 16051 "http://stat.villanet.ru/" "Mozilla/5.0 (iPhone; CPU iPhone OS 11_2_6 like Mac OS X) AppleWebKit/604.5.6 (KHTML, like Gecko) Version/11.0 Mobile/15D100 Safari/604.1"
193.105.94.147 - - [27/Feb/2018:10:55:31 +0300] "GET /favicon.ico HTTP/1.1" 200 51 "http://stat.villanet.ru/" "Mozilla/5.0 (Windows NT 6.1) AppleWebKit/537.36 (KHTML, like Gecko) Chrome/64.0.3282.119 Safari/537.36"
193.232.113.10 - - [27/Feb/2018:10:55:36 +0300] "GET /res/config.xml HTTP/1.1" 200 2494 "https://mikbill.ru" "Mozilla/4.0 (Windows; U; Windows NT 5.0; En; rv:1.8.0.2) Gecko/20070306 Firefox/1.0.0.4"
193.232.113.10 - - [27/Feb/2018:10:55:36 +0300] "GET /ajax/index/getconfightml HTTP/1.1" 200 774 "https://mikbill.ru" "Mozilla/4.0 (Windows; U; Windows NT 5.0; En; rv:1.8.0.2) Gecko/20070306 Firefox/1.0.0.4"
193.232.113.10 - - [27/Feb/2018:10:55:36 +0300] "GET /ajax/users/checkloggedin HTTP/1.1" 302 5 "https://mikbill.ru" "Mozilla/4.0 (Windows; U; Windows NT 5.0; En; rv:1.8.0.2) Gecko/20070306 Firefox/1.0.0.4"
193.232.113.10 - - [27/Feb/2018:10:55:36 +0300] "POST /ajax/index/authip HTTP/1.1" 200 83 "https://mikbill.ru" "Mozilla/4.0 (Windows; U; Windows NT 5.0; En; rv:1.8.0.2) Gecko/20070306 Firefox/1.0.0.4"
193.232.113.10 - - [27/Feb/2018:10:55:36 +0300] "POST /ajax/index/authfl HTTP/1.1" 200 87 "https://mikbill.ru" "Mozilla/4.0 (Windows; U; Windows NT 5.0; En; rv:1.8.0.2) Gecko/20070306 Firefox/1.0.0.4"
193.232.113.10 - - [27/Feb/2018:10:55:36 +0300] "POST /ajax/users/checkchangemac HTTP/1.1" 200 62 "https://mikbill.ru" "Mozilla/4.0 (Windows; U; Windows NT 5.0; En; rv:1.8.0.2) Gecko/20070306 Firefox/1.0.0.4"
193.232.113.10 - - [27/Feb/2018:10:55:36 +0300] "GET /ajax/users/getuserdatafl HTTP/1.1" 200 4136 "https://mikbill.ru" "Mozilla/4.0 (Windows; U; Windows NT 5.0; En; rv:1.8.0.2) Gecko/20070306 Firefox/1.0.0.4"
193.232.113.10 - - [27/Feb/2018:10:55:37 +0300] "GET /ajax/index/getserverdate HTTP/1.1" 200 57 "https://mikbill.ru" "Mozilla/4.0 (Windows; U; Windows NT 5.0; En; rv:1.8.0.2) Gecko/20070306 Firefox/1.0.0.4"
193.232.113.10 - - [27/Feb/2018:10:55:37 +0300] "GET /ajax/users/getcabinetnewsdb HTTP/1.1" 200 67 "https://mikbill.ru" "Mozilla/4.0 (Windows; U; Windows NT 5.0; En; rv:1.8.0.2) Gecko/20070306 Firefox/1.0.0.4"
193.232.113.10 - - [27/Feb/2018:10:55:37 +0300] "POST /json/users/getallpersonalservicesuser HTTP/1.1" 200 508 "https://mikbill.ru" "Mozilla/4.0 (Windows; U; Windows NT 5.0; En; rv:1.8.0.2) Gecko/20070306 Firefox/1.0.0.4"
193.232.113.10 - - [27/Feb/2018:10:55:37 +0300] "POST /ajax/ticketview/getticketslist2x HTTP/1.1" 200 82 "https://mikbill.ru" "Mozilla/4.0 (Windows; U; Windows NT 5.0; En; rv:1.8.0.2) Gecko/20070306 Firefox/1.0.0.4"
193.105.94.147 - - [27/Feb/2018:10:55:37 +0300] "POST /main.php HTTP/1.1" 200 16344 "http://stat.villanet.ru/" "Mozilla/5.0 (Windows NT 6.1) AppleWebKit/537.36 (KHTML, like Gecko) Chrome/64.0.3282.119 Safari/537.36"
193.105.94.147 - - [27/Feb/2018:10:55:38 +0300] "GET /favicon.ico HTTP/1.1" 200 13 "http://stat.villanet.ru/main.php" "Mozilla/5.0 (Windows NT 6.1) AppleWebKit/537.36 (KHTML, like Gecko) Chrome/64.0.3282.119 Safari/537.36"
193.232.113.10 - - [27/Feb/2018:10:55:43 +0300] "GET /res/config.xml HTTP/1.1" 200 2494 "https://mikbill.ru" "Mozilla/4.0 (Windows; U; Windows NT 5.0; En; rv:1.8.0.2) Gecko/20070306 Firefox/1.0.0.4"
193.232.113.10 - - [27/Feb/2018:10:55:44 +0300] "GET /ajax/index/getconfightml HTTP/1.1" 200 774 "https://mikbill.ru" "Mozilla/4.0 (Windows; U; Windows NT 5.0; En; rv:1.8.0.2) Gecko/20070306 Firefox/1.0.0.4"
193.232.113.10 - - [27/Feb/2018:10:55:44 +0300] "GET /ajax/users/checkloggedin HTTP/1.1" 200 37 "https://mikbill.ru" "Mozilla/4.0 (Windows; U; Windows NT 5.0; En; rv:1.8.0.2) Gecko/20070306 Firefox/1.0.0.4"
193.232.113.10 - - [27/Feb/2018:10:55:44 +0300] "GET /ajax/users/getuserdatafl HTTP/1.1" 200 4136 "https://mikbill.ru" "Mozilla/4.0 (Windows; U; Windows NT 5.0; En; rv:1.8.0.2) Gecko/20070306 Firefox/1.0.0.4"
193.232.113.10 - - [27/Feb/2018:10:55:44 +0300] "GET /ajax/index/getserverdate HTTP/1.1" 200 57 "https://mikbill.ru" "Mozilla/4.0 (Windows; U; Windows NT 5.0; En; rv:1.8.0.2) Gecko/20070306 Firefox/1.0.0.4"
193.232.113.10 - - [27/Feb/2018:10:55:44 +0300] "POST /json/users/getallpersonalservicesuser HTTP/1.1" 200 508 "https://mikbill.ru" "Mozilla/4.0 (Windows; U; Windows NT 5.0; En; rv:1.8.0.2) Gecko/20070306 Firefox/1.0.0.4"
193.232.113.10 - - [27/Feb/2018:10:55:44 +0300] "POST /ajax/ticketview/getticketslist2x HTTP/1.1" 200 82 "https://mikbill.ru" "Mozilla/4.0 (Windows; U; Windows NT 5.0; En; rv:1.8.0.2) Gecko/20070306 Firefox/1.0.0.4"
193.105.94.147 - - [27/Feb/2018:10:55:44 +0300] "GET /main.php?action=profile HTTP/1.1" 200 16044 "http://stat.villanet.ru/main.php" "Mozilla/5.0 (Windows NT 6.1) AppleWebKit/537.36 (KHTML, like Gecko) Chrome/64.0.3282.119 Safari/537.36"
193.105.94.147 - - [27/Feb/2018:10:55:45 +0300] "GET /favicon.ico HTTP/1.1" 200 13 "http://stat.villanet.ru/main.php?action=profile" "Mozilla/5.0 (Windows NT 6.1) AppleWebKit/537.36 (KHTML, like Gecko) Chrome/64.0.3282.119 Safari/537.36"
193.232.113.10 - - [27/Feb/2018:10:55:57 +0300] "GET /res/config.xml HTTP/1.1" 200 2494 "https://mikbill.ru" "Mozilla/4.0 (Windows; U; Windows NT 5.0; En; rv:1.8.0.2) Gecko/20070306 Firefox/1.0.0.4"
193.232.113.10 - - [27/Feb/2018:10:55:57 +0300] "GET /ajax/index/getconfightml HTTP/1.1" 200 774 "https://mikbill.ru" "Mozilla/4.0 (Windows; U; Windows NT 5.0; En; rv:1.8.0.2) Gecko/20070306 Firefox/1.0.0.4"
193.232.113.10 - - [27/Feb/2018:10:55:57 +0300] "GET /ajax/users/checkloggedin HTTP/1.1" 200 37 "https://mikbill.ru" "Mozilla/4.0 (Windows; U; Windows NT 5.0; En; rv:1.8.0.2) Gecko/20070306 Firefox/1.0.0.4"
193.232.113.10 - - [27/Feb/2018:10:55:57 +0300] "GET /ajax/users/getuserdatafl HTTP/1.1" 200 4136 "https://mikbill.ru" "Mozilla/4.0 (Windows; U; Windows NT 5.0; En; rv:1.8.0.2) Gecko/20070306 Firefox/1.0.0.4"
193.232.113.10 - - [27/Feb/2018:10:55:57 +0300] "GET /ajax/index/getserverdate HTTP/1.1" 200 57 "https://mikbill.ru" "Mozilla/4.0 (Windows; U; Windows NT 5.0; En; rv:1.8.0.2) Gecko/20070306 Firefox/1.0.0.4"
193.232.113.10 - - [27/Feb/2018:10:55:57 +0300] "GET /ajax/users/getcabinetnewsdb HTTP/1.1" 200 67 "https://mikbill.ru" "Mozilla/4.0 (Windows; U; Windows NT 5.0; En; rv:1.8.0.2) Gecko/20070306 Firefox/1.0.0.4"
193.232.113.10 - - [27/Feb/2018:10:55:58 +0300] "POST /json/users/getallpersonalservicesuser HTTP/1.1" 200 508 "https://mikbill.ru" "Mozilla/4.0 (Windows; U; Windows NT 5.0; En; rv:1.8.0.2) Gecko/20070306 Firefox/1.0.0.4"
193.232.113.10 - - [27/Feb/2018:10:55:58 +0300] "POST /ajax/ticketview/getticketslist2x HTTP/1.1" 200 82 "https://mikbill.ru" "Mozilla/4.0 (Windows; U; Windows NT 5.0; En; rv:1.8.0.2) Gecko/20070306 Firefox/1.0.0.4"
193.105.94.147 - - [27/Feb/2018:10:55:58 +0300] "GET /main.php HTTP/1.1" 200 16330 "http://stat.villanet.ru/main.php?action=profile" "Mozilla/5.0 (Windows NT 6.1) AppleWebKit/537.36 (KHTML, like Gecko) Chrome/64.0.3282.119 Safari/537.36"
193.105.94.147 - - [27/Feb/2018:10:55:58 +0300] "GET /favicon.ico HTTP/1.1" 200 13 "http://stat.villanet.ru/main.php" "Mozilla/5.0 (Windows NT 6.1) AppleWebKit/537.36 (KHTML, like Gecko) Chrome/64.0.3282.119 Safari/537.36"
10.10.14.251 - - [27/Feb/2018:10:56:08 +0300] "GET /favicon.ico HTTP/1.1" 200 51 "-" "Mozilla/5.0 (Windows NT 10.0; WOW64) AppleWebKit/537.36 (KHTML, like Gecko) Chrome/63.0.3239.132 YaBrowser/18.1.1.839 Yowser/2.5 Safari/537.36"
193.232.113.73 - - [27/Feb/2018:10:56:25 +0300] "GET /favicon.ico HTTP/1.1" 200 51 "-" "Mozilla/5.0 (Windows NT 6.3; WOW64) AppleWebKit/537.36 (KHTML, like Gecko) Chrome/63.0.3239.132 YaBrowser/18.1.1.839 Yowser/2.5 Safari/537.36"
10.10.14.251 - - [27/Feb/2018:10:57:08 +0300] "GET /favicon.ico HTTP/1.1" 200 51 "-" "Mozilla/5.0 (Windows NT 10.0; WOW64) AppleWebKit/537.36 (KHTML, like Gecko) Chrome/63.0.3239.132 YaBrowser/18.1.1.839 Yowser/2.5 Safari/537.36"
193.232.113.73 - - [27/Feb/2018:10:57:25 +0300] "GET /favicon.ico HTTP/1.1" 200 51 "-" "Mozilla/5.0 (Windows NT 6.3; WOW64) AppleWebKit/537.36 (KHTML, like Gecko) Chrome/63.0.3239.132 YaBrowser/18.1.1.839 Yowser/2.5 Safari/537.36"
10.10.14.251 - - [27/Feb/2018:10:58:08 +0300] "GET /favicon.ico HTTP/1.1" 200 51 "-" "Mozilla/5.0 (Windows NT 10.0; WOW64) AppleWebKit/537.36 (KHTML, like Gecko) Chrome/63.0.3239.132 YaBrowser/18.1.1.839 Yowser/2.5 Safari/537.36"
193.232.113.73 - - [27/Feb/2018:10:58:25 +0300] "GET /favicon.ico HTTP/1.1" 200 51 "-" "Mozilla/5.0 (Windows NT 6.3; WOW64) AppleWebKit/537.36 (KHTML, like Gecko) Chrome/63.0.3239.132 YaBrowser/18.1.1.839 Yowser/2.5 Safari/537.36"
10.10.14.251 - - [27/Feb/2018:10:59:08 +0300] "GET /favicon.ico HTTP/1.1" 200 51 "-" "Mozilla/5.0 (Windows NT 10.0; WOW64) AppleWebKit/537.36 (KHTML, like Gecko) Chrome/63.0.3239.132 YaBrowser/18.1.1.839 Yowser/2.5 Safari/537.36"
193.232.113.73 - - [27/Feb/2018:10:59:25 +0300] "GET /favicon.ico HTTP/1.1" 200 51 "-" "Mozilla/5.0 (Windows NT 6.3; WOW64) AppleWebKit/537.36 (KHTML, like Gecko) Chrome/63.0.3239.132 YaBrowser/18.1.1.839 Yowser/2.5 Safari/537.36"
10.10.14.251 - - [27/Feb/2018:11:00:08 +0300] "GET /favicon.ico HTTP/1.1" 200 51 "-" "Mozilla/5.0 (Windows NT 10.0; WOW64) AppleWebKit/537.36 (KHTML, like Gecko) Chrome/63.0.3239.132 YaBrowser/18.1.1.839 Yowser/2.5 Safari/537.36"
193.232.113.73 - - [27/Feb/2018:11:00:34 +0300] "GET /favicon.ico HTTP/1.1" 200 51 "-" "Mozilla/5.0 (Windows NT 6.3; WOW64) AppleWebKit/537.36 (KHTML, like Gecko) Chrome/63.0.3239.132 YaBrowser/18.1.1.839 Yowser/2.5 Safari/537.36"
193.232.113.73 - - [27/Feb/2018:11:00:35 +0300] "GET /favicon.ico HTTP/1.1" 200 51 "-" "Mozilla/5.0 (Windows NT 6.3; WOW64) AppleWebKit/537.36 (KHTML, like Gecko) Chrome/63.0.3239.132 YaBrowser/18.1.1.839 Yowser/2.5 Safari/537.36"
193.232.113.73 - - [27/Feb/2018:11:00:38 +0300] "GET /favicon.ico HTTP/1.1" 200 51 "-" "Mozilla/5.0 (Windows NT 6.3; WOW64) AppleWebKit/537.36 (KHTML, like Gecko) Chrome/63.0.3239.132 YaBrowser/18.1.1.839 Yowser/2.5 Safari/537.36"
193.232.113.73 - - [27/Feb/2018:11:00:41 +0300] "GET /favicon.ico HTTP/1.1" 200 51 "-" "Mozilla/5.0 (Windows NT 6.3; WOW64) AppleWebKit/537.36 (KHTML, like Gecko) Chrome/63.0.3239.132 YaBrowser/18.1.1.839 Yowser/2.5 Safari/537.36"
193.232.113.73 - - [27/Feb/2018:11:00:41 +0300] "GET /favicon.ico HTTP/1.1" 200 51 "-" "Mozilla/5.0 (Windows NT 6.3; WOW64) AppleWebKit/537.36 (KHTML, like Gecko) Chrome/63.0.3239.132 YaBrowser/18.1.1.839 Yowser/2.5 Safari/537.36"
10.10.14.251 - - [27/Feb/2018:11:01:08 +0300] "GET /favicon.ico HTTP/1.1" 200 51 "-" "Mozilla/5.0 (Windows NT 10.0; WOW64) AppleWebKit/537.36 (KHTML, like Gecko) Chrome/63.0.3239.132 YaBrowser/18.1.1.839 Yowser/2.5 Safari/537.36"
193.232.113.73 - - [27/Feb/2018:11:01:26 +0300] "GET /favicon.ico HTTP/1.1" 200 51 "-" "Mozilla/5.0 (Windows NT 6.3; WOW64) AppleWebKit/537.36 (KHTML, like Gecko) Chrome/63.0.3239.132 YaBrowser/18.1.1.839 Yowser/2.5 Safari/537.36"
10.10.14.251 - - [27/Feb/2018:11:02:08 +0300] "GET /favicon.ico HTTP/1.1" 200 51 "-" "Mozilla/5.0 (Windows NT 10.0; WOW64) AppleWebKit/537.36 (KHTML, like Gecko) Chrome/63.0.3239.132 YaBrowser/18.1.1.839 Yowser/2.5 Safari/537.36"
193.232.113.73 - - [27/Feb/2018:11:02:26 +0300] "GET /favicon.ico HTTP/1.1" 200 51 "-" "Mozilla/5.0 (Windows NT 6.3; WOW64) AppleWebKit/537.36 (KHTML, like Gecko) Chrome/63.0.3239.132 YaBrowser/18.1.1.839 Yowser/2.5 Safari/537.36"
193.232.113.10 - - [27/Feb/2018:11:02:31 +0300] "GET /res/config.xml HTTP/1.1" 200 2494 "https://mikbill.ru" "Mozilla/4.0 (Windows; U; Windows NT 5.0; En; rv:1.8.0.2) Gecko/20070306 Firefox/1.0.0.4"
193.232.113.10 - - [27/Feb/2018:11:02:31 +0300] "GET /ajax/index/getconfightml HTTP/1.1" 200 774 "https://mikbill.ru" "Mozilla/4.0 (Windows; U; Windows NT 5.0; En; rv:1.8.0.2) Gecko/20070306 Firefox/1.0.0.4"
193.232.113.10 - - [27/Feb/2018:11:02:31 +0300] "GET /ajax/users/checkloggedin HTTP/1.1" 302 5 "https://mikbill.ru" "Mozilla/4.0 (Windows; U; Windows NT 5.0; En; rv:1.8.0.2) Gecko/20070306 Firefox/1.0.0.4"
193.232.113.10 - - [27/Feb/2018:11:02:31 +0300] "POST /ajax/index/authip HTTP/1.1" 200 83 "https://mikbill.ru" "Mozilla/4.0 (Windows; U; Windows NT 5.0; En; rv:1.8.0.2) Gecko/20070306 Firefox/1.0.0.4"
193.232.113.10 - - [27/Feb/2018:11:02:31 +0300] "GET /ajax/index/logoutfl HTTP/1.1" 200 20 "https://mikbill.ru" "Mozilla/4.0 (Windows; U; Windows NT 5.0; En; rv:1.8.0.2) Gecko/20070306 Firefox/1.0.0.4"
103.21.164.32 - - [27/Feb/2018:11:02:31 +0300] "GET /main.php?action=payment HTTP/1.1" 200 7856 "-" "Mozilla/5.0 (iPhone; CPU iPhone OS 11_2_5 like Mac OS X) AppleWebKit/604.5.6 (KHTML, like Gecko) Version/11.0 Mobile/15D60 Safari/604.1"
103.21.164.32 - - [27/Feb/2018:11:02:32 +0300] "GET /apple-touch-icon-120x120-precomposed.png HTTP/1.1" 200 51 "-" "MobileSafari/604.1 CFNetwork/894 Darwin/17.4.0"
103.21.164.32 - - [27/Feb/2018:11:02:33 +0300] "GET /apple-touch-icon-120x120.png HTTP/1.1" 200 51 "-" "MobileSafari/604.1 CFNetwork/894 Darwin/17.4.0"
103.21.164.32 - - [27/Feb/2018:11:02:34 +0300] "GET /apple-touch-icon-precomposed.png HTTP/1.1" 200 51 "-" "MobileSafari/604.1 CFNetwork/894 Darwin/17.4.0"
103.21.164.32 - - [27/Feb/2018:11:02:35 +0300] "GET /apple-touch-icon.png HTTP/1.1" 200 51 "-" "MobileSafari/604.1 CFNetwork/894 Darwin/17.4.0"
103.21.164.32 - - [27/Feb/2018:11:02:35 +0300] "GET /favicon.ico HTTP/1.1" 200 51 "-" "MobileSafari/604.1 CFNetwork/894 Darwin/17.4.0"
103.21.164.32 - - [27/Feb/2018:11:02:36 +0300] "GET /favicon.ico HTTP/1.1" 200 51 "-" "MobileSafari/604.1 CFNetwork/894 Darwin/17.4.0"
103.21.164.32 - - [27/Feb/2018:11:02:36 +0300] "GET /apple-touch-icon-120x120-precomposed.png HTTP/1.1" 200 51 "-" "MobileSafari/604.1 CFNetwork/894 Darwin/17.4.0"
103.21.164.32 - - [27/Feb/2018:11:02:37 +0300] "GET /apple-touch-icon-120x120.png HTTP/1.1" 200 51 "-" "MobileSafari/604.1 CFNetwork/894 Darwin/17.4.0"
103.21.164.32 - - [27/Feb/2018:11:02:38 +0300] "GET /apple-touch-icon-precomposed.png HTTP/1.1" 200 51 "-" "MobileSafari/604.1 CFNetwork/894 Darwin/17.4.0"
103.21.164.32 - - [27/Feb/2018:11:02:39 +0300] "GET /apple-touch-icon.png HTTP/1.1" 200 51 "-" "MobileSafari/604.1 CFNetwork/894 Darwin/17.4.0"
103.21.164.32 - - [27/Feb/2018:11:02:39 +0300] "GET /favicon.ico HTTP/1.1" 200 51 "-" "MobileSafari/604.1 CFNetwork/894 Darwin/17.4.0"
103.21.164.32 - - [27/Feb/2018:11:02:40 +0300] "GET /favicon.ico HTTP/1.1" 200 51 "-" "MobileSafari/604.1 CFNetwork/894 Darwin/17.4.0"
10.10.14.251 - - [27/Feb/2018:11:03:08 +0300] "GET /favicon.ico HTTP/1.1" 200 51 "-" "Mozilla/5.0 (Windows NT 10.0; WOW64) AppleWebKit/537.36 (KHTML, like Gecko) Chrome/63.0.3239.132 YaBrowser/18.1.1.839 Yowser/2.5 Safari/537.36"
193.232.113.73 - - [27/Feb/2018:11:03:26 +0300] "GET /favicon.ico HTTP/1.1" 200 51 "-" "Mozilla/5.0 (Windows NT 6.3; WOW64) AppleWebKit/537.36 (KHTML, like Gecko) Chrome/63.0.3239.132 YaBrowser/18.1.1.839 Yowser/2.5 Safari/537.36"
10.10.14.251 - - [27/Feb/2018:11:04:08 +0300] "GET /favicon.ico HTTP/1.1" 200 51 "-" "Mozilla/5.0 (Windows NT 10.0; WOW64) AppleWebKit/537.36 (KHTML, like Gecko) Chrome/63.0.3239.132 YaBrowser/18.1.1.839 Yowser/2.5 Safari/537.36"
193.232.113.73 - - [27/Feb/2018:11:04:26 +0300] "GET /favicon.ico HTTP/1.1" 200 51 "-" "Mozilla/5.0 (Windows NT 6.3; WOW64) AppleWebKit/537.36 (KHTML, like Gecko) Chrome/63.0.3239.132 YaBrowser/18.1.1.839 Yowser/2.5 Safari/537.36"
10.10.14.251 - - [27/Feb/2018:11:05:08 +0300] "GET /favicon.ico HTTP/1.1" 200 51 "-" "Mozilla/5.0 (Windows NT 10.0; WOW64) AppleWebKit/537.36 (KHTML, like Gecko) Chrome/63.0.3239.132 YaBrowser/18.1.1.839 Yowser/2.5 Safari/537.36"
193.232.113.73 - - [27/Feb/2018:11:05:26 +0300] "GET /favicon.ico HTTP/1.1" 200 51 "-" "Mozilla/5.0 (Windows NT 6.3; WOW64) AppleWebKit/537.36 (KHTML, like Gecko) Chrome/63.0.3239.132 YaBrowser/18.1.1.839 Yowser/2.5 Safari/537.36"
10.10.14.251 - - [27/Feb/2018:11:06:08 +0300] "GET /favicon.ico HTTP/1.1" 200 51 "-" "Mozilla/5.0 (Windows NT 10.0; WOW64) AppleWebKit/537.36 (KHTML, like Gecko) Chrome/63.0.3239.132 YaBrowser/18.1.1.839 Yowser/2.5 Safari/537.36"
193.232.113.73 - - [27/Feb/2018:11:06:26 +0300] "GET /favicon.ico HTTP/1.1" 200 51 "-" "Mozilla/5.0 (Windows NT 6.3; WOW64) AppleWebKit/537.36 (KHTML, like Gecko) Chrome/63.0.3239.132 YaBrowser/18.1.1.839 Yowser/2.5 Safari/537.36"
10.10.14.251 - - [27/Feb/2018:11:07:08 +0300] "GET /favicon.ico HTTP/1.1" 200 51 "-" "Mozilla/5.0 (Windows NT 10.0; WOW64) AppleWebKit/537.36 (KHTML, like Gecko) Chrome/63.0.3239.132 YaBrowser/18.1.1.839 Yowser/2.5 Safari/537.36"
193.232.113.73 - - [27/Feb/2018:11:07:26 +0300] "GET /favicon.ico HTTP/1.1" 200 51 "-" "Mozilla/5.0 (Windows NT 6.3; WOW64) AppleWebKit/537.36 (KHTML, like Gecko) Chrome/63.0.3239.132 YaBrowser/18.1.1.839 Yowser/2.5 Safari/537.36"
10.10.14.251 - - [27/Feb/2018:11:08:08 +0300] "GET /favicon.ico HTTP/1.1" 200 51 "-" "Mozilla/5.0 (Windows NT 10.0; WOW64) AppleWebKit/537.36 (KHTML, like Gecko) Chrome/63.0.3239.132 YaBrowser/18.1.1.839 Yowser/2.5 Safari/537.36"
193.232.113.73 - - [27/Feb/2018:11:08:26 +0300] "GET /favicon.ico HTTP/1.1" 200 51 "-" "Mozilla/5.0 (Windows NT 6.3; WOW64) AppleWebKit/537.36 (KHTML, like Gecko) Chrome/63.0.3239.132 YaBrowser/18.1.1.839 Yowser/2.5 Safari/537.36"
10.10.14.251 - - [27/Feb/2018:11:09:08 +0300] "GET /favicon.ico HTTP/1.1" 200 51 "-" "Mozilla/5.0 (Windows NT 10.0; WOW64) AppleWebKit/537.36 (KHTML, like Gecko) Chrome/63.0.3239.132 YaBrowser/18.1.1.839 Yowser/2.5 Safari/537.36"
193.232.113.73 - - [27/Feb/2018:11:09:26 +0300] "GET /favicon.ico HTTP/1.1" 200 51 "-" "Mozilla/5.0 (Windows NT 6.3; WOW64) AppleWebKit/537.36 (KHTML, like Gecko) Chrome/63.0.3239.132 YaBrowser/18.1.1.839 Yowser/2.5 Safari/537.36"
10.10.14.251 - - [27/Feb/2018:11:10:08 +0300] "GET /favicon.ico HTTP/1.1" 200 51 "-" "Mozilla/5.0 (Windows NT 10.0; WOW64) AppleWebKit/537.36 (KHTML, like Gecko) Chrome/63.0.3239.132 YaBrowser/18.1.1.839 Yowser/2.5 Safari/537.36"
193.232.113.73 - - [27/Feb/2018:11:10:26 +0300] "GET /favicon.ico HTTP/1.1" 200 51 "-" "Mozilla/5.0 (Windows NT 6.3; WOW64) AppleWebKit/537.36 (KHTML, like Gecko) Chrome/63.0.3239.132 YaBrowser/18.1.1.839 Yowser/2.5 Safari/537.36"
10.10.14.251 - - [27/Feb/2018:11:11:08 +0300] "GET /favicon.ico HTTP/1.1" 200 51 "-" "Mozilla/5.0 (Windows NT 10.0; WOW64) AppleWebKit/537.36 (KHTML, like Gecko) Chrome/63.0.3239.132 YaBrowser/18.1.1.839 Yowser/2.5 Safari/537.36"
193.232.113.73 - - [27/Feb/2018:11:11:26 +0300] "GET /favicon.ico HTTP/1.1" 200 51 "-" "Mozilla/5.0 (Windows NT 6.3; WOW64) AppleWebKit/537.36 (KHTML, like Gecko) Chrome/63.0.3239.132 YaBrowser/18.1.1.839 Yowser/2.5 Safari/537.36"
10.10.14.251 - - [27/Feb/2018:11:12:08 +0300] "GET /favicon.ico HTTP/1.1" 200 51 "-" "Mozilla/5.0 (Windows NT 10.0; WOW64) AppleWebKit/537.36 (KHTML, like Gecko) Chrome/63.0.3239.132 YaBrowser/18.1.1.839 Yowser/2.5 Safari/537.36"
193.232.113.73 - - [27/Feb/2018:11:12:26 +0300] "GET /favicon.ico HTTP/1.1" 200 51 "-" "Mozilla/5.0 (Windows NT 6.3; WOW64) AppleWebKit/537.36 (KHTML, like Gecko) Chrome/63.0.3239.132 YaBrowser/18.1.1.839 Yowser/2.5 Safari/537.36"
10.10.14.251 - - [27/Feb/2018:11:13:08 +0300] "GET /favicon.ico HTTP/1.1" 200 51 "-" "Mozilla/5.0 (Windows NT 10.0; WOW64) AppleWebKit/537.36 (KHTML, like Gecko) Chrome/63.0.3239.132 YaBrowser/18.1.1.839 Yowser/2.5 Safari/537.36"
193.232.113.73 - - [27/Feb/2018:11:13:26 +0300] "GET /favicon.ico HTTP/1.1" 200 51 "-" "Mozilla/5.0 (Windows NT 6.3; WOW64) AppleWebKit/537.36 (KHTML, like Gecko) Chrome/63.0.3239.132 YaBrowser/18.1.1.839 Yowser/2.5 Safari/537.36"
10.10.14.251 - - [27/Feb/2018:11:14:08 +0300] "GET /favicon.ico HTTP/1.1" 200 51 "-" "Mozilla/5.0 (Windows NT 10.0; WOW64) AppleWebKit/537.36 (KHTML, like Gecko) Chrome/63.0.3239.132 YaBrowser/18.1.1.839 Yowser/2.5 Safari/537.36"
193.232.113.73 - - [27/Feb/2018:11:14:26 +0300] "GET /favicon.ico HTTP/1.1" 200 51 "-" "Mozilla/5.0 (Windows NT 6.3; WOW64) AppleWebKit/537.36 (KHTML, like Gecko) Chrome/63.0.3239.132 YaBrowser/18.1.1.839 Yowser/2.5 Safari/537.36"
193.232.113.69 - - [27/Feb/2018:11:14:34 +0300] "GET /favicon.ico HTTP/1.1" 200 51 "-" "Mozilla/5.0 (Windows NT 6.1) AppleWebKit/537.36 (KHTML, like Gecko) Chrome/63.0.3239.132 YaBrowser/18.1.1.839 Yowser/2.5 Safari/537.36"
193.232.113.69 - - [27/Feb/2018:11:14:35 +0300] "GET /favicon.ico HTTP/1.1" 200 51 "-" "Mozilla/5.0 (Windows NT 6.1) AppleWebKit/537.36 (KHTML, like Gecko) Chrome/63.0.3239.132 YaBrowser/18.1.1.839 Yowser/2.5 Safari/537.36"
10.10.14.251 - - [27/Feb/2018:11:15:08 +0300] "GET /favicon.ico HTTP/1.1" 200 51 "-" "Mozilla/5.0 (Windows NT 10.0; WOW64) AppleWebKit/537.36 (KHTML, like Gecko) Chrome/63.0.3239.132 YaBrowser/18.1.1.839 Yowser/2.5 Safari/537.36"
193.232.113.73 - - [27/Feb/2018:11:15:26 +0300] "GET /favicon.ico HTTP/1.1" 200 51 "-" "Mozilla/5.0 (Windows NT 6.3; WOW64) AppleWebKit/537.36 (KHTML, like Gecko) Chrome/63.0.3239.132 YaBrowser/18.1.1.839 Yowser/2.5 Safari/537.36"
10.10.14.251 - - [27/Feb/2018:11:16:08 +0300] "GET /favicon.ico HTTP/1.1" 200 51 "-" "Mozilla/5.0 (Windows NT 10.0; WOW64) AppleWebKit/537.36 (KHTML, like Gecko) Chrome/63.0.3239.132 YaBrowser/18.1.1.839 Yowser/2.5 Safari/537.36"
193.232.113.73 - - [27/Feb/2018:11:16:26 +0300] "GET /favicon.ico HTTP/1.1" 200 51 "-" "Mozilla/5.0 (Windows NT 6.3; WOW64) AppleWebKit/537.36 (KHTML, like Gecko) Chrome/63.0.3239.132 YaBrowser/18.1.1.839 Yowser/2.5 Safari/537.36"
10.10.14.251 - - [27/Feb/2018:11:17:08 +0300] "GET /favicon.ico HTTP/1.1" 200 51 "-" "Mozilla/5.0 (Windows NT 10.0; WOW64) AppleWebKit/537.36 (KHTML, like Gecko) Chrome/63.0.3239.132 YaBrowser/18.1.1.839 Yowser/2.5 Safari/537.36"
193.232.113.73 - - [27/Feb/2018:11:17:26 +0300] "GET /favicon.ico HTTP/1.1" 200 51 "-" "Mozilla/5.0 (Windows NT 6.3; WOW64) AppleWebKit/537.36 (KHTML, like Gecko) Chrome/63.0.3239.132 YaBrowser/18.1.1.839 Yowser/2.5 Safari/537.36"
193.232.113.10 - - [27/Feb/2018:11:17:33 +0300] "GET /res/config.xml HTTP/1.1" 200 2494 "https://mikbill.ru" "Mozilla/4.0 (Windows; U; Windows NT 5.0; En; rv:1.8.0.2) Gecko/20070306 Firefox/1.0.0.4"
193.232.113.10 - - [27/Feb/2018:11:17:33 +0300] "GET /ajax/index/getconfightml HTTP/1.1" 200 774 "https://mikbill.ru" "Mozilla/4.0 (Windows; U; Windows NT 5.0; En; rv:1.8.0.2) Gecko/20070306 Firefox/1.0.0.4"
193.232.113.10 - - [27/Feb/2018:11:17:34 +0300] "GET /ajax/users/checkloggedin HTTP/1.1" 302 5 "https://mikbill.ru" "Mozilla/4.0 (Windows; U; Windows NT 5.0; En; rv:1.8.0.2) Gecko/20070306 Firefox/1.0.0.4"
193.232.113.10 - - [27/Feb/2018:11:17:34 +0300] "POST /ajax/index/authip HTTP/1.1" 200 83 "https://mikbill.ru" "Mozilla/4.0 (Windows; U; Windows NT 5.0; En; rv:1.8.0.2) Gecko/20070306 Firefox/1.0.0.4"
193.232.113.10 - - [27/Feb/2018:11:17:34 +0300] "GET /ajax/index/logoutfl HTTP/1.1" 200 20 "https://mikbill.ru" "Mozilla/4.0 (Windows; U; Windows NT 5.0; En; rv:1.8.0.2) Gecko/20070306 Firefox/1.0.0.4"
193.232.113.75 - - [27/Feb/2018:11:17:34 +0300] "GET / HTTP/1.1" 200 7856 "-" "Mozilla/5.0 (iPad; CPU OS 9_3_5 like Mac OS X) AppleWebKit/601.1.46 (KHTML, like Gecko) Version/9.0 Mobile/13G36 Safari/601.1"
193.232.113.75 - - [27/Feb/2018:11:17:34 +0300] "GET /data/template/olson/css/animate.min.css HTTP/1.1" 200 68322 "http://stat.villanet.ru/" "Mozilla/5.0 (iPad; CPU OS 9_3_5 like Mac OS X) AppleWebKit/601.1.46 (KHTML, like Gecko) Version/9.0 Mobile/13G36 Safari/601.1"
193.232.113.75 - - [27/Feb/2018:11:17:34 +0300] "GET /data/template/olson/css/jquery-ui.css HTTP/1.1" 200 23467 "http://stat.villanet.ru/" "Mozilla/5.0 (iPad; CPU OS 9_3_5 like Mac OS X) AppleWebKit/601.1.46 (KHTML, like Gecko) Version/9.0 Mobile/13G36 Safari/601.1"
193.232.113.75 - - [27/Feb/2018:11:17:34 +0300] "GET /data/template/olson/css/prettyPhoto.css HTTP/1.1" 200 22489 "http://stat.villanet.ru/" "Mozilla/5.0 (iPad; CPU OS 9_3_5 like Mac OS X) AppleWebKit/601.1.46 (KHTML, like Gecko) Version/9.0 Mobile/13G36 Safari/601.1"
193.232.113.75 - - [27/Feb/2018:11:17:34 +0300] "GET /data/template/olson/css/style.css HTTP/1.1" 200 19154 "http://stat.villanet.ru/" "Mozilla/5.0 (iPad; CPU OS 9_3_5 like Mac OS X) AppleWebKit/601.1.46 (KHTML, like Gecko) Version/9.0 Mobile/13G36 Safari/601.1"
193.232.113.75 - - [27/Feb/2018:11:17:34 +0300] "GET /data/template/olson/css/bootstrap.min.css HTTP/1.1" 304 0 "http://stat.villanet.ru/" "Mozilla/5.0 (iPad; CPU OS 9_3_5 like Mac OS X) AppleWebKit/601.1.46 (KHTML, like Gecko) Version/9.0 Mobile/13G36 Safari/601.1"
193.232.113.75 - - [27/Feb/2018:11:17:34 +0300] "GET /data/template/olson/css/bootstrap-switch.css HTTP/1.1" 304 0 "http://stat.villanet.ru/" "Mozilla/5.0 (iPad; CPU OS 9_3_5 like Mac OS X) AppleWebKit/601.1.46 (KHTML, like Gecko) Version/9.0 Mobile/13G36 Safari/601.1"
193.232.113.75 - - [27/Feb/2018:11:17:34 +0300] "GET /data/template/olson/css/font-awesome.min.css HTTP/1.1" 304 0 "http://stat.villanet.ru/" "Mozilla/5.0 (iPad; CPU OS 9_3_5 like Mac OS X) AppleWebKit/601.1.46 (KHTML, like Gecko) Version/9.0 Mobile/13G36 Safari/601.1"
193.232.113.75 - - [27/Feb/2018:11:17:34 +0300] "GET /data/template/olson/css/jquery.gritter.css HTTP/1.1" 200 2176 "http://stat.villanet.ru/" "Mozilla/5.0 (iPad; CPU OS 9_3_5 like Mac OS X) AppleWebKit/601.1.46 (KHTML, like Gecko) Version/9.0 Mobile/13G36 Safari/601.1"
193.232.113.75 - - [27/Feb/2018:11:17:34 +0300] "GET /data/template/olson/css/fullcalendar.css HTTP/1.1" 200 11507 "http://stat.villanet.ru/" "Mozilla/5.0 (iPad; CPU OS 9_3_5 like Mac OS X) AppleWebKit/601.1.46 (KHTML, like Gecko) Version/9.0 Mobile/13G36 Safari/601.1"
193.232.113.75 - - [27/Feb/2018:11:17:34 +0300] "GET /data/template/olson/css/jquery.cleditor.css HTTP/1.1" 200 1740 "http://stat.villanet.ru/" "Mozilla/5.0 (iPad; CPU OS 9_3_5 like Mac OS X) AppleWebKit/601.1.46 (KHTML, like Gecko) Version/9.0 Mobile/13G36 Safari/601.1"
193.232.113.75 - - [27/Feb/2018:11:17:34 +0300] "GET /data/template/olson/css/bootstrap-datetimepicker.min.css HTTP/1.1" 200 6640 "http://stat.villanet.ru/" "Mozilla/5.0 (iPad; CPU OS 9_3_5 like Mac OS X) AppleWebKit/601.1.46 (KHTML, like Gecko) Version/9.0 Mobile/13G36 Safari/601.1"
193.232.113.75 - - [27/Feb/2018:11:17:35 +0300] "GET /data/template/olson/js/jquery.rateit.min.js HTTP/1.1" 200 5740 "http://stat.villanet.ru/" "Mozilla/5.0 (iPad; CPU OS 9_3_5 like Mac OS X) AppleWebKit/601.1.46 (KHTML, like Gecko) Version/9.0 Mobile/13G36 Safari/601.1"
193.232.113.75 - - [27/Feb/2018:11:17:35 +0300] "GET /data/template/olson/js/jquery.prettyPhoto.js HTTP/1.1" 200 33209 "http://stat.villanet.ru/" "Mozilla/5.0 (iPad; CPU OS 9_3_5 like Mac OS X) AppleWebKit/601.1.46 (KHTML, like Gecko) Version/9.0 Mobile/13G36 Safari/601.1"
193.232.113.75 - - [27/Feb/2018:11:17:35 +0300] "GET /data/template/olson/js/jquery.flot.pie.js HTTP/1.1" 200 15161 "http://stat.villanet.ru/" "Mozilla/5.0 (iPad; CPU OS 9_3_5 like Mac OS X) AppleWebKit/601.1.46 (KHTML, like Gecko) Version/9.0 Mobile/13G36 Safari/601.1"
193.232.113.75 - - [27/Feb/2018:11:17:35 +0300] "GET /data/template/olson/js/jquery.flot.resize.js HTTP/1.1" 200 2561 "http://stat.villanet.ru/" "Mozilla/5.0 (iPad; CPU OS 9_3_5 like Mac OS X) AppleWebKit/601.1.46 (KHTML, like Gecko) Version/9.0 Mobile/13G36 Safari/601.1"
193.232.113.75 - - [27/Feb/2018:11:17:35 +0300] "GET /data/template/olson/js/jquery.gritter.min.js HTTP/1.1" 200 7282 "http://stat.villanet.ru/" "Mozilla/5.0 (iPad; CPU OS 9_3_5 like Mac OS X) AppleWebKit/601.1.46 (KHTML, like Gecko) Version/9.0 Mobile/13G36 Safari/601.1"
193.232.113.75 - - [27/Feb/2018:11:17:35 +0300] "GET /data/template/olson/js/jquery.cleditor.min.js HTTP/1.1" 200 16578 "http://stat.villanet.ru/" "Mozilla/5.0 (iPad; CPU OS 9_3_5 like Mac OS X) AppleWebKit/601.1.46 (KHTML, like Gecko) Version/9.0 Mobile/13G36 Safari/601.1"
193.232.113.75 - - [27/Feb/2018:11:17:35 +0300] "GET /data/template/olson/js/bootstrap-datetimepicker.min.js HTTP/1.1" 200 40773 "http://stat.villanet.ru/" "Mozilla/5.0 (iPad; CPU OS 9_3_5 like Mac OS X) AppleWebKit/601.1.46 (KHTML, like Gecko) Version/9.0 Mobile/13G36 Safari/601.1"
193.232.113.75 - - [27/Feb/2018:11:17:35 +0300] "GET /data/template/olson/js/bootstrap-switch.min.js HTTP/1.1" 200 13665 "http://stat.villanet.ru/" "Mozilla/5.0 (iPad; CPU OS 9_3_5 like Mac OS X) AppleWebKit/601.1.46 (KHTML, like Gecko) Version/9.0 Mobile/13G36 Safari/601.1"
193.232.113.75 - - [27/Feb/2018:11:17:35 +0300] "GET /data/template/olson/js/respond.min.js HTTP/1.1" 200 5750 "http://stat.villanet.ru/" "Mozilla/5.0 (iPad; CPU OS 9_3_5 like Mac OS X) AppleWebKit/601.1.46 (KHTML, like Gecko) Version/9.0 Mobile/13G36 Safari/601.1"
193.232.113.75 - - [27/Feb/2018:11:17:35 +0300] "GET /data/template/olson/js/html5shiv.js HTTP/1.1" 200 10435 "http://stat.villanet.ru/" "Mozilla/5.0 (iPad; CPU OS 9_3_5 like Mac OS X) AppleWebKit/601.1.46 (KHTML, like Gecko) Version/9.0 Mobile/13G36 Safari/601.1"
193.232.113.75 - - [27/Feb/2018:11:17:35 +0300] "GET /data/template/olson/js/custom.js HTTP/1.1" 200 9882 "http://stat.villanet.ru/" "Mozilla/5.0 (iPad; CPU OS 9_3_5 like Mac OS X) AppleWebKit/601.1.46 (KHTML, like Gecko) Version/9.0 Mobile/13G36 Safari/601.1"
193.232.113.75 - - [27/Feb/2018:11:17:35 +0300] "GET /data/template/olson/js/jquery.js HTTP/1.1" 304 0 "http://stat.villanet.ru/" "Mozilla/5.0 (iPad; CPU OS 9_3_5 like Mac OS X) AppleWebKit/601.1.46 (KHTML, like Gecko) Version/9.0 Mobile/13G36 Safari/601.1"
193.232.113.75 - - [27/Feb/2018:11:17:35 +0300] "GET /data/template/olson/js/bootstrap.min.js HTTP/1.1" 304 0 "http://stat.villanet.ru/" "Mozilla/5.0 (iPad; CPU OS 9_3_5 like Mac OS X) AppleWebKit/601.1.46 (KHTML, like Gecko) Version/9.0 Mobile/13G36 Safari/601.1"
193.232.113.75 - - [27/Feb/2018:11:17:35 +0300] "GET /data/template/olson/js/jquery-ui-1.10.2.custom.min.js HTTP/1.1" 304 0 "http://stat.villanet.ru/" "Mozilla/5.0 (iPad; CPU OS 9_3_5 like Mac OS X) AppleWebKit/601.1.46 (KHTML, like Gecko) Version/9.0 Mobile/13G36 Safari/601.1"
193.232.113.75 - - [27/Feb/2018:11:17:35 +0300] "GET /data/template/olson/js/jquery.flot.js HTTP/1.1" 304 0 "http://stat.villanet.ru/" "Mozilla/5.0 (iPad; CPU OS 9_3_5 like Mac OS X) AppleWebKit/601.1.46 (KHTML, like Gecko) Version/9.0 Mobile/13G36 Safari/601.1"
193.232.113.75 - - [27/Feb/2018:11:17:35 +0300] "GET /data/template/olson/js/peity.js HTTP/1.1" 200 4890 "http://stat.villanet.ru/" "Mozilla/5.0 (iPad; CPU OS 9_3_5 like Mac OS X) AppleWebKit/601.1.46 (KHTML, like Gecko) Version/9.0 Mobile/13G36 Safari/601.1"
193.232.113.75 - - [27/Feb/2018:11:17:35 +0300] "GET /data/template/olson/js/fullcalendar.min.js HTTP/1.1" 200 80104 "http://stat.villanet.ru/" "Mozilla/5.0 (iPad; CPU OS 9_3_5 like Mac OS X) AppleWebKit/601.1.46 (KHTML, like Gecko) Version/9.0 Mobile/13G36 Safari/601.1"
193.232.113.75 - - [27/Feb/2018:11:17:35 +0300] "GET /data/template/olson/css/rateit.css HTTP/1.1" 200 1601 "http://stat.villanet.ru/" "Mozilla/5.0 (iPad; CPU OS 9_3_5 like Mac OS X) AppleWebKit/601.1.46 (KHTML, like Gecko) Version/9.0 Mobile/13G36 Safari/601.1"
193.232.113.75 - - [27/Feb/2018:11:17:35 +0300] "GET /data/template/olson/js/jquery.flot.stack.js HTTP/1.1" 304 0 "http://stat.villanet.ru/" "Mozilla/5.0 (iPad; CPU OS 9_3_5 like Mac OS X) AppleWebKit/601.1.46 (KHTML, like Gecko) Version/9.0 Mobile/13G36 Safari/601.1"
193.232.113.75 - - [27/Feb/2018:11:17:35 +0300] "GET /data/template/olson/img/main-back.png HTTP/1.1" 304 0 "http://stat.villanet.ru/" "Mozilla/5.0 (iPad; CPU OS 9_3_5 like Mac OS X) AppleWebKit/601.1.46 (KHTML, like Gecko) Version/9.0 Mobile/13G36 Safari/601.1"
193.232.113.75 - - [27/Feb/2018:11:17:35 +0300] "GET /data/template/olson/img/footer-back.png HTTP/1.1" 200 16522 "http://stat.villanet.ru/" "Mozilla/5.0 (iPad; CPU OS 9_3_5 like Mac OS X) AppleWebKit/601.1.46 (KHTML, like Gecko) Version/9.0 Mobile/13G36 Safari/601.1"
193.232.113.75 - - [27/Feb/2018:11:17:35 +0300] "GET /data/template/olson/font/open-sans-condensed.woff HTTP/1.1" 200 42824 "http://stat.villanet.ru/" "Mozilla/5.0 (iPad; CPU OS 9_3_5 like Mac OS X) AppleWebKit/601.1.46 (KHTML, like Gecko) Version/9.0 Mobile/13G36 Safari/601.1"
193.232.113.75 - - [27/Feb/2018:11:17:35 +0300] "GET /data/template/olson/font/fontawesome-webfontf77b.woff?v=3.2.1 HTTP/1.1" 200 43572 "http://stat.villanet.ru/" "Mozilla/5.0 (iPad; CPU OS 9_3_5 like Mac OS X) AppleWebKit/601.1.46 (KHTML, like Gecko) Version/9.0 Mobile/13G36 Safari/601.1"
193.232.113.75 - - [27/Feb/2018:11:17:36 +0300] "GET /apple-touch-icon-152x152-precomposed.png HTTP/1.1" 200 51 "-" "MobileSafari/601.1 CFNetwork/758.5.3 Darwin/15.6.0"
193.232.113.75 - - [27/Feb/2018:11:17:36 +0300] "GET /apple-touch-icon-152x152.png HTTP/1.1" 200 51 "-" "MobileSafari/601.1 CFNetwork/758.5.3 Darwin/15.6.0"
193.232.113.75 - - [27/Feb/2018:11:17:36 +0300] "GET /apple-touch-icon.png HTTP/1.1" 200 51 "-" "MobileSafari/601.1 CFNetwork/758.5.3 Darwin/15.6.0"
193.232.113.75 - - [27/Feb/2018:11:17:37 +0300] "GET /apple-touch-icon.png HTTP/1.1" 200 51 "-" "MobileSafari/601.1 CFNetwork/758.5.3 Darwin/15.6.0"
10.10.14.251 - - [27/Feb/2018:11:18:08 +0300] "GET /favicon.ico HTTP/1.1" 200 51 "-" "Mozilla/5.0 (Windows NT 10.0; WOW64) AppleWebKit/537.36 (KHTML, like Gecko) Chrome/63.0.3239.132 YaBrowser/18.1.1.839 Yowser/2.5 Safari/537.36"
193.232.113.73 - - [27/Feb/2018:11:18:26 +0300] "GET /favicon.ico HTTP/1.1" 200 51 "-" "Mozilla/5.0 (Windows NT 6.3; WOW64) AppleWebKit/537.36 (KHTML, like Gecko) Chrome/63.0.3239.132 YaBrowser/18.1.1.839 Yowser/2.5 Safari/537.36"
193.232.113.10 - - [27/Feb/2018:11:18:53 +0300] "GET /res/config.xml HTTP/1.1" 200 2494 "https://mikbill.ru" "Mozilla/4.0 (Windows; U; Windows NT 5.0; En; rv:1.8.0.2) Gecko/20070306 Firefox/1.0.0.4"
193.232.113.10 - - [27/Feb/2018:11:18:53 +0300] "GET /ajax/index/getconfightml HTTP/1.1" 200 774 "https://mikbill.ru" "Mozilla/4.0 (Windows; U; Windows NT 5.0; En; rv:1.8.0.2) Gecko/20070306 Firefox/1.0.0.4"
193.232.113.10 - - [27/Feb/2018:11:18:53 +0300] "GET /ajax/users/checkloggedin HTTP/1.1" 302 5 "https://mikbill.ru" "Mozilla/4.0 (Windows; U; Windows NT 5.0; En; rv:1.8.0.2) Gecko/20070306 Firefox/1.0.0.4"
193.232.113.10 - - [27/Feb/2018:11:18:53 +0300] "POST /ajax/index/authip HTTP/1.1" 200 83 "https://mikbill.ru" "Mozilla/4.0 (Windows; U; Windows NT 5.0; En; rv:1.8.0.2) Gecko/20070306 Firefox/1.0.0.4"
193.232.113.10 - - [27/Feb/2018:11:18:53 +0300] "POST /ajax/index/authfl HTTP/1.1" 200 87 "https://mikbill.ru" "Mozilla/4.0 (Windows; U; Windows NT 5.0; En; rv:1.8.0.2) Gecko/20070306 Firefox/1.0.0.4"
193.232.113.10 - - [27/Feb/2018:11:18:53 +0300] "POST /ajax/users/checkchangemac HTTP/1.1" 200 62 "https://mikbill.ru" "Mozilla/4.0 (Windows; U; Windows NT 5.0; En; rv:1.8.0.2) Gecko/20070306 Firefox/1.0.0.4"
193.232.113.10 - - [27/Feb/2018:11:18:54 +0300] "GET /ajax/users/getuserdatafl HTTP/1.1" 200 4002 "https://mikbill.ru" "Mozilla/4.0 (Windows; U; Windows NT 5.0; En; rv:1.8.0.2) Gecko/20070306 Firefox/1.0.0.4"
193.232.113.10 - - [27/Feb/2018:11:18:54 +0300] "GET /ajax/index/getserverdate HTTP/1.1" 200 57 "https://mikbill.ru" "Mozilla/4.0 (Windows; U; Windows NT 5.0; En; rv:1.8.0.2) Gecko/20070306 Firefox/1.0.0.4"
193.232.113.10 - - [27/Feb/2018:11:18:54 +0300] "GET /ajax/users/getcabinetnewsdb HTTP/1.1" 200 67 "https://mikbill.ru" "Mozilla/4.0 (Windows; U; Windows NT 5.0; En; rv:1.8.0.2) Gecko/20070306 Firefox/1.0.0.4"
193.232.113.10 - - [27/Feb/2018:11:18:54 +0300] "POST /json/users/getallpersonalservicesuser HTTP/1.1" 200 508 "https://mikbill.ru" "Mozilla/4.0 (Windows; U; Windows NT 5.0; En; rv:1.8.0.2) Gecko/20070306 Firefox/1.0.0.4"
193.232.113.10 - - [27/Feb/2018:11:18:54 +0300] "POST /ajax/ticketview/getticketslist2x HTTP/1.1" 200 82 "https://mikbill.ru" "Mozilla/4.0 (Windows; U; Windows NT 5.0; En; rv:1.8.0.2) Gecko/20070306 Firefox/1.0.0.4"
193.232.113.75 - - [27/Feb/2018:11:18:54 +0300] "POST /main.php HTTP/1.1" 200 16331 "http://stat.villanet.ru/" "Mozilla/5.0 (iPad; CPU OS 9_3_5 like Mac OS X) AppleWebKit/601.1.46 (KHTML, like Gecko) Version/9.0 Mobile/13G36 Safari/601.1"
193.232.113.75 - - [27/Feb/2018:11:18:54 +0300] "GET /data/template/olson/css/bootstrap.min.css HTTP/1.1" 304 0 "http://stat.villanet.ru/" "Mozilla/5.0 (iPad; CPU OS 9_3_5 like Mac OS X) AppleWebKit/601.1.46 (KHTML, like Gecko) Version/9.0 Mobile/13G36 Safari/601.1"
193.232.113.75 - - [27/Feb/2018:11:18:54 +0300] "GET /data/template/olson/js/jquery.js HTTP/1.1" 304 0 "http://stat.villanet.ru/" "Mozilla/5.0 (iPad; CPU OS 9_3_5 like Mac OS X) AppleWebKit/601.1.46 (KHTML, like Gecko) Version/9.0 Mobile/13G36 Safari/601.1"
193.232.113.75 - - [27/Feb/2018:11:18:54 +0300] "GET /data/template/olson/js/bootstrap.min.js HTTP/1.1" 304 0 "http://stat.villanet.ru/" "Mozilla/5.0 (iPad; CPU OS 9_3_5 like Mac OS X) AppleWebKit/601.1.46 (KHTML, like Gecko) Version/9.0 Mobile/13G36 Safari/601.1"
193.232.113.75 - - [27/Feb/2018:11:18:54 +0300] "GET /data/template/olson/js/jquery.flot.stack.js HTTP/1.1" 304 0 "http://stat.villanet.ru/" "Mozilla/5.0 (iPad; CPU OS 9_3_5 like Mac OS X) AppleWebKit/601.1.46 (KHTML, like Gecko) Version/9.0 Mobile/13G36 Safari/601.1"
193.232.113.75 - - [27/Feb/2018:11:18:54 +0300] "GET /data/template/olson/js/jquery.flot.js HTTP/1.1" 304 0 "http://stat.villanet.ru/" "Mozilla/5.0 (iPad; CPU OS 9_3_5 like Mac OS X) AppleWebKit/601.1.46 (KHTML, like Gecko) Version/9.0 Mobile/13G36 Safari/601.1"
193.232.113.75 - - [27/Feb/2018:11:18:54 +0300] "GET /data/template/olson/js/jquery-ui-1.10.2.custom.min.js HTTP/1.1" 304 0 "http://stat.villanet.ru/" "Mozilla/5.0 (iPad; CPU OS 9_3_5 like Mac OS X) AppleWebKit/601.1.46 (KHTML, like Gecko) Version/9.0 Mobile/13G36 Safari/601.1"
193.232.113.75 - - [27/Feb/2018:11:18:54 +0300] "GET /data/template/olson/css/bootstrap-switch.css HTTP/1.1" 304 0 "http://stat.villanet.ru/" "Mozilla/5.0 (iPad; CPU OS 9_3_5 like Mac OS X) AppleWebKit/601.1.46 (KHTML, like Gecko) Version/9.0 Mobile/13G36 Safari/601.1"
193.232.113.75 - - [27/Feb/2018:11:18:54 +0300] "GET /data/template/olson/css/font-awesome.min.css HTTP/1.1" 304 0 "http://stat.villanet.ru/" "Mozilla/5.0 (iPad; CPU OS 9_3_5 like Mac OS X) AppleWebKit/601.1.46 (KHTML, like Gecko) Version/9.0 Mobile/13G36 Safari/601.1"
193.232.113.75 - - [27/Feb/2018:11:18:55 +0300] "GET /data/template/olson/img/main-back.png HTTP/1.1" 304 0 "http://stat.villanet.ru/" "Mozilla/5.0 (iPad; CPU OS 9_3_5 like Mac OS X) AppleWebKit/601.1.46 (KHTML, like Gecko) Version/9.0 Mobile/13G36 Safari/601.1"
10.10.14.251 - - [27/Feb/2018:11:19:08 +0300] "GET /favicon.ico HTTP/1.1" 200 51 "-" "Mozilla/5.0 (Windows NT 10.0; WOW64) AppleWebKit/537.36 (KHTML, like Gecko) Chrome/63.0.3239.132 YaBrowser/18.1.1.839 Yowser/2.5 Safari/537.36"
193.232.113.10 - - [27/Feb/2018:11:19:19 +0300] "GET /res/config.xml HTTP/1.1" 200 2494 "https://mikbill.ru" "Mozilla/4.0 (Windows; U; Windows NT 5.0; En; rv:1.8.0.2) Gecko/20070306 Firefox/1.0.0.4"
193.232.113.10 - - [27/Feb/2018:11:19:19 +0300] "GET /ajax/index/getconfightml HTTP/1.1" 200 774 "https://mikbill.ru" "Mozilla/4.0 (Windows; U; Windows NT 5.0; En; rv:1.8.0.2) Gecko/20070306 Firefox/1.0.0.4"
193.232.113.10 - - [27/Feb/2018:11:19:19 +0300] "GET /ajax/users/checkloggedin HTTP/1.1" 200 37 "https://mikbill.ru" "Mozilla/4.0 (Windows; U; Windows NT 5.0; En; rv:1.8.0.2) Gecko/20070306 Firefox/1.0.0.4"
193.232.113.10 - - [27/Feb/2018:11:19:20 +0300] "GET /ajax/users/getuserdatafl HTTP/1.1" 200 4002 "https://mikbill.ru" "Mozilla/4.0 (Windows; U; Windows NT 5.0; En; rv:1.8.0.2) Gecko/20070306 Firefox/1.0.0.4"
193.232.113.10 - - [27/Feb/2018:11:19:20 +0300] "GET /ajax/index/getserverdate HTTP/1.1" 200 57 "https://mikbill.ru" "Mozilla/4.0 (Windows; U; Windows NT 5.0; En; rv:1.8.0.2) Gecko/20070306 Firefox/1.0.0.4"
193.232.113.10 - - [27/Feb/2018:11:19:20 +0300] "POST /json/users/getallpersonalservicesuser HTTP/1.1" 200 508 "https://mikbill.ru" "Mozilla/4.0 (Windows; U; Windows NT 5.0; En; rv:1.8.0.2) Gecko/20070306 Firefox/1.0.0.4"
193.232.113.10 - - [27/Feb/2018:11:19:20 +0300] "POST /ajax/ticketview/getticketslist2x HTTP/1.1" 200 82 "https://mikbill.ru" "Mozilla/4.0 (Windows; U; Windows NT 5.0; En; rv:1.8.0.2) Gecko/20070306 Firefox/1.0.0.4"
193.232.113.75 - - [27/Feb/2018:11:19:20 +0300] "GET /main.php?action=payment HTTP/1.1" 200 31812 "http://stat.villanet.ru/main.php" "Mozilla/5.0 (iPad; CPU OS 9_3_5 like Mac OS X) AppleWebKit/601.1.46 (KHTML, like Gecko) Version/9.0 Mobile/13G36 Safari/601.1"
193.232.113.75 - - [27/Feb/2018:11:19:20 +0300] "GET /data/template/olson/css/jquery.bootstrap-touchspin.css HTTP/1.1" 200 816 "http://stat.villanet.ru/main.php?action=payment" "Mozilla/5.0 (iPad; CPU OS 9_3_5 like Mac OS X) AppleWebKit/601.1.46 (KHTML, like Gecko) Version/9.0 Mobile/13G36 Safari/601.1"
193.232.113.75 - - [27/Feb/2018:11:19:20 +0300] "GET /data/template/olson/js/jquery.bootstrap-touchspin.js HTTP/1.1" 200 24276 "http://stat.villanet.ru/main.php?action=payment" "Mozilla/5.0 (iPad; CPU OS 9_3_5 like Mac OS X) AppleWebKit/601.1.46 (KHTML, like Gecko) Version/9.0 Mobile/13G36 Safari/601.1"
193.232.113.75 - - [27/Feb/2018:11:19:20 +0300] "GET /data/template/olson/js/jquery.autotab.js HTTP/1.1" 200 28309 "http://stat.villanet.ru/main.php?action=payment" "Mozilla/5.0 (iPad; CPU OS 9_3_5 like Mac OS X) AppleWebKit/601.1.46 (KHTML, like Gecko) Version/9.0 Mobile/13G36 Safari/601.1"
193.232.113.73 - - [27/Feb/2018:11:19:26 +0300] "GET /favicon.ico HTTP/1.1" 200 51 "-" "Mozilla/5.0 (Windows NT 6.3; WOW64) AppleWebKit/537.36 (KHTML, like Gecko) Chrome/63.0.3239.132 YaBrowser/18.1.1.839 Yowser/2.5 Safari/537.36"
193.232.113.75 - - [27/Feb/2018:11:19:38 +0300] "POST /pay.php?system=robokassa HTTP/1.1" 200 4885 "http://stat.villanet.ru/main.php?action=payment" "Mozilla/5.0 (iPad; CPU OS 9_3_5 like Mac OS X) AppleWebKit/601.1.46 (KHTML, like Gecko) Version/9.0 Mobile/13G36 Safari/601.1"
10.10.14.251 - - [27/Feb/2018:11:20:08 +0300] "GET /favicon.ico HTTP/1.1" 200 51 "-" "Mozilla/5.0 (Windows NT 10.0; WOW64) AppleWebKit/537.36 (KHTML, like Gecko) Chrome/63.0.3239.132 YaBrowser/18.1.1.839 Yowser/2.5 Safari/537.36"
193.232.113.73 - - [27/Feb/2018:11:20:26 +0300] "GET /favicon.ico HTTP/1.1" 200 51 "-" "Mozilla/5.0 (Windows NT 6.3; WOW64) AppleWebKit/537.36 (KHTML, like Gecko) Chrome/63.0.3239.132 YaBrowser/18.1.1.839 Yowser/2.5 Safari/537.36"
10.10.14.26 - - [27/Feb/2018:11:20:44 +0300] "GET /favicon.ico HTTP/1.1" 200 51 "-" "Mozilla/5.0 (Windows NT 5.1) AppleWebKit/537.36 (KHTML, like Gecko) Chrome/57.0.2987.137 YaBrowser/17.4.1.1026 Yowser/2.5 Safari/537.36"
193.232.113.10 - - [27/Feb/2018:11:21:07 +0300] "GET /res/config.xml HTTP/1.1" 200 2494 "https://mikbill.ru" "Mozilla/4.0 (Windows; U; Windows NT 5.0; En; rv:1.8.0.2) Gecko/20070306 Firefox/1.0.0.4"
193.232.113.10 - - [27/Feb/2018:11:21:07 +0300] "GET /ajax/index/getconfightml HTTP/1.1" 200 774 "https://mikbill.ru" "Mozilla/4.0 (Windows; U; Windows NT 5.0; En; rv:1.8.0.2) Gecko/20070306 Firefox/1.0.0.4"
193.232.113.10 - - [27/Feb/2018:11:21:08 +0300] "GET /ajax/users/checkloggedin HTTP/1.1" 200 37 "https://mikbill.ru" "Mozilla/4.0 (Windows; U; Windows NT 5.0; En; rv:1.8.0.2) Gecko/20070306 Firefox/1.0.0.4"
193.232.113.10 - - [27/Feb/2018:11:21:08 +0300] "GET /ajax/users/getuserdatafl HTTP/1.1" 200 4002 "https://mikbill.ru" "Mozilla/4.0 (Windows; U; Windows NT 5.0; En; rv:1.8.0.2) Gecko/20070306 Firefox/1.0.0.4"
193.232.113.10 - - [27/Feb/2018:11:21:08 +0300] "GET /ajax/index/getserverdate HTTP/1.1" 200 57 "https://mikbill.ru" "Mozilla/4.0 (Windows; U; Windows NT 5.0; En; rv:1.8.0.2) Gecko/20070306 Firefox/1.0.0.4"
